Component: Arm Compiler for Embedded 6.19 Tool: armlink [5e73cb00]

==============================================================================

Section Cross References

    startup_gd32f450_470.o(STACK) refers (Special) to heapauxi.o(.text) for __use_two_region_memory
    startup_gd32f450_470.o(HEAP) refers (Special) to heapauxi.o(.text) for __use_two_region_memory
    startup_gd32f450_470.o(RESET) refers (Special) to heapauxi.o(.text) for __use_two_region_memory
    startup_gd32f450_470.o(RESET) refers to startup_gd32f450_470.o(STACK) for __initial_sp
    startup_gd32f450_470.o(RESET) refers to startup_gd32f450_470.o(.text) for Reset_Handler
    startup_gd32f450_470.o(RESET) refers to lto-llvm-15d1d8.o(.text.SysTick_Handler) for SysTick_Handler
    startup_gd32f450_470.o(RESET) refers to lto-llvm-15d1d8.o(.text.USART1_IRQHandler) for USART1_IRQHandler
    startup_gd32f450_470.o(RESET) refers to lto-llvm-15d1d8.o(.text.USART5_IRQHandler) for USART5_IRQHandler
    startup_gd32f450_470.o(RESET) refers to lto-llvm-15d1d8.o(.text.UART7_IRQHandler) for UART7_IRQHandler
    startup_gd32f450_470.o(.text) refers (Special) to heapauxi.o(.text) for __use_two_region_memory
    startup_gd32f450_470.o(.text) refers to lto-llvm-15d1d8.o(.text.SystemInit) for SystemInit
    startup_gd32f450_470.o(.text) refers to lto-llvm-15d1d8.o(.text.Pre_Init) for Pre_Init
    startup_gd32f450_470.o(.text) refers to __main.o(!!!main) for __main
    startup_gd32f450_470.o(.text) refers to startup_gd32f450_470.o(HEAP) for Heap_Mem
    startup_gd32f450_470.o(.text) refers to startup_gd32f450_470.o(STACK) for Stack_Mem
    use_no_semi_2.o(.text) refers (Special) to use_no_semi.o(.text) for __use_no_semihosting_swi
    malloc.o(.text) refers (Special) to hguard.o(.text) for __heap$guard
    malloc.o(.text) refers (Special) to init_alloc.o(.text) for _init_alloc
    malloc.o(.text) refers to rt_heap_descriptor_intlibspace.o(.text) for __rt_heap_descriptor
    malloc.o(.text) refers to heapstubs.o(.text) for __Heap_Alloc
    free.o(.text) refers (Special) to hguard.o(.text) for __heap$guard
    free.o(.text) refers to rt_heap_descriptor_intlibspace.o(.text) for __rt_heap_descriptor
    free.o(.text) refers to heapstubs.o(.text) for __Heap_Free
    h1_alloc.o(.text) refers (Special) to h1_init.o(.text) for __Heap_Initialize
    h1_alloc.o(.text) refers to rt_heap_descriptor_intlibspace.o(.text) for __rt_heap_descriptor
    h1_alloc.o(.text) refers to init_alloc.o(.text) for __Heap_Full
    h1_free.o(.text) refers to rt_heap_descriptor_intlibspace.o(.text) for __rt_heap_descriptor
    h1_alloc_threads.o(.text) refers (Special) to h1_init.o(.text) for __Heap_Initialize
    h1_alloc_threads.o(.text) refers to init_alloc.o(.text) for __Heap_Full
    h1_alloc_threads.o(.text) refers to rt_heap_descriptor_intlibspace.o(.text) for __rt_heap_descriptor
    h1_free_threads.o(.text) refers to rt_heap_descriptor_intlibspace.o(.text) for __rt_heap_descriptor
    heap2.o(i._FDIterate) refers to heap2.o(.conststring) for .conststring
    heap2.o(i.__Heap_ProvideMemory$realtime) refers to fdtree.o(i._FDTree_Delete) for _FDTree_Delete
    heap2.o(i.__Heap_ProvideMemory$realtime) refers to fdtree.o(i._FDTree_Insert) for _FDTree_Insert
    heap2.o(i.__Heap_Stats$realtime) refers to heap2.o(i._Heap2_StatsIterate) for _Heap2_StatsIterate
    heap2.o(i.__Heap_Valid$realtime) refers to heap2.o(i._FDIterate) for _FDIterate
    heap2.o(i.__Heap_Valid$realtime) refers to heap2.o(.conststring) for .conststring
    heap2.o(i.free$realtime) refers to rt_heap_descriptor_intlibspace.o(.text) for __rt_heap_descriptor
    heap2.o(i.free$realtime) refers to fdtree.o(i._FDTree_Delete) for _FDTree_Delete
    heap2.o(i.free$realtime) refers to fdtree.o(i._FDTree_Insert) for _FDTree_Insert
    heap2.o(i.malloc$realtime) refers to rt_heap_descriptor_intlibspace.o(.text) for __rt_heap_descriptor
    heap2.o(i.malloc$realtime) refers to fdtree.o(i._FDTree_FindFirst) for _FDTree_FindFirst
    heap2.o(i.malloc$realtime) refers to init_alloc.o(.text) for __Heap_Full
    heap2.o(i.malloc$realtime) refers to fdtree.o(i._FDTree_RemoveNode) for _FDTree_RemoveNode
    heap2.o(i.malloc$realtime) refers to fdtree.o(i._FDTree_Insert) for _FDTree_Insert
    heap2.o(i.posix_memalign$realtime) refers to rt_heap_descriptor_intlibspace.o(.text) for __rt_heap_descriptor
    heap2.o(i.posix_memalign$realtime) refers to fdtree.o(i._FDTree_FindFirst) for _FDTree_FindFirst
    heap2.o(i.posix_memalign$realtime) refers to init_alloc.o(.text) for __Heap_Full
    heap2.o(i.posix_memalign$realtime) refers to fdtree.o(i._FDTree_RemoveNode) for _FDTree_RemoveNode
    heap2.o(i.posix_memalign$realtime) refers to fdtree.o(i._FDTree_Insert) for _FDTree_Insert
    heap2.o(i.realloc$realtime) refers to rt_heap_descriptor_intlibspace.o(.text) for __rt_heap_descriptor
    heap2.o(i.realloc$realtime) refers to fdtree.o(i._FDTree_Insert) for _FDTree_Insert
[...]
    __arm_preinit_                            - Undefined Weak Reference
    __arm_relocate_pie_                       - Undefined Weak Reference
    __cpp_initialize__aeabi_                  - Undefined Weak Reference
    __cxa_finalize                            - Undefined Weak Reference
    __sigvec_lookup                           - Undefined Weak Reference
    __user_heap_extent                        - Undefined Weak Reference
    _atexit_init                              - Undefined Weak Reference
    _call_atexit_fns                          - Undefined Weak Reference
    _fp_trap_init                             - Undefined Weak Reference
    _fp_trap_shutdown                         - Undefined Weak Reference
    _get_lc_collate                           - Undefined Weak Reference
    _get_lc_monetary                          - Undefined Weak Reference
    _get_lc_time                              - Undefined Weak Reference
    _handle_redirection                       - Undefined Weak Reference
    _mutex_acquire                            - Undefined Weak Reference
    _mutex_free                               - Undefined Weak Reference
    _mutex_release                            - Undefined Weak Reference
    _printf_mbtowc                            - Undefined Weak Reference
    _printf_wc                                - Undefined Weak Reference
    _rand_init                                - Undefined Weak Reference
    _signal_finish                            - Undefined Weak Reference
    _signal_init                              - Undefined Weak Reference
    __Vectors_Size                           0x000001ac   Number         0  startup_gd32f450_470.o ABSOLUTE
    __Vectors                                0x08000000   Data           4  startup_gd32f450_470.o(RESET)
    __Vectors_End                            0x080001ac   Data           0  startup_gd32f450_470.o(RESET)
    __main                                   0x080001ad   Thumb Code     8  __main.o(!!!main)
    __scatterload                            0x080001b5   Thumb Code     0  __scatter.o(!!!scatter)
    __scatterload_rt2                        0x080001b5   Thumb Code    44  __scatter.o(!!!scatter)
    __scatterload_rt2_thumb_only             0x080001b5   Thumb Code     0  __scatter.o(!!!scatter)
    __scatterload_null                       0x080001c3   Thumb Code     0  __scatter.o(!!!scatter)
    __scatterload_copy                       0x080001e9   Thumb Code    26  __scatter_copy.o(!!handler_copy)
    __scatterload_zeroinit                   0x08000205   Thumb Code    28  __scatter_zi.o(!!handler_zi)
    _printf_n                                0x08000221   Thumb Code     0  _printf_n.o(.ARM.Collect$$_printf_percent$$00000001)
    _printf_percent                          0x08000221   Thumb Code     0  _printf_percent.o(.ARM.Collect$$_printf_percent$$00000000)
    _printf_p                                0x08000227   Thumb Code     0  _printf_p.o(.ARM.Collect$$_printf_percent$$00000002)
    _printf_f                                0x0800022d   Thumb Code     0  _printf_f.o(.ARM.Collect$$_printf_percent$$00000003)
    _printf_e                                0x08000233   Thumb Code     0  _printf_e.o(.ARM.Collect$$_printf_percent$$00000004)
    _printf_g                                0x08000239   Thumb Code     0  _printf_g.o(.ARM.Collect$$_printf_percent$$00000005)
    _printf_a                                0x0800023f   Thumb Code     0  _printf_a.o(.ARM.Collect$$_printf_percent$$00000006)
    _printf_ll                               0x08000245   Thumb Code     0  _printf_ll.o(.ARM.Collect$$_printf_percent$$00000007)
    _printf_i                                0x0800024f   Thumb Code     0  _printf_i.o(.ARM.Collect$$_printf_percent$$00000008)
    _printf_d                                0x08000255   Thumb Code     0  _printf_d.o(.ARM.Collect$$_printf_percent$$00000009)
    _printf_u                                0x0800025b   Thumb Code     0  _printf_u.o(.ARM.Collect$$_printf_percent$$0000000A)
    _printf_o                                0x08000261   Thumb Code     0  _printf_o.o(.ARM.Collect$$_printf_percent$$0000000B)
    _printf_x                                0x08000267   Thumb Code     0  _printf_x.o(.ARM.Collect$$_printf_percent$$0000000C)
    _printf_lli                              0x0800026d   Thumb Code     0  _printf_lli.o(.ARM.Collect$$_printf_percent$$0000000D)
    _printf_lld                              0x08000273   Thumb Code     0  _printf_lld.o(.ARM.Collect$$_printf_percent$$0000000E)
    _printf_llu                              0x08000279   Thumb Code     0  _printf_llu.o(.ARM.Collect$$_printf_percent$$0000000F)
    _printf_llo                              0x0800027f   Thumb Code     0  _printf_llo.o(.ARM.Collect$$_printf_percent$$00000010)
    _printf_llx                              0x08000285   Thumb Code     0  _printf_llx.o(.ARM.Collect$$_printf_percent$$00000011)
    _printf_l                                0x0800028b   Thumb Code     0  _printf_l.o(.ARM.Collect$$_printf_percent$$00000012)
    _printf_c                                0x08000295   Thumb Code     0  _printf_c.o(.ARM.Collect$$_printf_percent$$00000013)
    _printf_s                                0x0800029b   Thumb Code     0  _printf_s.o(.ARM.Collect$$_printf_percent$$00000014)
    _printf_lc                               0x080002a1   Thumb Code     0  _printf_lc.o(.ARM.Collect$$_printf_percent$$00000015)
    _printf_ls                               0x080002a7   Thumb Code     0  _printf_ls.o(.ARM.Collect$$_printf_percent$$00000016)
    _printf_percent_end                      0x080002ad   Thumb Code     0  _printf_percent_end.o(.ARM.Collect$$_printf_percent$$00000017)
    __rt_lib_init                            0x080002b1   Thumb Code     0  libinit.o(.ARM.Collect$$libinit$$00000000)
    __rt_lib_init_fp_1                       0x080002b3   Thumb Code     0  libinit2.o(.ARM.Collect$$libinit$$00000001)
    __rt_lib_init_heap_2                     0x080002b7   Thumb Code     0  libinit2.o(.ARM.Collect$$libinit$$00000007)
    __rt_lib_init_preinit_1                  0x080002b7   Thumb Code     0  libinit2.o(.ARM.Collect$$libinit$$00000006)
    __rt_lib_init_relocate_pie_1             0x080002b7   Thumb Code     0  libinit2.o(.ARM.Collect$$libinit$$00000004)
    __rt_lib_init_heap_1                     0x080002bf   Thumb Code     0  libinit2.o(.ARM.Collect$$libinit$$0000000C)
    __rt_lib_init_lc_common                  0x080002bf   Thumb Code     0  libinit2.o(.ARM.Collect$$libinit$$00000011)
    __rt_lib_init_rand_1                     0x080002bf   Thumb Code     0  libinit2.o(.ARM.Collect$$libinit$$00000010)
    __rt_lib_init_user_alloc_1               0x080002bf   Thumb Code     0  libinit2.o(.ARM.Collect$$libinit$$0000000E)
    __rt_lib_init_lc_collate_1               0x080002c5   Thumb Code     0  libinit2.o(.ARM.Collect$$libinit$$00000013)
    __rt_lib_init_lc_ctype_2                 0x080002c5   Thumb Code     0  libinit2.o(.ARM.Collect$$libinit$$00000014)
    __rt_lib_init_lc_ctype_1                 0x080002d1   Thumb Code     0  libinit2.o(.ARM.Collect$$libinit$$00000015)
    __rt_lib_init_lc_monetary_1              0x080002d1   Thumb Code     0  libinit2.o(.ARM.Collect$$libinit$$00000017)
    __rt_lib_init_lc_numeric_2               0x080002d1   Thumb Code     0  libinit2.o(.ARM.Collect$$libinit$$00000018)
    __rt_lib_init_atexit_1                   0x080002db   Thumb Code     0  libinit2.o(.ARM.Collect$$libinit$$0000001D)
    __rt_lib_init_clock_1                    0x080002db   Thumb Code     0  libinit2.o(.ARM.Collect$$libinit$$00000022)
    __rt_lib_init_fp_trap_1                  0x080002db   Thumb Code     0  libinit2.o(.ARM.Collect$$libinit$$00000021)
    __rt_lib_init_lc_numeric_1               0x080002db   Thumb Code     0  libinit2.o(.ARM.Collect$$libinit$$00000019)
    __rt_lib_init_lc_time_1                  0x080002db   Thumb Code     0  libinit2.o(.ARM.Collect$$libinit$$0000001B)
    __rt_lib_init_signal_1                   0x080002db   Thumb Code     0  libinit2.o(.ARM.Collect$$libinit$$0000001F)
    __rt_lib_init_getenv_1                   0x080002df   Thumb Code     0  libinit2.o(.ARM.Collect$$libinit$$00000024)
    __rt_lib_init_stdio_2                    0x080002e3   Thumb Code     0  libinit2.o(.ARM.Collect$$libinit$$00000026)
    __rt_lib_init_alloca_1                   0x080002e7   Thumb Code     0  libinit2.o(.ARM.Collect$$libinit$$00000030)
    __rt_lib_init_argv_1                     0x080002e7   Thumb Code     0  libinit2.o(.ARM.Collect$$libinit$$0000002E)
    __rt_lib_init_cpp_1                      0x080002e7   Thumb Code     0  libinit2.o(.ARM.Collect$$libinit$$00000034)
    __rt_lib_init_exceptions_1               0x080002e7   Thumb Code     0  libinit2.o(.ARM.Collect$$libinit$$00000032)
    __rt_lib_init_return                     0x080002e7   Thumb Code     0  libinit2.o(.ARM.Collect$$libinit$$00000035)
    __rt_lib_init_stdio_1                    0x080002e7   Thumb Code     0  libinit2.o(.ARM.Collect$$libinit$$00000027)
    __rt_lib_shutdown                        0x080002e9   Thumb Code     0  libshutdown.o(.ARM.Collect$$libshutdown$$00000000)
    __rt_lib_shutdown_cpp_1                  0x080002eb   Thumb Code     0  libshutdown2.o(.ARM.Collect$$libshutdown$$00000002)
    __rt_lib_shutdown_stdio_2                0x080002eb   Thumb Code     0  libshutdown2.o(.ARM.Collect$$libshutdown$$00000003)
    __rt_lib_shutdown_fp_trap_1              0x080002ef   Thumb Code     0  libshutdown2.o(.ARM.Collect$$libshutdown$$00000007)
    __rt_lib_shutdown_heap_1                 0x080002ef   Thumb Code     0  libshutdown2.o(.ARM.Collect$$libshutdown$$0000000F)
    __rt_lib_shutdown_return                 0x080002ef   Thumb Code     0  libshutdown2.o(.ARM.Collect$$libshutdown$$00000010)
    __rt_lib_shutdown_signal_1               0x080002ef   Thumb Code     0  libshutdown2.o(.ARM.Collect$$libshutdown$$0000000A)
    __rt_lib_shutdown_stdio_1                0x080002ef   Thumb Code     0  libshutdown2.o(.ARM.Collect$$libshutdown$$00000004)
    __rt_lib_shutdown_user_alloc_1           0x080002ef   Thumb Code     0  libshutdown2.o(.ARM.Collect$$libshutdown$$0000000C)
    __rt_entry                               0x080002f1   Thumb Code     0  __rtentry.o(.ARM.Collect$$rtentry$$00000000)
    __rt_entry_presh_1                       0x080002f1   Thumb Code     0  __rtentry2.o(.ARM.Collect$$rtentry$$00000002)
    __rt_entry_sh                            0x080002f1   Thumb Code     0  __rtentry4.o(.ARM.Collect$$rtentry$$00000004)
    __rt_entry_li                            0x080002f7   Thumb Code     0  __rtentry2.o(.ARM.Collect$$rtentry$$0000000A)
    __rt_entry_postsh_1                      0x080002f7   Thumb Code     0  __rtentry2.o(.ARM.Collect$$rtentry$$00000009)
    __rt_entry_main                          0x080002fb   Thumb Code     0  __rtentry2.o(.ARM.Collect$$rtentry$$0000000D)
    __rt_entry_postli_1                      0x080002fb   Thumb Code     0  __rtentry2.o(.ARM.Collect$$rtentry$$0000000C)
    __rt_exit                                0x08000303   Thumb Code     0  rtexit.o(.ARM.Collect$$rtexit$$00000000)
    __rt_exit_ls                             0x08000305   Thumb Code     0  rtexit2.o(.ARM.Collect$$rtexit$$00000003)
    __rt_exit_prels_1                        0x08000305   Thumb Code     0  rtexit2.o(.ARM.Collect$$rtexit$$00000002)
    __rt_exit_exit                           0x08000309   Thumb Code     0  rtexit2.o(.ARM.Collect$$rtexit$$00000004)
    Reset_Handler                            0x08000311   Thumb Code    12  startup_gd32f450_470.o(.text)
    NMI_Handler                              0x0800031d   Thumb Code     2  startup_gd32f450_470.o(.text)
    HardFault_Handler                        0x0800031f   Thumb Code     2  startup_gd32f450_470.o(.text)
    MemManage_Handler                        0x08000321   Thumb Code     2  startup_gd32f450_470.o(.text)
    BusFault_Handler                         0x08000323   Thumb Code     2  startup_gd32f450_470.o(.text)
    UsageFault_Handler                       0x08000325   Thumb Code     2  startup_gd32f450_470.o(.text)
    SVC_Handler                              0x08000327   Thumb Code     2  startup_gd32f450_470.o(.text)
    DebugMon_Handler                         0x08000329   Thumb Code     2  startup_gd32f450_470.o(.text)
    PendSV_Handler                           0x0800032b   Thumb Code     2  startup_gd32f450_470.o(.text)
    ADC_IRQHandler                           0x0800032f   Thumb Code     0  startup_gd32f450_470.o(.text)
    CAN0_EWMC_IRQHandler                     0x0800032f   Thumb Code     0  startup_gd32f450_470.o(.text)
    CAN0_RX0_IRQHandler                      0x0800032f   Thumb Code     0  startup_gd32f450_470.o(.text)
    CAN0_RX1_IRQHandler                      0x0800032f   Thumb Code     0  startup_gd32f450_470.o(.text)
    CAN0_TX_IRQHandler                       0x0800032f   Thumb Code     0  startup_gd32f450_470.o(.text)
    CAN1_EWMC_IRQHandler                     0x0800032f   Thumb Code     0  startup_gd32f450_470.o(.text)
    CAN1_RX0_IRQHandler                      0x0800032f   Thumb Code     0  startup_gd32f450_470.o(.text)
    CAN1_RX1_IRQHandler                      0x0800032f   Thumb Code     0  startup_gd32f450_470.o(.text)
    CAN1_TX_IRQHandler                       0x0800032f   Thumb Code     0  startup_gd32f450_470.o(.text)
    DCI_IRQHandler                           0x0800032f   Thumb Code     0  startup_gd32f450_470.o(.text)
    DMA0_Channel0_IRQHandler                 0x0800032f   Thumb Code     0  startup_gd32f450_470.o(.text)
    DMA0_Channel1_IRQHandler                 0x0800032f   Thumb Code     0  startup_gd32f450_470.o(.text)
    DMA0_Channel2_IRQHandler                 0x0800032f   Thumb Code     0  startup_gd32f450_470.o(.text)
    DMA0_Channel3_IRQHandler                 0x0800032f   Thumb Code     0  startup_gd32f450_470.o(.text)
    DMA0_Channel4_IRQHandler                 0x0800032f   Thumb Code     0  startup_gd32f450_470.o(.text)
    DMA0_Channel5_IRQHandler                 0x0800032f   Thumb Code     0  startup_gd32f450_470.o(.text)
    DMA0_Channel6_IRQHandler                 0x0800032f   Thumb Code     0  startup_gd32f450_470.o(.text)
    DMA0_Channel7_IRQHandler                 0x0800032f   Thumb Code     0  startup_gd32f450_470.o(.text)
    DMA1_Channel0_IRQHandler                 0x0800032f   Thumb Code     0  startup_gd32f450_470.o(.text)
    DMA1_Channel1_IRQHandler                 0x0800032f   Thumb Code     0  startup_gd32f450_470.o(.text)
    DMA1_Channel2_IRQHandler                 0x0800032f   Thumb Code     0  startup_gd32f450_470.o(.text)
    DMA1_Channel3_IRQHandler                 0x0800032f   Thumb Code     0  startup_gd32f450_470.o(.text)
    DMA1_Channel4_IRQHandler                 0x0800032f   Thumb Code     0  startup_gd32f450_470.o(.text)
    DMA1_Channel5_IRQHandler                 0x0800032f   Thumb Code     0  startup_gd32f450_470.o(.text)
    DMA1_Channel6_IRQHandler                 0x0800032f   Thumb Code     0  startup_gd32f450_470.o(.text)
    DMA1_Channel7_IRQHandler                 0x0800032f   Thumb Code     0  startup_gd32f450_470.o(.text)
    ENET_IRQHandler                          0x0800032f   Thumb Code     0  startup_gd32f450_470.o(.text)
    ENET_WKUP_IRQHandler                     0x0800032f   Thumb Code     0  startup_gd32f450_470.o(.text)
    EXMC_IRQHandler                          0x0800032f   Thumb Code     0  startup_gd32f450_470.o(.text)
    EXTI0_IRQHandler                         0x0800032f   Thumb Code     0  startup_gd32f450_470.o(.text)
    EXTI10_15_IRQHandler                     0x0800032f   Thumb Code     0  startup_gd32f450_470.o(.text)
    EXTI1_IRQHandler                         0x0800032f   Thumb Code     0  startup_gd32f450_470.o(.text)
    EXTI2_IRQHandler                         0x0800032f   Thumb Code     0  startup_gd32f450_470.o(.text)
    EXTI3_IRQHandler                         0x0800032f   Thumb Code     0  startup_gd32f450_470.o(.text)
    EXTI4_IRQHandler                         0x0800032f   Thumb Code     0  startup_gd32f450_470.o(.text)
    EXTI5_9_IRQHandler                       0x0800032f   Thumb Code     0  startup_gd32f450_470.o(.text)
    FMC_IRQHandler                           0x0800032f   Thumb Code     0  startup_gd32f450_470.o(.text)
    FPU_IRQHandler                           0x0800032f   Thumb Code     0  startup_gd32f450_470.o(.text)
    I2C0_ER_IRQHandler                       0x0800032f   Thumb Code     0  startup_gd32f450_470.o(.text)
    I2C0_EV_IRQHandler                       0x0800032f   Thumb Code     0  startup_gd32f450_470.o(.text)
    I2C1_ER_IRQHandler                       0x0800032f   Thumb Code     0  startup_gd32f450_470.o(.text)
    I2C1_EV_IRQHandler                       0x0800032f   Thumb Code     0  startup_gd32f450_470.o(.text)
    I2C2_ER_IRQHandler                       0x0800032f   Thumb Code     0  startup_gd32f450_470.o(.text)
    I2C2_EV_IRQHandler                       0x0800032f   Thumb Code     0  startup_gd32f450_470.o(.text)
    IPA_IRQHandler                           0x0800032f   Thumb Code     0  startup_gd32f450_470.o(.text)
    LVD_IRQHandler                           0x0800032f   Thumb Code     0  startup_gd32f450_470.o(.text)
    RCU_CTC_IRQHandler                       0x0800032f   Thumb Code     0  startup_gd32f450_470.o(.text)
    RTC_Alarm_IRQHandler                     0x0800032f   Thumb Code     0  startup_gd32f450_470.o(.text)
    RTC_WKUP_IRQHandler                      0x0800032f   Thumb Code     0  startup_gd32f450_470.o(.text)
    SDIO_IRQHandler                          0x0800032f   Thumb Code     0  startup_gd32f450_470.o(.text)
    SPI0_IRQHandler                          0x0800032f   Thumb Code     0  startup_gd32f450_470.o(.text)
    SPI1_IRQHandler                          0x0800032f   Thumb Code     0  startup_gd32f450_470.o(.text)
    SPI2_IRQHandler                          0x0800032f   Thumb Code     0  startup_gd32f450_470.o(.text)
    SPI3_IRQHandler                          0x0800032f   Thumb Code     0  startup_gd32f450_470.o(.text)
    SPI4_IRQHandler                          0x0800032f   Thumb Code     0  startup_gd32f450_470.o(.text)
    SPI5_IRQHandler                          0x0800032f   Thumb Code     0  startup_gd32f450_470.o(.text)
    TAMPER_STAMP_IRQHandler                  0x0800032f   Thumb Code     0  startup_gd32f450_470.o(.text)
    TIMER0_BRK_TIMER8_IRQHandler             0x0800032f   Thumb Code     0  startup_gd32f450_470.o(.text)
    TIMER0_Channel_IRQHandler                0x0800032f   Thumb Code     0  startup_gd32f450_470.o(.text)
    TIMER0_TRG_CMT_TIMER10_IRQHandler        0x0800032f   Thumb Code     0  startup_gd32f450_470.o(.text)
    TIMER0_UP_TIMER9_IRQHandler              0x0800032f   Thumb Code     0  startup_gd32f450_470.o(.text)
    TIMER1_IRQHandler                        0x0800032f   Thumb Code     0  startup_gd32f450_470.o(.text)
    TIMER2_IRQHandler                        0x0800032f   Thumb Code     0  startup_gd32f450_470.o(.text)
    TIMER3_IRQHandler                        0x0800032f   Thumb Code     0  startup_gd32f450_470.o(.text)
    TIMER4_IRQHandler                        0x0800032f   Thumb Code     0  startup_gd32f450_470.o(.text)
    TIMER5_DAC_IRQHandler                    0x0800032f   Thumb Code     0  startup_gd32f450_470.o(.text)
    TIMER6_IRQHandler                        0x0800032f   Thumb Code     0  startup_gd32f450_470.o(.text)
    TIMER7_BRK_TIMER11_IRQHandler            0x0800032f   Thumb Code     0  startup_gd32f450_470.o(.text)
    TIMER7_Channel_IRQHandler                0x0800032f   Thumb Code     0  startup_gd32f450_470.o(.text)
    TIMER7_TRG_CMT_TIMER13_IRQHandler        0x0800032f   Thumb Code     0  startup_gd32f450_470.o(.text)
    TIMER7_UP_TIMER12_IRQHandler             0x0800032f   Thumb Code     0  startup_gd32f450_470.o(.text)
    TLI_ER_IRQHandler                        0x0800032f   Thumb Code     0  startup_gd32f450_470.o(.text)
    TLI_IRQHandler                           0x0800032f   Thumb Code     0  startup_gd32f450_470.o(.text)
    TRNG_IRQHandler                          0x0800032f   Thumb Code     0  startup_gd32f450_470.o(.text)
    UART3_IRQHandler                         0x0800032f   Thumb Code     0  startup_gd32f450_470.o(.text)
    UART4_IRQHandler                         0x0800032f   Thumb Code     0  startup_gd32f450_470.o(.text)
    UART6_IRQHandler                         0x0800032f   Thumb Code     0  startup_gd32f450_470.o(.text)
    USART0_IRQHandler                        0x0800032f   Thumb Code     0  startup_gd32f450_470.o(.text)
    USART2_IRQHandler                        0x0800032f   Thumb Code     0  startup_gd32f450_470.o(.text)
    USBFS_IRQHandler                         0x0800032f   Thumb Code     0  startup_gd32f450_470.o(.text)
    USBFS_WKUP_IRQHandler                    0x0800032f   Thumb Code     0  startup_gd32f450_470.o(.text)
    USBHS_EP1_In_IRQHandler                  0x0800032f   Thumb Code     0  startup_gd32f450_470.o(.text)
    USBHS_EP1_Out_IRQHandler                 0x0800032f   Thumb Code     0  startup_gd32f450_470.o(.text)
    USBHS_IRQHandler                         0x0800032f   Thumb Code     0  startup_gd32f450_470.o(.text)
    USBHS_WKUP_IRQHandler                    0x0800032f   Thumb Code     0  startup_gd32f450_470.o(.text)
    WWDGT_IRQHandler                         0x0800032f   Thumb Code     0  startup_gd32f450_470.o(.text)
    __user_initial_stackheap                 0x08000331   Thumb Code    10  startup_gd32f450_470.o(.text)
    __use_no_semihosting                     0x08000359   Thumb Code     2  use_no_semi_2.o(.text)
    malloc                                   0x0800035b   Thumb Code    94  h1_alloc.o(.text)
    free                                     0x080003b9   Thumb Code    78  h1_free.o(.text)
    toupper                                  0x08000407   Thumb Code    30  toupper.o(.text)
    vprintf                                  0x08000425   Thumb Code     8  vprintf.o(.text)
    __2printf                                0x08000431   Thumb Code    20  __2printf.o(.text)
    __2sprintf                               0x08000449   Thumb Code    38  __2sprintf.o(.text)
    __2snprintf                              0x08000475   Thumb Code    58  __2snprintf.o(.text)
    _printf_pre_padding                      0x080004b5   Thumb Code    44  _printf_pad.o(.text)
    _printf_post_padding                     0x080004e1   Thumb Code    34  _printf_pad.o(.text)
    _printf_str                              0x08000503   Thumb Code    82  _printf_str.o(.text)
    _printf_int_dec                          0x08000555   Thumb Code   104  _printf_dec.o(.text)
    _printf_longlong_hex                     0x080005cd   Thumb Code    86  _printf_hex_int_ll_ptr.o(.text)
    _printf_int_hex                          0x08000623   Thumb Code    28  _printf_hex_int_ll_ptr.o(.text)
    _printf_ll_hex                           0x0800063f   Thumb Code    12  _printf_hex_int_ll_ptr.o(.text)
    _printf_hex_ptr                          0x0800064b   Thumb Code    18  _printf_hex_int_ll_ptr.o(.text)
    __printf                                 0x08000661   Thumb Code   388  __printf_flags_ss_wp.o(.text)
    __aeabi_assert                           0x080007e9   Thumb Code    86  assert.o(.text)
    __assert                                 0x080007e9   Thumb Code     0  assert.o(.text)
    strcspn                                  0x08000869   Thumb Code    32  strcspn.o(.text)
    strspn                                   0x08000889   Thumb Code    28  strspn.o(.text)
    memcmp                                   0x080008a5   Thumb Code    88  memcmp.o(.text)
    _localtime_r                             0x080008fd   Thumb Code   178  localtime_internal.o(.text)
    _n$localtime_r                           0x080008fd   Thumb Code     0  localtime_internal.o(.text)
    __use_two_region_memory                  0x080009b5   Thumb Code     2  heapauxi.o(.text)
    __rt_heap_escrow                         0x080009b7   Thumb Code     2  heapauxi.o(.text)
    __rt_heap_expand                         0x080009b9   Thumb Code     2  heapauxi.o(.text)
    __semihosting$guard                      0x080009bb   Thumb Code     0  use_no_semi.o(.text)
    __use_no_semihosting_swi                 0x080009bb   Thumb Code     2  use_no_semi.o(.text)
    __rt_ctype_table                         0x080009bd   Thumb Code    16  rt_ctype_table.o(.text)
    __rt_heap_descriptor                     0x080009cd   Thumb Code     8  rt_heap_descriptor_intlibspace.o(.text)
    __use_no_heap                            0x080009d5   Thumb Code     2  hguard.o(.text)
    __heap$guard                             0x080009d7   Thumb Code     2  hguard.o(.text)
    _terminate_user_alloc                    0x080009d9   Thumb Code     2  init_alloc.o(.text)
    _init_user_alloc                         0x080009db   Thumb Code     2  init_alloc.o(.text)
    __Heap_Full                              0x080009dd   Thumb Code    34  init_alloc.o(.text)
    __Heap_Broken                            0x080009ff   Thumb Code     6  init_alloc.o(.text)
    _init_alloc                              0x08000a05   Thumb Code    94  init_alloc.o(.text)
    __Heap_Initialize                        0x08000a63   Thumb Code    10  h1_init.o(.text)
    __Heap_DescSize                          0x08000a6d   Thumb Code     4  h1_init.o(.text)
    _printf_truncate_signed                  0x08000a71   Thumb Code    18  _printf_truncate.o(.text)
    _printf_truncate_unsigned                0x08000a83   Thumb Code    18  _printf_truncate.o(.text)
    _printf_int_common                       0x08000a95   Thumb Code   178  _printf_intcommon.o(.text)
    _printf_charcount                        0x08000b47   Thumb Code    40  _printf_charcount.o(.text)
    _printf_char_common                      0x08000b7b   Thumb Code    32  _printf_char_common.o(.text)
    _sputc                                   0x08000ba1   Thumb Code    10  _sputc.o(.text)
    _snputc                                  0x08000bab   Thumb Code    16  _snputc.o(.text)
    _printf_cs_common                        0x08000bbb   Thumb Code    20  _printf_char.o(.text)
    _printf_char                             0x08000bcf   Thumb Code    16  _printf_char.o(.text)
    _printf_string                           0x08000bdf   Thumb Code     8  _printf_char.o(.text)
    _printf_char_file                        0x08000be9   Thumb Code    32  _printf_char_file.o(.text)
    _printf_wctomb                           0x08000c0d   Thumb Code   182  _printf_wctomb.o(.text)
    _printf_longlong_dec                     0x08000cc9   Thumb Code   108  _printf_longlong_dec.o(.text)
    _printf_longlong_oct                     0x08000d45   Thumb Code    68  _printf_oct_int_ll.o(.text)
    _printf_int_oct                          0x08000d89   Thumb Code    24  _printf_oct_int_ll.o(.text)
    _printf_ll_oct                           0x08000da1   Thumb Code    12  _printf_oct_int_ll.o(.text)
    abort                                    0x08000db5   Thumb Code    22  abort.o(.text)
    __aeabi_memcpy4                          0x08000dcb   Thumb Code     0  rt_memcpy_w.o(.text)
    __aeabi_memcpy8                          0x08000dcb   Thumb Code     0  rt_memcpy_w.o(.text)
    __rt_memcpy_w                            0x08000dcb   Thumb Code   100  rt_memcpy_w.o(.text)
    _memcpy_lastbytes_aligned                0x08000e13   Thumb Code     0  rt_memcpy_w.o(.text)
    __aeabi_memclr                           0x08000e2f   Thumb Code     0  rt_memclr.o(.text)
    __rt_memclr                              0x08000e2f   Thumb Code     0  rt_memclr.o(.text)
    _memset                                  0x08000e33   Thumb Code    64  rt_memclr.o(.text)
    __aeabi_memclr4                          0x08000e73   Thumb Code     0  rt_memclr_w.o(.text)
    __aeabi_memclr8                          0x08000e73   Thumb Code     0  rt_memclr_w.o(.text)
    __rt_memclr_w                            0x08000e73   Thumb Code     0  rt_memclr_w.o(.text)
    _memset_w                                0x08000e77   Thumb Code    74  rt_memclr_w.o(.text)
    __user_libspace                          0x08000ec1   Thumb Code     8  libspace.o(.text)
    __user_perproc_libspace                  0x08000ec1   Thumb Code     0  libspace.o(.text)
    __user_perthread_libspace                0x08000ec1   Thumb Code     0  libspace.o(.text)
    __rt_locale                              0x08000ec9   Thumb Code     8  rt_locale_intlibspace.o(.text)
    __Heap_ProvideMemory                     0x08000ed1   Thumb Code    52  h1_extend.o(.text)
    _maybe_terminate_alloc                   0x08000ed1   Thumb Code     0  maybetermalloc1.o(.text)
    _ll_udiv10                               0x08000f05   Thumb Code   138  lludiv10.o(.text)
    _printf_fp_dec_real                      0x0800113f   Thumb Code   620  _printf_fp_dec.o(.text)
    _printf_fp_hex_real                      0x080013ad   Thumb Code   756  _printf_fp_hex.o(.text)
    _printf_lcs_common                       0x080016a9   Thumb Code    20  _printf_wchar.o(.text)
    _printf_wchar                            0x080016bd   Thumb Code    16  _printf_wchar.o(.text)
    _printf_wstring                          0x080016cd   Thumb Code     8  _printf_wchar.o(.text)
    ferror                                   0x080016d5   Thumb Code     8  ferror.o(.text)
    _initio                                  0x080016dd   Thumb Code   210  initio.o(.text)
    _terminateio                             0x080017af   Thumb Code    56  initio.o(.text)
    _c16rtomb                                0x08001815   Thumb Code    72  _c16rtomb.o(.text)
    _wcrtomb                                 0x08001815   Thumb Code     0  _c16rtomb.o(.text)
    __rt_SIGABRT                             0x0800185d   Thumb Code    14  defsig_abrt_outer.o(.text)
    __rt_SIGRTMEM                            0x0800186b   Thumb Code    14  defsig_rtmem_outer.o(.text)
    __user_setup_stackheap                   0x08001879   Thumb Code    74  sys_stackheap_outer.o(.text)
    _printf_fp_infnan                        0x080018c5   Thumb Code   112  _printf_fp_infnan.o(.text)
    _btod_etento                             0x08001945   Thumb Code   224  bigflt0.o(.text)
    __flsbuf                                 0x08001a29   Thumb Code   482  flsbuf.o(.text)
    __flsbuf_byte                            0x08001a29   Thumb Code     0  flsbuf.o(.text)
    __flsbuf_wide                            0x08001a29   Thumb Code     0  flsbuf.o(.text)
    setvbuf                                  0x08001c0b   Thumb Code    70  setvbuf.o(.text)
    freopen                                  0x08001c51   Thumb Code   160  fopen.o(.text)
    fopen                                    0x08001cf1   Thumb Code    74  fopen.o(.text)
    _fclose_internal                         0x08001d41   Thumb Code    76  fclose.o(.text)
    fclose                                   0x08001d41   Thumb Code     0  fclose.o(.text)
    exit                                     0x08001d8d   Thumb Code    18  exit.o(.text)
    __sig_exit                               0x08001d9f   Thumb Code    10  defsig_exit.o(.text)
    __rt_SIGABRT_inner                       0x08001da9   Thumb Code    14  defsig_abrt_inner.o(.text)
    __rt_SIGRTRED                            0x08001dd9   Thumb Code    14  defsig_rtred_outer.o(.text)
    __rt_SIGRTMEM_inner                      0x08001de9   Thumb Code    22  defsig_rtmem_inner.o(.text)
    strcmp                                   0x08001e39   Thumb Code   124  strcmpv7em.o(.text)
    _fseek                                   0x08001eb5   Thumb Code   242  fseek.o(.text)
    fseek                                    0x08001eb5   Thumb Code     0  fseek.o(.text)
    _seterr                                  0x08001fad   Thumb Code    20  stdio.o(.text)
    _writebuf                                0x08001fc1   Thumb Code   108  stdio.o(.text)
    _fflush                                  0x0800202d   Thumb Code    70  stdio.o(.text)
    _deferredlazyseek                        0x08002073   Thumb Code    60  stdio.o(.text)
    __default_signal_display                 0x080020b5   Thumb Code    50  defsig_general.o(.text)
    __rt_SIGRTRED_inner                      0x080020e9   Thumb Code    14  defsig_rtred_inner.o(.text)
    __assert_puts                            0x0800211d   Thumb Code    18  assert_stdio.o(.text)
    _do_fflush                               0x08002135   Thumb Code    54  fflush.o(.text)
    fflush                                   0x0800216b   Thumb Code    42  fflush.o(.text)
    fputs                                    0x08002199   Thumb Code    34  fputs.o(.text)
    _ftell_internal                          0x080021bb   Thumb Code    66  ftell.o(.text)
    ftell                                    0x080021bb   Thumb Code     0  ftell.o(.text)
    __aeabi_memcpy                           0x080021fd   Thumb Code     0  rt_memcpy_v6.o(.text)
    __rt_memcpy                              0x080021fd   Thumb Code   138  rt_memcpy_v6.o(.text)
    _memcpy_lastbytes                        0x08002263   Thumb Code     0  rt_memcpy_v6.o(.text)
    __aeabi_errno_addr                       0x08002289   Thumb Code     8  rt_errno_addr_intlibspace.o(.text)
    __errno$intlibspace                      0x08002289   Thumb Code     0  rt_errno_addr_intlibspace.o(.text)
    __rt_errno_addr$intlibspace              0x08002289   Thumb Code     0  rt_errno_addr_intlibspace.o(.text)
    __aeabi_uldivmod                         0x08002291   Thumb Code     0  lludivv7m.o(.text)
    _ll_udiv                                 0x08002291   Thumb Code   240  lludivv7m.o(.text)
    __aeabi_memset                           0x08002381   Thumb Code    16  aeabi_memset.o(.text)
    Pre_Init                                 0x0800293d   Thumb Code   176  lto-llvm-15d1d8.o(.text.Pre_Init)
    SysTick_Handler                          0x08002b51   Thumb Code    20  lto-llvm-15d1d8.o(.text.SysTick_Handler)
    SystemInit                               0x08002b65   Thumb Code   256  lto-llvm-15d1d8.o(.text.SystemInit)
    UART7_IRQHandler                         0x08002d15   Thumb Code     6  lto-llvm-15d1d8.o(.text.UART7_IRQHandler)
    USART1_IRQHandler                        0x08002d1b   Thumb Code     6  lto-llvm-15d1d8.o(.text.USART1_IRQHandler)
    USART5_IRQHandler                        0x08002d21   Thumb Code     6  lto-llvm-15d1d8.o(.text.USART5_IRQHandler)
    _sys_exit                                0x08002d4d   Thumb Code     2  lto-llvm-15d1d8.o(.text._sys_exit)
    _ttywrch                                 0x08002d4f   Thumb Code     2  lto-llvm-15d1d8.o(.text._ttywrch)
    main                                     0x08006e69   Thumb Code  6888  lto-llvm-15d1d8.o(.text.main)
    _btod_d2e                                0x08008f79   Thumb Code    62  btod.o(CL$$btod_d2e)
    _d2e_denorm_low                          0x08008fb7   Thumb Code    70  btod.o(CL$$btod_d2e_denorm_low)
    _d2e_norm_op1                            0x08008ffd   Thumb Code    96  btod.o(CL$$btod_d2e_norm_op1)
    __btod_div_common                        0x0800905d   Thumb Code   696  btod.o(CL$$btod_div_common)
    _e2e                                     0x08009395   Thumb Code   220  btod.o(CL$$btod_e2e)
    _btod_ediv                               0x08009471   Thumb Code    42  btod.o(CL$$btod_ediv)
    _btod_emul                               0x0800949b   Thumb Code    42  btod.o(CL$$btod_emul)
    __btod_mult_common                       0x080094c5   Thumb Code   580  btod.o(CL$$btod_mult_common)
    __ARM_fpclassify                         0x08009709   Thumb Code    48  fpclassify.o(i.__ARM_fpclassify)
    _is_digit                                0x08009739   Thumb Code    14  __printf_wp.o(i._is_digit)
    fputc                                    0x08009747   Thumb Code    28  fputc.o(i.fputc)
    _get_lc_ctype                            0x08009765   Thumb Code    44  lc_ctype_c.o(locale$$code)
    _get_lc_numeric                          0x08009791   Thumb Code    44  lc_numeric_c.o(locale$$code)
    __aeabi_ul2f                             0x080097bd   Thumb Code     0  ffltll_clz.o(x$fpl$ffltll)
    _ll_uto_f                                0x080097bd   Thumb Code     6  ffltll_clz.o(x$fpl$ffltll)
    __aeabi_l2f                              0x080097c3   Thumb Code     0  ffltll_clz.o(x$fpl$ffltll)
    _ll_sto_f                                0x080097c3   Thumb Code    90  ffltll_clz.o(x$fpl$ffltll)
    _fp_init                                 0x0800981d   Thumb Code    26  fpinit.o(x$fpl$fpinit)
    __fplib_config_fpu_vfp                   0x08009835   Thumb Code     0  fpinit.o(x$fpl$fpinit)
    __fplib_config_pureend_doubles           0x08009835   Thumb Code     0  fpinit.o(x$fpl$fpinit)
    _printf_fp_dec                           0x08009837   Thumb Code     4  printf1.o(x$fpl$printf1)
    _printf_fp_hex                           0x0800983b   Thumb Code     4  printf2.o(x$fpl$printf2)
    __I$use$fp                               0x0800983e   Number         0  usenofp.o(x$fpl$usenofp)
    _monlen                                  0x08009880   Data          12  _monlen.o(.constdata)
    __stderr_name                            0x080099ac   Data           4  lto-llvm-15d1d8.o(.rodata.__stderr_name)
    __stdin_name                             0x080099b0   Data           4  lto-llvm-15d1d8.o(.rodata.__stdin_name)
    __stdout_name                            0x080099b4   Data           4  lto-llvm-15d1d8.o(.rodata.__stdout_name)
    Region$$Table$$Base                      0x0800ae90   Number         0  anon$$obj.o(Region$$Table)
    Region$$Table$$Limit                     0x0800aeb0   Number         0  anon$$obj.o(Region$$Table)
    __ctype                                  0x0800aebd   Data           0  lc_ctype_c.o(locale$$data)
    __aeabi_stdin                            0x20000000   Data           4  stdio_streams.o(.data)
    __aeabi_stdout                           0x20000004   Data           4  stdio_streams.o(.data)
    __aeabi_stderr                           0x20000008   Data           4  stdio_streams.o(.data)
    __stdin                                  0x20000068   Data          84  stdio_streams.o(.bss)
    __stdout                                 0x200000bc   Data          84  stdio_streams.o(.bss)
    __stderr                                 0x20000110   Data          84  stdio_streams.o(.bss)
    __libspace_start                         0x20000164   Data          96  libspace.o(.bss)
    __temporary_stack_top$libspace           0x200001c4   Data           0  libspace.o(.bss)



==============================================================================

Memory Map of the image

  Image Entry point : 0x080001ad

  Load Region LR_IROM1 (Base: 0x08000000, Size: 0x0000b048, Max: 0x00020000, ABSOLUTE)

    Execution Region ER_IROM1 (Exec base: 0x08000000, Load base: 0x08000000, Size: 0x0000afdc, Max: 0x00020000, ABSOLUTE)

    Exec Addr    Load Addr    Size         Type   Attr      Idx    E Section Name        Object

    0x08000000   0x08000000   0x000001ac   Data   RO           43    RESET               startup_gd32f450_470.o
    0x080001ac   0x080001ac   0x00000008   Code   RO          204  * !!!main             c_w.l(__main.o)
    0x080001b4   0x080001b4   0x00000034   Code   RO          956    !!!scatter          c_w.l(__scatter.o)
    0x080001e8   0x080001e8   0x0000001a   Code   RO          958    !!handler_copy      c_w.l(__scatter_copy.o)
    0x08000202   0x08000202   0x00000002   PAD
    0x08000204   0x08000204   0x0000001c   Code   RO          960    !!handler_zi        c_w.l(__scatter_zi.o)
    0x08000220   0x08000220   0x00000000   Code   RO          187    .ARM.Collect$$_printf_percent$$00000000  c_w.l(_printf_percent.o)
    0x08000220   0x08000220   0x00000006   Code   RO          263    .ARM.Collect$$_printf_percent$$00000001  c_w.l(_printf_n.o)
    0x08000226   0x08000226   0x00000006   Code   RO          264    .ARM.Collect$$_printf_percent$$00000002  c_w.l(_printf_p.o)
    0x0800022c   0x0800022c   0x00000006   Code   RO          267    .ARM.Collect$$_printf_percent$$00000003  c_w.l(_printf_f.o)
    0x08000232   0x08000232   0x00000006   Code   RO          268    .ARM.Collect$$_printf_percent$$00000004  c_w.l(_printf_e.o)
    0x08000238   0x08000238   0x00000006   Code   RO          269    .ARM.Collect$$_printf_percent$$00000005  c_w.l(_printf_g.o)
    0x0800023e   0x0800023e   0x00000006   Code   RO          270    .ARM.Collect$$_printf_percent$$00000006  c_w.l(_printf_a.o)
    0x08000244   0x08000244   0x0000000a   Code   RO          275    .ARM.Collect$$_printf_percent$$00000007  c_w.l(_printf_ll.o)
    0x0800024e   0x0800024e   0x00000006   Code   RO          266    .ARM.Collect$$_printf_percent$$00000008  c_w.l(_printf_i.o)
    0x08000254   0x08000254   0x00000006   Code   RO          185    .ARM.Collect$$_printf_percent$$00000009  c_w.l(_printf_d.o)
    0x0800025a   0x0800025a   0x00000006   Code   RO          186    .ARM.Collect$$_printf_percent$$0000000A  c_w.l(_printf_u.o)
    0x08000260   0x08000260   0x00000006   Code   RO          265    .ARM.Collect$$_printf_percent$$0000000B  c_w.l(_printf_o.o)
    0x08000266   0x08000266   0x00000006   Code   RO          184    .ARM.Collect$$_printf_percent$$0000000C  c_w.l(_printf_x.o)
    0x0800026c   0x0800026c   0x00000006   Code   RO          272    .ARM.Collect$$_printf_percent$$0000000D  c_w.l(_printf_lli.o)
    0x08000272   0x08000272   0x00000006   Code   RO          273    .ARM.Collect$$_printf_percent$$0000000E  c_w.l(_printf_lld.o)
    0x08000278   0x08000278   0x00000006   Code   RO          274    .ARM.Collect$$_printf_percent$$0000000F  c_w.l(_printf_llu.o)
    0x0800027e   0x0800027e   0x00000006   Code   RO          279    .ARM.Collect$$_printf_percent$$00000010  c_w.l(_printf_llo.o)
    0x08000284   0x08000284   0x00000006   Code   RO          280    .ARM.Collect$$_printf_percent$$00000011  c_w.l(_printf_llx.o)
    0x0800028a   0x0800028a   0x0000000a   Code   RO          276    .ARM.Collect$$_printf_percent$$00000012  c_w.l(_printf_l.o)
    0x08000294   0x08000294   0x00000006   Code   RO          182    .ARM.Collect$$_printf_percent$$00000013  c_w.l(_printf_c.o)
    0x0800029a   0x0800029a   0x00000006   Code   RO          183    .ARM.Collect$$_printf_percent$$00000014  c_w.l(_printf_s.o)
    0x080002a0   0x080002a0   0x00000006   Code   RO          277    .ARM.Collect$$_printf_percent$$00000015  c_w.l(_printf_lc.o)
    0x080002a6   0x080002a6   0x00000006   Code   RO          278    .ARM.Collect$$_printf_percent$$00000016  c_w.l(_printf_ls.o)
    0x080002ac   0x080002ac   0x00000004   Code   RO          271    .ARM.Collect$$_printf_percent$$00000017  c_w.l(_printf_percent_end.o)
    0x080002b0   0x080002b0   0x00000002   Code   RO          507    .ARM.Collect$$libinit$$00000000  c_w.l(libinit.o)
    0x080002b2   0x080002b2   0x00000004   Code   RO          300    .ARM.Collect$$libinit$$00000001  c_w.l(libinit2.o)
    0x080002b6   0x080002b6   0x00000000   Code   RO          303    .ARM.Collect$$libinit$$00000004  c_w.l(libinit2.o)
    0x080002b6   0x080002b6   0x00000000   Code   RO          305    .ARM.Collect$$libinit$$00000006  c_w.l(libinit2.o)
    0x080002b6   0x080002b6   0x00000008   Code   RO          306    .ARM.Collect$$libinit$$00000007  c_w.l(libinit2.o)
    0x080002be   0x080002be   0x00000000   Code   RO          308    .ARM.Collect$$libinit$$0000000C  c_w.l(libinit2.o)
    0x080002be   0x080002be   0x00000000   Code   RO          310    .ARM.Collect$$libinit$$0000000E  c_w.l(libinit2.o)
    0x080002be   0x080002be   0x00000000   Code   RO          312    .ARM.Collect$$libinit$$00000010  c_w.l(libinit2.o)
    0x080002be   0x080002be   0x00000006   Code   RO          313    .ARM.Collect$$libinit$$00000011  c_w.l(libinit2.o)
    0x080002c4   0x080002c4   0x00000000   Code   RO          315    .ARM.Collect$$libinit$$00000013  c_w.l(libinit2.o)
    0x080002c4   0x080002c4   0x0000000c   Code   RO          316    .ARM.Collect$$libinit$$00000014  c_w.l(libinit2.o)
    0x080002d0   0x080002d0   0x00000000   Code   RO          317    .ARM.Collect$$libinit$$00000015  c_w.l(libinit2.o)
    0x080002d0   0x080002d0   0x00000000   Code   RO          319    .ARM.Collect$$libinit$$00000017  c_w.l(libinit2.o)
    0x080002d0   0x080002d0   0x0000000a   Code   RO          320    .ARM.Collect$$libinit$$00000018  c_w.l(libinit2.o)
    0x080002da   0x080002da   0x00000000   Code   RO          321    .ARM.Collect$$libinit$$00000019  c_w.l(libinit2.o)
    0x080002da   0x080002da   0x00000000   Code   RO          323    .ARM.Collect$$libinit$$0000001B  c_w.l(libinit2.o)
    0x080002da   0x080002da   0x00000000   Code   RO          325    .ARM.Collect$$libinit$$0000001D  c_w.l(libinit2.o)
    0x080002da   0x080002da   0x00000000   Code   RO          327    .ARM.Collect$$libinit$$0000001F  c_w.l(libinit2.o)
    0x080002da   0x080002da   0x00000000   Code   RO          329    .ARM.Collect$$libinit$$00000021  c_w.l(libinit2.o)
    0x080002da   0x080002da   0x00000004   Code   RO          330    .ARM.Collect$$libinit$$00000022  c_w.l(libinit2.o)
    0x080002de   0x080002de   0x00000004   Code   RO          332    .ARM.Collect$$libinit$$00000024  c_w.l(libinit2.o)
    0x080002e2   0x080002e2   0x00000004   Code   RO          334    .ARM.Collect$$libinit$$00000026  c_w.l(libinit2.o)
    0x080002e6   0x080002e6   0x00000000   Code   RO          335    .ARM.Collect$$libinit$$00000027  c_w.l(libinit2.o)
    0x080002e6   0x080002e6   0x00000000   Code   RO          339    .ARM.Collect$$libinit$$0000002E  c_w.l(libinit2.o)
    0x080002e6   0x080002e6   0x00000000   Code   RO          341    .ARM.Collect$$libinit$$00000030  c_w.l(libinit2.o)
    0x080002e6   0x080002e6   0x00000000   Code   RO          343    .ARM.Collect$$libinit$$00000032  c_w.l(libinit2.o)
    0x080002e6   0x080002e6   0x00000000   Code   RO          345    .ARM.Collect$$libinit$$00000034  c_w.l(libinit2.o)
    0x080002e6   0x080002e6   0x00000002   Code   RO          346    .ARM.Collect$$libinit$$00000035  c_w.l(libinit2.o)
    0x080002e8   0x080002e8   0x00000002   Code   RO          599    .ARM.Collect$$libshutdown$$00000000  c_w.l(libshutdown.o)
    0x080002ea   0x080002ea   0x00000000   Code   RO          509    .ARM.Collect$$libshutdown$$00000002  c_w.l(libshutdown2.o)
    0x080002ea   0x080002ea   0x00000004   Code   RO          510    .ARM.Collect$$libshutdown$$00000003  c_w.l(libshutdown2.o)
    0x080002ee   0x080002ee   0x00000000   Code   RO          511    .ARM.Collect$$libshutdown$$00000004  c_w.l(libshutdown2.o)
    0x080002ee   0x080002ee   0x00000000   Code   RO          514    .ARM.Collect$$libshutdown$$00000007  c_w.l(libshutdown2.o)
    0x080002ee   0x080002ee   0x00000000   Code   RO          517    .ARM.Collect$$libshutdown$$0000000A  c_w.l(libshutdown2.o)
    0x080002ee   0x080002ee   0x00000000   Code   RO          519    .ARM.Collect$$libshutdown$$0000000C  c_w.l(libshutdown2.o)
    0x080002ee   0x080002ee   0x00000000   Code   RO          522    .ARM.Collect$$libshutdown$$0000000F  c_w.l(libshutdown2.o)
    0x080002ee   0x080002ee   0x00000002   Code   RO          523    .ARM.Collect$$libshutdown$$00000010  c_w.l(libshutdown2.o)
    0x080002f0   0x080002f0   0x00000000   Code   RO          210    .ARM.Collect$$rtentry$$00000000  c_w.l(__rtentry.o)
    0x080002f0   0x080002f0   0x00000000   Code   RO          359    .ARM.Collect$$rtentry$$00000002  c_w.l(__rtentry2.o)
    0x080002f0   0x080002f0   0x00000006   Code   RO          371    .ARM.Collect$$rtentry$$00000004  c_w.l(__rtentry4.o)
    0x080002f6   0x080002f6   0x00000000   Code   RO          361    .ARM.Collect$$rtentry$$00000009  c_w.l(__rtentry2.o)
    0x080002f6   0x080002f6   0x00000004   Code   RO          362    .ARM.Collect$$rtentry$$0000000A  c_w.l(__rtentry2.o)
    0x080002fa   0x080002fa   0x00000000   Code   RO          364    .ARM.Collect$$rtentry$$0000000C  c_w.l(__rtentry2.o)
    0x080002fa   0x080002fa   0x00000008   Code   RO          365    .ARM.Collect$$rtentry$$0000000D  c_w.l(__rtentry2.o)
    0x08000302   0x08000302   0x00000002   Code   RO          531    .ARM.Collect$$rtexit$$00000000  c_w.l(rtexit.o)
    0x08000304   0x08000304   0x00000000   Code   RO          558    .ARM.Collect$$rtexit$$00000002  c_w.l(rtexit2.o)
    0x08000304   0x08000304   0x00000004   Code   RO          559    .ARM.Collect$$rtexit$$00000003  c_w.l(rtexit2.o)
    0x08000308   0x08000308   0x00000006   Code   RO          560    .ARM.Collect$$rtexit$$00000004  c_w.l(rtexit2.o)
    0x0800030e   0x0800030e   0x00000002   PAD
    0x08000310   0x08000310   0x00000048   Code   RO           44    .text               startup_gd32f450_470.o
    0x08000358   0x08000358   0x00000002   Code   RO           53    .text               c_w.l(use_no_semi_2.o)
    0x0800035a   0x0800035a   0x0000005e   Code   RO           59    .text               c_w.l(h1_alloc.o)
    0x080003b8   0x080003b8   0x0000004e   Code   RO           61    .text               c_w.l(h1_free.o)
    0x08000406   0x08000406   0x0000001e   Code   RO          117    .text               c_w.l(toupper.o)
    0x08000424   0x08000424   0x0000000c   Code   RO          119    .text               c_w.l(vprintf.o)
    0x08000430   0x08000430   0x00000018   Code   RO          121    .text               c_w.l(__2printf.o)
    0x08000448   0x08000448   0x0000002c   Code   RO          123    .text               c_w.l(__2sprintf.o)
    0x08000474   0x08000474   0x00000040   Code   RO          125    .text               c_w.l(__2snprintf.o)
    0x080004b4   0x080004b4   0x0000004e   Code   RO          135    .text               c_w.l(_printf_pad.o)
    0x08000502   0x08000502   0x00000052   Code   RO          137    .text               c_w.l(_printf_str.o)
    0x08000554   0x08000554   0x00000078   Code   RO          139    .text               c_w.l(_printf_dec.o)
    0x080005cc   0x080005cc   0x00000094   Code   RO          159    .text               c_w.l(_printf_hex_int_ll_ptr.o)
    0x08000660   0x08000660   0x00000188   Code   RO          179    .text               c_w.l(__printf_flags_ss_wp.o)
    0x080007e8   0x080007e8   0x00000080   Code   RO          188    .text               c_w.l(assert.o)
    0x08000868   0x08000868   0x00000020   Code   RO          192    .text               c_w.l(strcspn.o)
    0x08000888   0x08000888   0x0000001c   Code   RO          194    .text               c_w.l(strspn.o)
    0x080008a4   0x080008a4   0x00000058   Code   RO          196    .text               c_w.l(memcmp.o)
    0x080008fc   0x080008fc   0x000000b8   Code   RO          200    .text               c_w.l(localtime_internal.o)
    0x080009b4   0x080009b4   0x00000006   Code   RO          202    .text               c_w.l(heapauxi.o)
    0x080009ba   0x080009ba   0x00000002   Code   RO          206    .text               c_w.l(use_no_semi.o)
    0x080009bc   0x080009bc   0x00000010   Code   RO          211    .text               c_w.l(rt_ctype_table.o)
    0x080009cc   0x080009cc   0x00000008   Code   RO          216    .text               c_w.l(rt_heap_descriptor_intlibspace.o)
    0x080009d4   0x080009d4   0x00000004   Code   RO          218    .text               c_w.l(hguard.o)
    0x080009d8   0x080009d8   0x0000008a   Code   RO          220    .text               c_w.l(init_alloc.o)
    0x08000a62   0x08000a62   0x0000000e   Code   RO          224    .text               c_w.l(h1_init.o)
    0x08000a70   0x08000a70   0x00000024   Code   RO          236    .text               c_w.l(_printf_truncate.o)
    0x08000a94   0x08000a94   0x000000b2   Code   RO          238    .text               c_w.l(_printf_intcommon.o)
    0x08000b46   0x08000b46   0x00000028   Code   RO          240    .text               c_w.l(_printf_charcount.o)
    0x08000b6e   0x08000b6e   0x00000002   PAD
    0x08000b70   0x08000b70   0x00000030   Code   RO          242    .text               c_w.l(_printf_char_common.o)
    0x08000ba0   0x08000ba0   0x0000000a   Code   RO          244    .text               c_w.l(_sputc.o)
    0x08000baa   0x08000baa   0x00000010   Code   RO          246    .text               c_w.l(_snputc.o)
    0x08000bba   0x08000bba   0x0000002c   Code   RO          248    .text               c_w.l(_printf_char.o)
    0x08000be6   0x08000be6   0x00000002   PAD
    0x08000be8   0x08000be8   0x00000024   Code   RO          250    .text               c_w.l(_printf_char_file.o)
    0x08000c0c   0x08000c0c   0x000000bc   Code   RO          252    .text               c_w.l(_printf_wctomb.o)
    0x08000cc8   0x08000cc8   0x0000007c   Code   RO          255    .text               c_w.l(_printf_longlong_dec.o)
    0x08000d44   0x08000d44   0x00000070   Code   RO          261    .text               c_w.l(_printf_oct_int_ll.o)
    0x08000db4   0x08000db4   0x00000016   Code   RO          287    .text               c_w.l(abort.o)
    0x08000dca   0x08000dca   0x00000064   Code   RO          291    .text               c_w.l(rt_memcpy_w.o)
    0x08000e2e   0x08000e2e   0x00000044   Code   RO          293    .text               c_w.l(rt_memclr.o)
    0x08000e72   0x08000e72   0x0000004e   Code   RO          295    .text               c_w.l(rt_memclr_w.o)
    0x08000ec0   0x08000ec0   0x00000008   Code   RO          355    .text               c_w.l(libspace.o)
    0x08000ec8   0x08000ec8   0x00000008   Code   RO          376    .text               c_w.l(rt_locale_intlibspace.o)
    0x08000ed0   0x08000ed0   0x00000000   Code   RO          380    .text               c_w.l(maybetermalloc1.o)
    0x08000ed0   0x08000ed0   0x00000034   Code   RO          382    .text               c_w.l(h1_extend.o)
    0x08000f04   0x08000f04   0x0000008a   Code   RO          386    .text               c_w.l(lludiv10.o)
    0x08000f8e   0x08000f8e   0x0000041c   Code   RO          388    .text               c_w.l(_printf_fp_dec.o)
    0x080013aa   0x080013aa   0x00000002   PAD
    0x080013ac   0x080013ac   0x000002fc   Code   RO          392    .text               c_w.l(_printf_fp_hex.o)
    0x080016a8   0x080016a8   0x0000002c   Code   RO          397    .text               c_w.l(_printf_wchar.o)
    0x080016d4   0x080016d4   0x00000008   Code   RO          399    .text               c_w.l(ferror.o)
    0x080016dc   0x080016dc   0x00000138   Code   RO          405    .text               c_w.l(initio.o)
    0x08001814   0x08001814   0x00000048   Code   RO          413    .text               c_w.l(_c16rtomb.o)
    0x0800185c   0x0800185c   0x0000000e   Code   RO          418    .text               c_w.l(defsig_abrt_outer.o)
    0x0800186a   0x0800186a   0x0000000e   Code   RO          422    .text               c_w.l(defsig_rtmem_outer.o)
    0x08001878   0x08001878   0x0000004a   Code   RO          433    .text               c_w.l(sys_stackheap_outer.o)
    0x080018c2   0x080018c2   0x00000002   PAD
    0x080018c4   0x080018c4   0x00000080   Code   RO          439    .text               c_w.l(_printf_fp_infnan.o)
    0x08001944   0x08001944   0x000000e4   Code   RO          441    .text               c_w.l(bigflt0.o)
    0x08001a28   0x08001a28   0x000001e2   Code   RO          468    .text               c_w.l(flsbuf.o)
    0x08001c0a   0x08001c0a   0x00000046   Code   RO          470    .text               c_w.l(setvbuf.o)
    0x08001c50   0x08001c50   0x000000f0   Code   RO          473    .text               c_w.l(fopen.o)
    0x08001d40   0x08001d40   0x0000004c   Code   RO          475    .text               c_w.l(fclose.o)
    0x08001d8c   0x08001d8c   0x00000012   Code   RO          484    .text               c_w.l(exit.o)
    0x08001d9e   0x08001d9e   0x0000000a   Code   RO          486    .text               c_w.l(defsig_exit.o)
    0x08001da8   0x08001da8   0x00000030   Code   RO          488    .text               c_w.l(defsig_abrt_inner.o)
    0x08001dd8   0x08001dd8   0x0000000e   Code   RO          490    .text               c_w.l(defsig_rtred_outer.o)
    0x08001de6   0x08001de6   0x00000002   PAD
    0x08001de8   0x08001de8   0x00000050   Code   RO          494    .text               c_w.l(defsig_rtmem_inner.o)
    0x08001e38   0x08001e38   0x0000007c   Code   RO          496    .text               c_w.l(strcmpv7em.o)
    0x08001eb4   0x08001eb4   0x000000f8   Code   RO          541    .text               c_w.l(fseek.o)
    0x08001fac   0x08001fac   0x00000108   Code   RO          543    .text               c_w.l(stdio.o)
    0x080020b4   0x080020b4   0x00000032   Code   RO          551    .text               c_w.l(defsig_general.o)
    0x080020e6   0x080020e6   0x00000002   PAD
    0x080020e8   0x080020e8   0x00000034   Code   RO          553    .text               c_w.l(defsig_rtred_inner.o)
    0x0800211c   0x0800211c   0x00000018   Code   RO          555    .text               c_w.l(assert_stdio.o)
    0x08002134   0x08002134   0x00000064   Code   RO          566    .text               c_w.l(fflush.o)
    0x08002198   0x08002198   0x00000022   Code   RO          568    .text               c_w.l(fputs.o)
    0x080021ba   0x080021ba   0x00000042   Code   RO          570    .text               c_w.l(ftell.o)
    0x080021fc   0x080021fc   0x0000008a   Code   RO          578    .text               c_w.l(rt_memcpy_v6.o)
    0x08002286   0x08002286   0x00000002   PAD
    0x08002288   0x08002288   0x00000008   Code   RO          583    .text               c_w.l(rt_errno_addr_intlibspace.o)
    0x08002290   0x08002290   0x000000f0   Code   RO          938    .text               c_w.l(lludivv7m.o)
    0x08002380   0x08002380   0x00000010   Code   RO          940    .text               c_w.l(aeabi_memset.o)
    0x08002390   0x08002390   0x00000138   Code   RO          753    .text.AccessIntParam  lto-llvm-15d1d8.o
    0x080024c8   0x080024c8   0x0000003c   Code   RO          755    .text.AccessTelemParam  lto-llvm-15d1d8.o
    0x08002504   0x08002504   0x00000008   Code   RO          603    .text.BootJump      lto-llvm-15d1d8.o
    0x0800250c   0x0800250c   0x00000034   Code   RO          769    .text.CRC16_CCITT16  lto-llvm-15d1d8.o
    0x08002540   0x08002540   0x0000000c   Code   RO          807    .text.CalcCRC16     lto-llvm-15d1d8.o
    0x0800254c   0x0800254c   0x00000010   Code   RO          811    .text.CalcCRC16.165  lto-llvm-15d1d8.o
    0x0800255c   0x0800255c   0x0000002c   Code   RO          845    .text.CalcKeyInt    lto-llvm-15d1d8.o
    0x08002588   0x08002588   0x00000026   Code   RO          767    .text.CalculateCheckSum  lto-llvm-15d1d8.o
    0x080025ae   0x080025ae   0x00000002   PAD
    0x080025b0   0x080025b0   0x00000044   Code   RO          803    .text.Char2HEX      lto-llvm-15d1d8.o
    0x080025f4   0x080025f4   0x00000018   Code   RO          801    .text.Char2Str      lto-llvm-15d1d8.o
    0x0800260c   0x0800260c   0x0000001c   Code   RO          843    .text.CheckKey      lto-llvm-15d1d8.o
    0x08002628   0x08002628   0x00000012   Code   RO          799    .text.CheckSumm     lto-llvm-15d1d8.o
    0x0800263a   0x0800263a   0x00000002   PAD
    0x0800263c   0x0800263c   0x0000002c   Code   RO          793    .text.Delay_us      lto-llvm-15d1d8.o
    0x08002668   0x08002668   0x0000001a   Code   RO          791    .text.EndTime       lto-llvm-15d1d8.o
    0x08002682   0x08002682   0x00000002   PAD
    0x08002684   0x08002684   0x0000003c   Code   RO          785    .text.GetTime       lto-llvm-15d1d8.o
    0x080026c0   0x080026c0   0x0000001c   Code   RO          771    .text.GetUART       lto-llvm-15d1d8.o
    0x080026dc   0x080026dc   0x00000028   Code   RO          795    .text.GetUUID       lto-llvm-15d1d8.o
    0x08002704   0x08002704   0x00000108   Code   RO          777    .text.IrqHandler    lto-llvm-15d1d8.o
    0x0800280c   0x0800280c   0x0000000a   Code   RO          861    .text.OUTLINED_FUNCTION_0  lto-llvm-15d1d8.o
    0x08002816   0x08002816   0x00000008   Code   RO          863    .text.OUTLINED_FUNCTION_1  lto-llvm-15d1d8.o
    0x0800281e   0x0800281e   0x00000008   Code   RO          881    .text.OUTLINED_FUNCTION_10  lto-llvm-15d1d8.o
    0x08002826   0x08002826   0x00000008   Code   RO          883    .text.OUTLINED_FUNCTION_11  lto-llvm-15d1d8.o
    0x0800282e   0x0800282e   0x0000000c   Code   RO          885    .text.OUTLINED_FUNCTION_12  lto-llvm-15d1d8.o
    0x0800283a   0x0800283a   0x00000008   Code   RO          887    .text.OUTLINED_FUNCTION_13  lto-llvm-15d1d8.o
    0x08002842   0x08002842   0x00000006   Code   RO          889    .text.OUTLINED_FUNCTION_14  lto-llvm-15d1d8.o
    0x08002848   0x08002848   0x00000006   Code   RO          891    .text.OUTLINED_FUNCTION_15  lto-llvm-15d1d8.o
    0x0800284e   0x0800284e   0x00000010   Code   RO          893    .text.OUTLINED_FUNCTION_16  lto-llvm-15d1d8.o
    0x0800285e   0x0800285e   0x0000000a   Code   RO          895    .text.OUTLINED_FUNCTION_17  lto-llvm-15d1d8.o
    0x08002868   0x08002868   0x0000000a   Code   RO          897    .text.OUTLINED_FUNCTION_18  lto-llvm-15d1d8.o
    0x08002872   0x08002872   0x0000000e   Code   RO          865    .text.OUTLINED_FUNCTION_2  lto-llvm-15d1d8.o
    0x08002880   0x08002880   0x00000006   Code   RO          867    .text.OUTLINED_FUNCTION_3  lto-llvm-15d1d8.o
    0x08002886   0x08002886   0x00000008   Code   RO          869    .text.OUTLINED_FUNCTION_4  lto-llvm-15d1d8.o
    0x0800288e   0x0800288e   0x0000000e   Code   RO          871    .text.OUTLINED_FUNCTION_5  lto-llvm-15d1d8.o
    0x0800289c   0x0800289c   0x00000012   Code   RO          873    .text.OUTLINED_FUNCTION_6  lto-llvm-15d1d8.o
    0x080028ae   0x080028ae   0x00000006   Code   RO          875    .text.OUTLINED_FUNCTION_7  lto-llvm-15d1d8.o
    0x080028b4   0x080028b4   0x00000012   Code   RO          877    .text.OUTLINED_FUNCTION_8  lto-llvm-15d1d8.o
    0x080028c6   0x080028c6   0x0000000c   Code   RO          879    .text.OUTLINED_FUNCTION_9  lto-llvm-15d1d8.o
    0x080028d2   0x080028d2   0x00000016   Code   RO          761    .text.Pased_Buff_to_int32_t  lto-llvm-15d1d8.o
    0x080028e8   0x080028e8   0x00000016   Code   RO          757    .text.Pased_Buff_to_uint32_t  lto-llvm-15d1d8.o
    0x080028fe   0x080028fe   0x00000014   Code   RO          765    .text.Pased_float_to_Buff  lto-llvm-15d1d8.o
    0x08002912   0x08002912   0x00000014   Code   RO          763    .text.Pased_int32_t_to_Buff  lto-llvm-15d1d8.o
    0x08002926   0x08002926   0x00000014   Code   RO          759    .text.Pased_uint32_t_to_Buff  lto-llvm-15d1d8.o
    0x0800293a   0x0800293a   0x00000002   PAD
    0x0800293c   0x0800293c   0x000000c4   Code   RO          601    .text.Pre_Init      lto-llvm-15d1d8.o
    0x08002a00   0x08002a00   0x000000a0   Code   RO          773    .text.RS485_SetSpeed  lto-llvm-15d1d8.o
    0x08002aa0   0x08002aa0   0x00000024   Code   RO          609    .text.Restart_ExWDT  lto-llvm-15d1d8.o
    0x08002ac4   0x08002ac4   0x0000001c   Code   RO          615    .text.SPI_exchange8  lto-llvm-15d1d8.o
    0x08002ae0   0x08002ae0   0x0000001c   Code   RO          813    .text.SaveParamSystem  lto-llvm-15d1d8.o
    0x08002afc   0x08002afc   0x00000024   Code   RO          789    .text.SetTime_ms    lto-llvm-15d1d8.o
    0x08002b20   0x08002b20   0x00000030   Code   RO          797    .text.Str2Char      lto-llvm-15d1d8.o
    0x08002b50   0x08002b50   0x00000014   Code   RO          783    .text.SysTick_Handler  lto-llvm-15d1d8.o
    0x08002b64   0x08002b64   0x00000118   Code   RO          859    .text.SystemInit    lto-llvm-15d1d8.o
    0x08002c7c   0x08002c7c   0x00000018   Code   RO          787    .text.SystickClockPerSec  lto-llvm-15d1d8.o
    0x08002c94   0x08002c94   0x00000080   Code   RO          809    .text.TryWrite      lto-llvm-15d1d8.o
    0x08002d14   0x08002d14   0x00000006   Code   RO          781    .text.UART7_IRQHandler  lto-llvm-15d1d8.o
    0x08002d1a   0x08002d1a   0x00000006   Code   RO          775    .text.USART1_IRQHandler  lto-llvm-15d1d8.o
    0x08002d20   0x08002d20   0x00000006   Code   RO          779    .text.USART5_IRQHandler  lto-llvm-15d1d8.o
    0x08002d26   0x08002d26   0x00000002   PAD
    0x08002d28   0x08002d28   0x00000024   Code   RO          607    .text.__NVIC_SystemReset  lto-llvm-15d1d8.o
    0x08002d4c   0x08002d4c   0x00000002   Code   RO          831    .text._sys_exit     lto-llvm-15d1d8.o
    0x08002d4e   0x08002d4e   0x00000002   Code   RO          823    .text._ttywrch      lto-llvm-15d1d8.o
    0x08002d50   0x08002d50   0x00000030   Code   RO          621    .text.doWriteEnable  lto-llvm-15d1d8.o
    0x08002d80   0x08002d80   0x00000050   Code   RO          847    .text.fmc_ready_wait  lto-llvm-15d1d8.o
    0x08002dd0   0x08002dd0   0x00000060   Code   RO          853    .text.gpio_af_set   lto-llvm-15d1d8.o
    0x08002e30   0x08002e30   0x0000004e   Code   RO          849    .text.gpio_mode_set  lto-llvm-15d1d8.o
    0x08002e7e   0x08002e7e   0x0000003a   Code   RO          851    .text.gpio_output_options_set  lto-llvm-15d1d8.o
    0x08002eb8   0x08002eb8   0x00000108   Code   RO          697    .text.lfs_alloc     lto-llvm-15d1d8.o
    0x08002fc0   0x08002fc0   0x00000030   Code   RO          699    .text.lfs_alloc_lookahead  lto-llvm-15d1d8.o
    0x08002ff0   0x08002ff0   0x00000060   Code   RO          651    .text.lfs_bd_cmp    lto-llvm-15d1d8.o
    0x08003050   0x08003050   0x0000005a   Code   RO          641    .text.lfs_bd_crc    lto-llvm-15d1d8.o
    0x080030aa   0x080030aa   0x00000002   PAD
    0x080030ac   0x080030ac   0x00000048   Code   RO          693    .text.lfs_bd_erase  lto-llvm-15d1d8.o
    0x080030f4   0x080030f4   0x000000c4   Code   RO          709    .text.lfs_bd_flush  lto-llvm-15d1d8.o
    0x080031b8   0x080031b8   0x00000164   Code   RO          707    .text.lfs_bd_prog   lto-llvm-15d1d8.o
    0x0800331c   0x0800331c   0x000001d4   Code   RO          639    .text.lfs_bd_read   lto-llvm-15d1d8.o
    0x080034f0   0x080034f0   0x00000034   Code   RO          713    .text.lfs_bd_sync   lto-llvm-15d1d8.o
    0x08003524   0x08003524   0x00000034   Code   RO          751    .text.lfs_crc       lto-llvm-15d1d8.o
    0x08003558   0x08003558   0x00000096   Code   RO          725    .text.lfs_ctz_find  lto-llvm-15d1d8.o
    0x080035ee   0x080035ee   0x00000074   Code   RO          705    .text.lfs_ctz_index  lto-llvm-15d1d8.o
    0x08003662   0x08003662   0x0000008c   Code   RO          703    .text.lfs_ctz_traverse  lto-llvm-15d1d8.o
    0x080036ee   0x080036ee   0x00000002   PAD
    0x080036f0   0x080036f0   0x00000034   Code   RO          635    .text.lfs_deinit    lto-llvm-15d1d8.o
    0x08003724   0x08003724   0x00000004   Code   RO          747    .text.lfs_device_erase  lto-llvm-15d1d8.o
    0x08003728   0x08003728   0x0000000e   Code   RO          745    .text.lfs_device_prog  lto-llvm-15d1d8.o
    0x08003736   0x08003736   0x00000012   Code   RO          743    .text.lfs_device_read  lto-llvm-15d1d8.o
    0x08003748   0x08003748   0x00000004   Code   RO          749    .text.lfs_device_sync  lto-llvm-15d1d8.o
    0x0800374c   0x0800374c   0x0000007c   Code   RO          629    .text.lfs_dir_alloc  lto-llvm-15d1d8.o
    0x080037c8   0x080037c8   0x0000001e   Code   RO          631    .text.lfs_dir_commit  lto-llvm-15d1d8.o
    0x080037e6   0x080037e6   0x00000014   Code   RO          677    .text.lfs_dir_commit_commit  lto-llvm-15d1d8.o
    0x080037fa   0x080037fa   0x00000020   Code   RO          685    .text.lfs_dir_commit_size  lto-llvm-15d1d8.o
    0x0800381a   0x0800381a   0x000000b0   Code   RO          681    .text.lfs_dir_commitattr  lto-llvm-15d1d8.o
    0x080038ca   0x080038ca   0x00000002   PAD
    0x080038cc   0x080038cc   0x000001dc   Code   RO          683    .text.lfs_dir_commitcrc  lto-llvm-15d1d8.o
    0x08003aa8   0x08003aa8   0x0000003c   Code   RO          695    .text.lfs_dir_commitprog  lto-llvm-15d1d8.o
    0x08003ae4   0x08003ae4   0x000002a0   Code   RO          691    .text.lfs_dir_compact  lto-llvm-15d1d8.o
    0x08003d84   0x08003d84   0x0000001c   Code   RO          633    .text.lfs_dir_fetch  lto-llvm-15d1d8.o
    0x08003da0   0x08003da0   0x00000544   Code   RO          637    .text.lfs_dir_fetchmatch  lto-llvm-15d1d8.o
    0x080042e4   0x080042e4   0x00000040   Code   RO          643    .text.lfs_dir_find_match  lto-llvm-15d1d8.o
    0x08004324   0x08004324   0x0000001a   Code   RO          659    .text.lfs_dir_get   lto-llvm-15d1d8.o
    0x0800433e   0x0800433e   0x00000002   PAD
    0x08004340   0x08004340   0x00000044   Code   RO          661    .text.lfs_dir_getgstate  lto-llvm-15d1d8.o
    0x08004384   0x08004384   0x000000c4   Code   RO          723    .text.lfs_dir_getread  lto-llvm-15d1d8.o
    0x08004448   0x08004448   0x00000144   Code   RO          665    .text.lfs_dir_getslice  lto-llvm-15d1d8.o
    0x0800458c   0x0800458c   0x00000022   Code   RO          689    .text.lfs_dir_needsrelocation  lto-llvm-15d1d8.o
    0x080045ae   0x080045ae   0x00000002   PAD
    0x080045b0   0x080045b0   0x000003b0   Code   RO          653    .text.lfs_dir_orphaningcommit  lto-llvm-15d1d8.o
    0x08004960   0x08004960   0x0000050c   Code   RO          673    .text.lfs_dir_relocatingcommit  lto-llvm-15d1d8.o
    0x08004e6c   0x08004e6c   0x00000070   Code   RO          687    .text.lfs_dir_split  lto-llvm-15d1d8.o
    0x08004edc   0x08004edc   0x000002f4   Code   RO          679    .text.lfs_dir_traverse  lto-llvm-15d1d8.o
    0x080051d0   0x080051d0   0x00000074   Code   RO          715    .text.lfs_dir_traverse_filter  lto-llvm-15d1d8.o
    0x08005244   0x08005244   0x0000002c   Code   RO          737    .text.lfs_file_close  lto-llvm-15d1d8.o
    0x08005270   0x08005270   0x000000cc   Code   RO          733    .text.lfs_file_close_  lto-llvm-15d1d8.o
    0x0800533c   0x0800533c   0x00000114   Code   RO          671    .text.lfs_file_flush  lto-llvm-15d1d8.o
    0x08005450   0x08005450   0x000000e8   Code   RO          717    .text.lfs_file_flushedread  lto-llvm-15d1d8.o
    0x08005538   0x08005538   0x000002e0   Code   RO          719    .text.lfs_file_flushedwrite  lto-llvm-15d1d8.o
    0x08005818   0x08005818   0x00000584   Code   RO          735    .text.lfs_file_opencfg  lto-llvm-15d1d8.o
    0x08005d9c   0x08005d9c   0x00000020   Code   RO          669    .text.lfs_file_outline  lto-llvm-15d1d8.o
    0x08005dbc   0x08005dbc   0x0000008c   Code   RO          739    .text.lfs_file_read  lto-llvm-15d1d8.o
    0x08005e48   0x08005e48   0x00000120   Code   RO          721    .text.lfs_file_relocate  lto-llvm-15d1d8.o
    0x08005f68   0x08005f68   0x000000f0   Code   RO          741    .text.lfs_file_write  lto-llvm-15d1d8.o
    0x08006058   0x08006058   0x0000025c   Code   RO          655    .text.lfs_fs_deorphan  lto-llvm-15d1d8.o
    0x080062b4   0x080062b4   0x000000a0   Code   RO          657    .text.lfs_fs_parent  lto-llvm-15d1d8.o
    0x08006354   0x08006354   0x00000036   Code   RO          645    .text.lfs_fs_parent_match  lto-llvm-15d1d8.o
    0x0800638a   0x0800638a   0x00000002   PAD
    0x0800638c   0x0800638c   0x0000006c   Code   RO          675    .text.lfs_fs_pred   lto-llvm-15d1d8.o
    0x080063f8   0x080063f8   0x000000b8   Code   RO          663    .text.lfs_fs_preporphans  lto-llvm-15d1d8.o
    0x080064b0   0x080064b0   0x0000000a   Code   RO          711    .text.lfs_fs_size_count  lto-llvm-15d1d8.o
    0x080064ba   0x080064ba   0x00000002   PAD
    0x080064bc   0x080064bc   0x00000148   Code   RO          701    .text.lfs_fs_traverse_  lto-llvm-15d1d8.o
    0x08006604   0x08006604   0x0000001c   Code   RO          647    .text.lfs_gstate_hasmovehere  lto-llvm-15d1d8.o
    0x08006620   0x08006620   0x00000408   Code   RO          627    .text.lfs_init      lto-llvm-15d1d8.o
    0x08006a28   0x08006a28   0x00000012   Code   RO          731    .text.lfs_mlist_isopen  lto-llvm-15d1d8.o
    0x08006a3a   0x08006a3a   0x00000002   PAD
    0x08006a3c   0x08006a3c   0x000002c4   Code   RO          727    .text.lfs_mount     lto-llvm-15d1d8.o
    0x08006d00   0x08006d00   0x00000020   Code   RO          649    .text.lfs_pair_cmp  lto-llvm-15d1d8.o
    0x08006d20   0x08006d20   0x0000000c   Code   RO          729    .text.lfs_path_namelen  lto-llvm-15d1d8.o
    0x08006d2c   0x08006d2c   0x00000084   Code   RO          667    .text.lfs_tortoise_detectcycles  lto-llvm-15d1d8.o
    0x08006db0   0x08006db0   0x000000b8   Code   RO          841    .text.log_print     lto-llvm-15d1d8.o
    0x08006e68   0x08006e68   0x00001b88   Code   RO          605    .text.main          lto-llvm-15d1d8.o
    0x080089f0   0x080089f0   0x00000148   Code   RO          623    .text.mtdRead       lto-llvm-15d1d8.o
    0x08008b38   0x08008b38   0x000001c4   Code   RO          625    .text.mtdWrite      lto-llvm-15d1d8.o
    0x08008cfc   0x08008cfc   0x00000098   Code   RO          855    .text.rcu_clock_freq_get  lto-llvm-15d1d8.o
    0x08008d94   0x08008d94   0x00000018   Code   RO          617    .text.spi_exchange16  lto-llvm-15d1d8.o
    0x08008dac   0x08008dac   0x00000028   Code   RO          619    .text.spi_exchange24  lto-llvm-15d1d8.o
    0x08008dd4   0x08008dd4   0x0000000c   Code   RO          613    .text.spi_exchange8  lto-llvm-15d1d8.o
    0x08008de0   0x08008de0   0x00000158   Code   RO          611    .text.spi_prepare_bus  lto-llvm-15d1d8.o
    0x08008f38   0x08008f38   0x00000024   Code   RO          805    .text.update_crc32_Ethernet  lto-llvm-15d1d8.o
    0x08008f5c   0x08008f5c   0x0000001c   Code   RO          857    .text.usart_interrupt_flag_get  lto-llvm-15d1d8.o
    0x08008f78   0x08008f78   0x0000003e   Code   RO          444    CL$$btod_d2e        c_w.l(btod.o)
    0x08008fb6   0x08008fb6   0x00000046   Code   RO          446    CL$$btod_d2e_denorm_low  c_w.l(btod.o)
    0x08008ffc   0x08008ffc   0x00000060   Code   RO          445    CL$$btod_d2e_norm_op1  c_w.l(btod.o)
    0x0800905c   0x0800905c   0x00000338   Code   RO          454    CL$$btod_div_common  c_w.l(btod.o)
    0x08009394   0x08009394   0x000000dc   Code   RO          451    CL$$btod_e2e        c_w.l(btod.o)
    0x08009470   0x08009470   0x0000002a   Code   RO          448    CL$$btod_ediv       c_w.l(btod.o)
    0x0800949a   0x0800949a   0x0000002a   Code   RO          447    CL$$btod_emul       c_w.l(btod.o)
    0x080094c4   0x080094c4   0x00000244   Code   RO          453    CL$$btod_mult_common  c_w.l(btod.o)
    0x08009708   0x08009708   0x00000030   Code   RO          529    i.__ARM_fpclassify  m_wm.l(fpclassify.o)
    0x08009738   0x08009738   0x0000000e   Code   RO          172    i._is_digit         c_w.l(__printf_wp.o)
    0x08009746   0x08009746   0x0000001c   Code   RO          402    i.fputc             c_w.l(fputc.o)
    0x08009762   0x08009762   0x00000002   PAD
    0x08009764   0x08009764   0x0000002c   Code   RO          416    locale$$code        c_w.l(lc_ctype_c.o)
    0x08009790   0x08009790   0x0000002c   Code   RO          482    locale$$code        c_w.l(lc_numeric_c.o)
    0x080097bc   0x080097bc   0x00000060   Code   RO          942    x$fpl$ffltll        fz_wm.l(ffltll_clz.o)
    0x0800981c   0x0800981c   0x0000001a   Code   RO          431    x$fpl$fpinit        fz_wm.l(fpinit.o)
    0x08009836   0x08009836   0x00000004   Code   RO          347    x$fpl$printf1       fz_wm.l(printf1.o)
    0x0800983a   0x0800983a   0x00000004   Code   RO          349    x$fpl$printf2       fz_wm.l(printf2.o)
    0x0800983e   0x0800983e   0x00000000   Code   RO          528    x$fpl$usenofp       fz_wm.l(usenofp.o)
    0x0800983e   0x0800983e   0x00000028   Data   RO          160    .constdata          c_w.l(_printf_hex_int_ll_ptr.o)
    0x08009866   0x08009866   0x00000011   Data   RO          180    .constdata          c_w.l(__printf_flags_ss_wp.o)
    0x08009877   0x08009877   0x00000001   PAD
    0x08009878   0x08009878   0x00000008   Data   RO          253    .constdata          c_w.l(_printf_wctomb.o)
    0x08009880   0x08009880   0x0000000c   Data   RO          297    .constdata          c_w.l(_monlen.o)
    0x0800988c   0x0800988c   0x00000026   Data   RO          393    .constdata          c_w.l(_printf_fp_hex.o)
    0x080098b2   0x080098b2   0x00000002   PAD
    0x080098b4   0x080098b4   0x00000094   Data   RO          442    .constdata          c_w.l(bigflt0.o)
    0x08009948   0x08009948   0x00000028   Data   RO          914    .rodata..Lswitch.table.unicorn_uart_speed_to_baudrate  lto-llvm-15d1d8.o
    0x08009970   0x08009970   0x00000010   Data   RO          925    .rodata.FactorySettingsKey  lto-llvm-15d1d8.o
    0x08009980   0x08009980   0x0000000c   Data   RO          921    .rodata.UnlockKeys  lto-llvm-15d1d8.o
    0x0800998c   0x0800998c   0x00000010   Data   RO          923    .rodata.UserFactory  lto-llvm-15d1d8.o
    0x0800999c   0x0800999c   0x00000010   Data   RO          924    .rodata.UserStr     lto-llvm-15d1d8.o
    0x080099ac   0x080099ac   0x00000004   Data   RO          920    .rodata.__stderr_name  lto-llvm-15d1d8.o
    0x080099b0   0x080099b0   0x00000004   Data   RO          918    .rodata.__stdin_name  lto-llvm-15d1d8.o
    0x080099b4   0x080099b4   0x00000004   Data   RO          919    .rodata.__stdout_name  lto-llvm-15d1d8.o
    0x080099b8   0x080099b8   0x0000000c   Data   RO          910    .rodata.buildDate   lto-llvm-15d1d8.o
    0x080099c4   0x080099c4   0x00000009   Data   RO          911    .rodata.buildTime   lto-llvm-15d1d8.o
    0x080099cd   0x080099cd   0x00000003   PAD
    0x080099d0   0x080099d0   0x00000020   Data   RO          902    .rodata.cst16       lto-llvm-15d1d8.o
    0x080099f0   0x080099f0   0x00000020   Data   RO          903    .rodata.cst32       lto-llvm-15d1d8.o
    0x08009a10   0x08009a10   0x00000008   Data   RO          926    .rodata.cst8        lto-llvm-15d1d8.o
    0x08009a18   0x08009a18   0x00000040   Data   RO          908    .rodata.lfs_crc.rtable  lto-llvm-15d1d8.o
    0x08009a58   0x08009a58   0x00001035   Data   RO          901    .rodata.str1.1      lto-llvm-15d1d8.o
    0x0800aa8d   0x0800aa8d   0x00000003   PAD
    0x0800aa90   0x0800aa90   0x00000400   Data   RO          917    .rodata.update_crc32_Ethernet.table  lto-llvm-15d1d8.o
    0x0800ae90   0x0800ae90   0x00000020   Data   RO          955    Region$$Table       anon$$obj.o
    0x0800aeb0   0x0800aeb0   0x00000110   Data   RO          415    locale$$data        c_w.l(lc_ctype_c.o)
    0x0800afc0   0x0800afc0   0x0000001c   Data   RO          481    locale$$data        c_w.l(lc_numeric_c.o)


    Execution Region RW_IRAM1 (Exec base: 0x20000000, Load base: 0x0800afe0, Size: 0x0000d498, Max: 0x000b0000, ABSOLUTE)

    Exec Addr    Load Addr    Size         Type   Attr      Idx    E Section Name        Object

    0x20000000   0x0800afe0   0x00000004   Data   RW          284    .data               c_w.l(stdio_streams.o)
    0x20000004   0x0800afe4   0x00000004   Data   RW          285    .data               c_w.l(stdio_streams.o)
    0x20000008   0x0800afe8   0x00000004   Data   RW          286    .data               c_w.l(stdio_streams.o)
    0x2000000c   0x0800afec   0x00000058   Data   RW          927    .data..L_MergedGlobals  lto-llvm-15d1d8.o
    0x20000064   0x0800b044   0x00000004   PAD
    0x20000068        -       0x00000054   Zero   RW          281    .bss                c_w.l(stdio_streams.o)
    0x200000bc        -       0x00000054   Zero   RW          282    .bss                c_w.l(stdio_streams.o)
    0x20000110        -       0x00000054   Zero   RW          283    .bss                c_w.l(stdio_streams.o)
    0x20000164        -       0x00000060   Zero   RW          356    .bss                c_w.l(libspace.o)
    0x200001c4   0x0800b044   0x00000004   PAD
    0x200001c8        -       0x00000078   Zero   RW          928    .bss..L_MergedGlobals.296  lto-llvm-15d1d8.o
    0x20000240        -       0x00000050   Zero   RW          929    .bss..L_MergedGlobals.297  lto-llvm-15d1d8.o
    0x20000290        -       0x00000070   Zero   RW          930    .bss..L_MergedGlobals.298  lto-llvm-15d1d8.o
    0x20000300        -       0x000084d0   Zero   RW          916    .bss.BuffRS485      lto-llvm-15d1d8.o
    0x200087d0        -       0x00000090   Zero   RW          913    .bss.PacketParserParam  lto-llvm-15d1d8.o
    0x20008860        -       0x00000654   Zero   RW          912    .bss.RS485State     lto-llvm-15d1d8.o
    0x20008eb4        -       0x00000010   Zero   RW          922    .bss.UUID           lto-llvm-15d1d8.o
    0x20008ec4        -       0x00000040   Zero   RW          915    .bss.Unicorn2RoutineParam  lto-llvm-15d1d8.o
    0x20008f04        -       0x00000080   Zero   RW          909    .bss.UnitDescriptionBuf  lto-llvm-15d1d8.o
    0x20008f84        -       0x00000001   Zero   RW          900    .bss.WDI            lto-llvm-15d1d8.o
    0x20008f85        -       0x00000010   Zero   RW          907    .bss.lookahead_buffer  lto-llvm-15d1d8.o
    0x20008f95   0x0800b044   0x00000003   PAD
    0x20008f98        -       0x00000080   Zero   RW          904    .bss.main_storage   lto-llvm-15d1d8.o
    0x20009018        -       0x00000040   Zero   RW          906    .bss.prog_buffer    lto-llvm-15d1d8.o
    0x20009058        -       0x00000040   Zero   RW          905    .bss.read_buffer    lto-llvm-15d1d8.o
    0x20009098        -       0x00000400   Zero   RW           42    HEAP                startup_gd32f450_470.o
    0x20009498        -       0x00004000   Zero   RW           41    STACK               startup_gd32f450_470.o


==============================================================================

Image component sizes


      Code (inc. data)   RO Data    RW Data    ZI Data      Debug   Object Name

     27598       2830       5442         88      36557     159397   lto-llvm-15d1d8.o
        72         30        428          0      17408        988   startup_gd32f450_470.o

    ----------------------------------------------------------------------
     27696       2860       5908         88      53972     160385   Object Totals
         0          0         32          0          0          0   (incl. Generated)
        26          0          6          0          7          0   (incl. Padding)

    ----------------------------------------------------------------------

      Code (inc. data)   RO Data    RW Data    ZI Data      Debug   Library Member Name

        24          4          0          0          0         84   __2printf.o
        64          6          0          0          0         84   __2snprintf.o
        44          6          0          0          0         84   __2sprintf.o
         8          0          0          0          0         68   __main.o
       392          4         17          0          0         92   __printf_flags_ss_wp.o
        14          0          0          0          0         68   __printf_wp.o
         0          0          0          0          0          0   __rtentry.o
        12          0          0          0          0          0   __rtentry2.o
         6          0          0          0          0          0   __rtentry4.o
        52          8          0          0          0          0   __scatter.o
        26          0          0          0          0          0   __scatter_copy.o
        28          0          0          0          0          0   __scatter_zi.o
        72          0          0          0          0         96   _c16rtomb.o
         0          0         12          0          0          0   _monlen.o
         6          0          0          0          0          0   _printf_a.o
         6          0          0          0          0          0   _printf_c.o
        44          0          0          0          0        108   _printf_char.o
        48          6          0          0          0         96   _printf_char_common.o
        36          4          0          0          0         80   _printf_char_file.o
        40          0          0          0          0         68   _printf_charcount.o
         6          0          0          0          0          0   _printf_d.o
       120         16          0          0          0         92   _printf_dec.o
         6          0          0          0          0          0   _printf_e.o
         6          0          0          0          0          0   _printf_f.o
      1052          0          0          0          0        148   _printf_fp_dec.o
       764          8         38          0          0        100   _printf_fp_hex.o
       128         16          0          0          0         84   _printf_fp_infnan.o
         6          0          0          0          0          0   _printf_g.o
       148          4         40          0          0        160   _printf_hex_int_ll_ptr.o
         6          0          0          0          0          0   _printf_i.o
       178          0          0          0          0         88   _printf_intcommon.o
        10          0          0          0          0          0   _printf_l.o
         6          0          0          0          0          0   _printf_lc.o
        10          0          0          0          0          0   _printf_ll.o
         6          0          0          0          0          0   _printf_lld.o
         6          0          0          0          0          0   _printf_lli.o
         6          0          0          0          0          0   _printf_llo.o
         6          0          0          0          0          0   _printf_llu.o
         6          0          0          0          0          0   _printf_llx.o
       124         16          0          0          0         92   _printf_longlong_dec.o
         6          0          0          0          0          0   _printf_ls.o
         6          0          0          0          0          0   _printf_n.o
         6          0          0          0          0          0   _printf_o.o
       112          8          0          0          0        124   _printf_oct_int_ll.o
         6          0          0          0          0          0   _printf_p.o
        78          0          0          0          0        108   _printf_pad.o
         0          0          0          0          0          0   _printf_percent.o
         4          0          0          0          0          0   _printf_percent_end.o
         6          0          0          0          0          0   _printf_s.o
        82          0          0          0          0         80   _printf_str.o
        36          0          0          0          0         84   _printf_truncate.o
         6          0          0          0          0          0   _printf_u.o
        44          0          0          0          0        108   _printf_wchar.o
       188          6          8          0          0         92   _printf_wctomb.o
         6          0          0          0          0          0   _printf_x.o
        16          0          0          0          0         68   _snputc.o
        10          0          0          0          0         68   _sputc.o
        22          0          0          0          0         80   abort.o
        16          0          0          0          0         68   aeabi_memset.o
       128         42          0          0          0         76   assert.o
        24          6          0          0          0         80   assert_stdio.o
       228          4        148          0          0         96   bigflt0.o
      1936        128          0          0          0        668   btod.o
        48         34          0          0          0         76   defsig_abrt_inner.o
        14          0          0          0          0         80   defsig_abrt_outer.o
        10          0          0          0          0         68   defsig_exit.o
        50          0          0          0          0         88   defsig_general.o
        80         58          0          0          0         76   defsig_rtmem_inner.o
        14          0          0          0          0         80   defsig_rtmem_outer.o
        52         38          0          0          0         76   defsig_rtred_inner.o
        14          0          0          0          0         80   defsig_rtred_outer.o
        18          0          0          0          0         80   exit.o
        76          0          0          0          0         88   fclose.o
         8          0          0          0          0         68   ferror.o
       100          4          0          0          0        120   fflush.o
       482          0          0          0          0         92   flsbuf.o
       240          6          0          0          0        128   fopen.o
        28          0          0          0          0         68   fputc.o
        34          0          0          0          0         80   fputs.o
       248          6          0          0          0         84   fseek.o
        66          0          0          0          0         76   ftell.o
        94          0          0          0          0         80   h1_alloc.o
        52          0          0          0          0         68   h1_extend.o
        78          0          0          0          0         80   h1_free.o
        14          0          0          0          0         84   h1_init.o
         6          0          0          0          0        152   heapauxi.o
         4          0          0          0          0        136   hguard.o
       138          0          0          0          0        168   init_alloc.o
       312         46          0          0          0        112   initio.o
        44         10        272          0          0         76   lc_ctype_c.o
        44         10         28          0          0         76   lc_numeric_c.o
         2          0          0          0          0          0   libinit.o
        54          0          0          0          0          0   libinit2.o
         2          0          0          0          0          0   libshutdown.o
         6          0          0          0          0          0   libshutdown2.o
         8          4          0          0         96         68   libspace.o
       138          0          0          0          0         80   lludiv10.o
       240          0          0          0          0        100   lludivv7m.o
       184          6          0          0          0         80   localtime_internal.o
         0          0          0          0          0          0   maybetermalloc1.o
        88          0          0          0          0         76   memcmp.o
        16          4          0          0          0         76   rt_ctype_table.o
         8          4          0          0          0         68   rt_errno_addr_intlibspace.o
         8          4          0          0          0         68   rt_heap_descriptor_intlibspace.o
         8          4          0          0          0         68   rt_locale_intlibspace.o
        68          0          0          0          0         68   rt_memclr.o
        78          0          0          0          0         80   rt_memclr_w.o
       138          0          0          0          0         68   rt_memcpy_v6.o
       100          0          0          0          0         80   rt_memcpy_w.o
         2          0          0          0          0          0   rtexit.o
        10          0          0          0          0          0   rtexit2.o
        70          0          0          0          0         80   setvbuf.o
       264          6          0          0          0        160   stdio.o
         0          0          0         12        252          0   stdio_streams.o
       124          0          0          0          0         88   strcmpv7em.o
        32          0          0          0          0         80   strcspn.o
        28          0          0          0          0         80   strspn.o
        74          0          0          0          0         80   sys_stackheap_outer.o
        30          0          0          0          0         76   toupper.o
         2          0          0          0          0         68   use_no_semi.o
         2          0          0          0          0         68   use_no_semi_2.o
        12          4          0          0          0         68   vprintf.o
        96          0          0          0          0        132   ffltll_clz.o
        26          0          0          0          0        116   fpinit.o
         4          0          0          0          0        116   printf1.o
         4          0          0          0          0        116   printf2.o
         0          0          0          0          0          0   usenofp.o
        48          0          0          0          0        124   fpclassify.o

    ----------------------------------------------------------------------
     10850        540        566         12        352       8464   Library Totals
        20          0          3          0          4          0   (incl. Padding)

    ----------------------------------------------------------------------

      Code (inc. data)   RO Data    RW Data    ZI Data      Debug   Library Name

     10652        540        563         12        348       7860   c_w.l
       130          0          0          0          0        480   fz_wm.l
        48          0          0          0          0        124   m_wm.l

    ----------------------------------------------------------------------
     10850        540        566         12        352       8464   Library Totals

    ----------------------------------------------------------------------

==============================================================================


      Code (inc. data)   RO Data    RW Data    ZI Data      Debug   

     38546       3400       6474        100      54324     164025   Grand Totals
     38546       3400       6474        100      54324     164025   ELF Image Totals
     38546       3400       6474        100          0          0   ROM Totals

==============================================================================

    Total RO  Size (Code + RO Data)                45020 (  43.96kB)
    Total RW  Size (RW Data + ZI Data)             54424 (  53.15kB)
    Total ROM Size (Code + RO Data + RW Data)      45120 (  44.06kB)

==============================================================================

