Component: ARM Compiler 6.16 Tool: armlink [5dfeaa00]

==============================================================================

Section Cross References

    main_application.o(.text.Pre_Init) refers to drv_exwdt.o(.text.Disable_ExWDT) for Disable_ExWDT
    main_application.o(.text.Pre_Init) refers to drv_leds.o(.text.Preinit_LEDs) for Preinit_LEDs
    main_application.o(.text.Pre_Init) refers to drv_powersync.o(.text.init_PowerSync) for init_PowerSync
    main_application.o(.ARM.exidx.text.Pre_Init) refers to main_application.o(.text.Pre_Init) for [Anonymous Symbol]
    main_application.o(.text.main) refers to gd32f4xx_rcu.o(.text.rcu_clock_freq_get) for rcu_clock_freq_get
    main_application.o(.text.main) refers to main_application.o(.text.SysTick_Config) for SysTick_Config
    main_application.o(.text.main) refers to gd32f4xx_rcu.o(.text.rcu_periph_clock_enable) for rcu_periph_clock_enable
    main_application.o(.text.main) refers to drv_time.o(.text.InitTime) for InitTime
    main_application.o(.text.main) refers to drv_testpinkt.o(.text.init_TestPinKT) for init_TestPinKT
    main_application.o(.text.main) refers to drv_leds.o(.text.init_LEDs) for init_LEDs
    main_application.o(.text.main) refers to main_application.o(.bss.SPmtdDev) for SPmtdDev
    main_application.o(.text.main) refers to drv_eeprom.o(.text.initMTD) for initMTD
    main_application.o(.text.main) refers to drv_time.o(.text.Delay_ms) for Delay_ms
    main_application.o(.text.main) refers to lfs_storage.o(.text.storage_init) for storage_init
    main_application.o(.text.main) refers to lfs_storage.o(.bss.main_storage) for main_storage
    main_application.o(.text.main) refers to deviceusagestatistics.o(.text.InitDeviceUsageStatistics) for InitDeviceUsageStatistics
    main_application.o(.text.main) refers to devicetemperaturestatistics.o(.text.InitDeviceTempStatistics) for InitDeviceTempStatistics
    main_application.o(.text.main) refers to paramsystem.o(.text.LoadParamSystem) for LoadParamSystem
    main_application.o(.text.main) refers to paramapp.o(.text.LoadParamApp) for LoadParamApp
    main_application.o(.text.main) refers to lockunlock.o(.text.loadLockUnlockStatus) for loadLockUnlockStatus
    main_application.o(.text.main) refers to commandparser.o(.text.CommandParserInit) for CommandParserInit
    main_application.o(.text.main) refers to paramsystem.o(.bss.gParamSystem) for gParamSystem
    main_application.o(.text.main) refers to modbusrturoutine.o(.text.ModbusRtuRoutine_Init) for ModbusRtuRoutine_Init
    main_application.o(.text.main) refers to packetparser.o(.text.PacketParser_Init) for PacketParser_Init
    main_application.o(.text.main) refers to drv_monadc0.o(.text.InitMonADC0) for InitMonADC0
    main_application.o(.text.main) refers to drv_monadc1.o(.text.InitMonADC1) for InitMonADC1
    main_application.o(.text.main) refers to drv_monadc2.o(.text.InitMonADC2) for InitMonADC2
    main_application.o(.text.main) refers to drv_monp.o(.text.MonpInit) for MonpInit
    main_application.o(.text.main) refers to drv_ds18b20.o(.text.DS18B20_ini) for DS18B20_ini
    main_application.o(.text.main) refers to drv_kuop.o(.text.Init_KuOP) for Init_KuOP
    main_application.o(.text.main) refers to drv_icp.o(.text.Init_OPPower) for Init_OPPower
    main_application.o(.text.main) refers to drv_din.o(.text.InitDIn) for InitDIn
    main_application.o(.text.main) refers to drv_exwdt.o(.text.Enable_ExWDT) for Enable_ExWDT
    main_application.o(.text.main) refers to drv_exwdt.o(.text.Restart_ExWDT) for Restart_ExWDT
    main_application.o(.text.main) refers to drv_testpinkt.o(.text.ToggleKT_PIN102) for ToggleKT_PIN102
    main_application.o(.text.main) refers to main_application.o(.bss.main.TOModeWork) for main.TOModeWork
    main_application.o(.text.main) refers to drv_time.o(.text.EndTime) for EndTime
    main_application.o(.text.main) refers to drv_leds.o(.text.SetModeHLED) for SetModeHLED
    main_application.o(.text.main) refers to drv_time.o(.text.SetTime_ms) for SetTime_ms
    main_application.o(.text.main) refers to checkbue.o(.text.GetStatusBUENoCLR) for GetStatusBUENoCLR
    main_application.o(.text.main) refers to checkenviron.o(.text.GetStatusEnvNoCLR) for GetStatusEnvNoCLR
    main_application.o(.text.main) refers to drv_leds.o(.text.SetModeErrorLED) for SetModeErrorLED
    main_application.o(.text.main) refers to modbusrturoutine.o(.text.ModbusRtuRoutine) for ModbusRtuRoutine
    main_application.o(.text.main) refers to unicorn2routine.o(.text.Unicorn2Routine) for Unicorn2Routine
    main_application.o(.text.main) refers to drv_monadc0.o(.text.RoutineMonADC0) for RoutineMonADC0
    main_application.o(.text.main) refers to drv_monadc1.o(.text.RoutineMonADC1) for RoutineMonADC1
    main_application.o(.text.main) refers to drv_monadc2.o(.text.RoutineMonADC2) for RoutineMonADC2
    main_application.o(.text.main) refers to drv_ds18b20.o(.text.DS18B20_Routine) for DS18B20_Routine
[...]
    0x0800ea54   0x0800ea54   0x00000004   PAD
    0x0800ea58   0x0800ea58   0x000001a8   Code   RO          652    .text.RoutineSingleDin  drv_din.o
    0x0800ec00   0x0800ec00   0x0000004e   Code   RO         1806    .text.RtuGetRxCount  modbusrturoutine.o
    0x0800ec4e   0x0800ec4e   0x00000002   PAD
    0x0800ec50   0x0800ec50   0x0000004e   Code   RO         1810    .text.RtuGetTxFree  modbusrturoutine.o
    0x0800ec9e   0x0800ec9e   0x00000002   PAD
    0x0800eca0   0x0800eca0   0x0000004e   Code   RO         1808    .text.RtuPopRx      modbusrturoutine.o
    0x0800ecee   0x0800ecee   0x00000002   PAD
    0x0800ecf0   0x0800ecf0   0x0000005e   Code   RO         1814    .text.RtuPushTxBuf  modbusrturoutine.o
    0x0800ed4e   0x0800ed4e   0x00000002   PAD
    0x0800ed50   0x0800ed50   0x00000042   Code   RO          462    .text.SPI_exchange8  drv_spi.o
    0x0800ed92   0x0800ed92   0x00000002   PAD
    0x0800ed94   0x0800ed94   0x00000038   Code   RO          512    .text.SaveParamApp  paramapp.o
    0x0800edcc   0x0800edcc   0x00000038   Code   RO         1241    .text.SaveParamSystem  paramsystem.o
    0x0800ee04   0x0800ee04   0x0000005c   Code   RO         1076    .text.SetDeviceAddress  unicorn2routine.o
    0x0800ee60   0x0800ee60   0x00000018   Code   RO          568    .text.SetICPDisablePower  drv_icp.o
    0x0800ee78   0x0800ee78   0x00000012   Code   RO          491    .text.SetKT_PIN101  drv_testpinkt.o
    0x0800ee8a   0x0800ee8a   0x00000002   PAD
    0x0800ee8c   0x0800ee8c   0x0000016c   Code   RO          598    .text.SetKuOP       drv_kuop.o
    0x0800eff8   0x0800eff8   0x00000024   Code   RO          252    .text.SetModeErrorLED  drv_leds.o
    0x0800f01c   0x0800f01c   0x00000024   Code   RO          250    .text.SetModeHLED   drv_leds.o
    0x0800f040   0x0800f040   0x00000046   Code   RO          997    .text.SetRelativTime_ms  drv_time.o
    0x0800f086   0x0800f086   0x00000002   PAD
    0x0800f088   0x0800f088   0x00000052   Code   RO         1001    .text.SetTime_ms    drv_time.o
    0x0800f0da   0x0800f0da   0x00000002   PAD
    0x0800f0dc   0x0800f0dc   0x00000066   Code   RO         1003    .text.SetTime_us    drv_time.o
    0x0800f142   0x0800f142   0x00000002   PAD
    0x0800f144   0x0800f144   0x00000070   Code   RO         1074    .text.SetUARTSpeed  unicorn2routine.o
    0x0800f1b4   0x0800f1b4   0x0000003e   Code   RO          697    .text.ShiftMass     devicetemperaturestatistics.o
    0x0800f1f2   0x0800f1f2   0x00000002   PAD
    0x0800f1f4   0x0800f1f4   0x00000424   Code   RO          180    .text.SingleDS18B20_Routine  drv_ds18b20.o
    0x0800f618   0x0800f618   0x0000003e   Code   RO         1044    .text.Str2Char      packetparser.o
    0x0800f656   0x0800f656   0x00000002   PAD
    0x0800f658   0x0800f658   0x00000052   Code   RO            6    .text.SysTick_Config  main_application.o
    0x0800f6aa   0x0800f6aa   0x00000002   PAD
    0x0800f6ac   0x0800f6ac   0x00000018   Code   RO          981    .text.SysTick_Handler  drv_time.o
    0x0800f6c4   0x0800f6c4   0x000000fa   Code   RO         2784    .text.SystemInit    system_gd32f4xx.o
    0x0800f7be   0x0800f7be   0x00000002   PAD
    0x0800f7c0   0x0800f7c0   0x0000000e   Code   RO          985    .text.SystickClockMaxValue  drv_time.o
    0x0800f7ce   0x0800f7ce   0x00000002   PAD
    0x0800f7d0   0x0800f7d0   0x0000002c   Code   RO          989    .text.SystickClockPerSec  drv_time.o
    0x0800f7fc   0x0800f7fc   0x0000004c   Code   RO          654    .text.TMR_counter_read  drv_din.o
    0x0800f848   0x0800f848   0x00000130   Code   RO          881    .text.TelemParam    commandparsertelemparam.o
    0x0800f978   0x0800f978   0x000000a4   Code   RO          934    .text.Timer12_Init  drv_rs485x.o
    0x0800fa1c   0x0800fa1c   0x00000012   Code   RO          489    .text.ToggleKT_PIN102  drv_testpinkt.o
    0x0800fa2e   0x0800fa2e   0x00000002   PAD
    0x0800fa30   0x0800fa30   0x00000060   Code   RO          968    .text.TrsDrvDisable  drv_rs485x.o
    0x0800fa90   0x0800fa90   0x00000060   Code   RO          950    .text.TrsDrvEnable  drv_rs485x.o
    0x0800faf0   0x0800faf0   0x000000bc   Code   RO          516    .text.TryWrite      paramapp.o
    0x0800fbac   0x0800fbac   0x000000d4   Code   RO          701    .text.TryWrite      devicetemperaturestatistics.o
    0x0800fc80   0x0800fc80   0x000000cc   Code   RO         1190    .text.TryWrite      deviceusagestatistics.o
    0x0800fd4c   0x0800fd4c   0x000000ba   Code   RO         1251    .text.TryWrite      paramsystem.o
    0x0800fe06   0x0800fe06   0x00000002   PAD
    0x0800fe08   0x0800fe08   0x0000001e   Code   RO          545    .text.UART3_IRQHandler  drv_uart.o
    0x0800fe26   0x0800fe26   0x00000002   PAD
    0x0800fe28   0x0800fe28   0x0000000a   Code   RO          946    .text.UART7_IRQHandler  drv_rs485x.o
    0x0800fe32   0x0800fe32   0x00000002   PAD
    0x0800fe34   0x0800fe34   0x00000020   Code   RO          553    .text.UARTGetNumberOfByteRxFIFO  drv_uart.o
    0x0800fe54   0x0800fe54   0x000000a0   Code   RO          551    .text.UARTPopRxFIFO  drv_uart.o
    0x0800fef4   0x0800fef4   0x0000007c   Code   RO         1090    .text.UARTSetSpeed  unicorn2routine.o
    0x0800ff70   0x0800ff70   0x000000cc   Code   RO          547    .text.UART_Handler  drv_uart.o
    0x0801003c   0x0801003c   0x00000046   Code   RO          543    .text.UART_SetSpeed  drv_uart.o
    0x08010082   0x08010082   0x00000002   PAD
    0x08010084   0x08010084   0x0000000a   Code   RO          940    .text.USART1_IRQHandler  drv_rs485x.o
    0x0801008e   0x0801008e   0x00000002   PAD
    0x08010090   0x08010090   0x00000008   Code   RO           84    .text.USART2_IRQHandler  drv_1w.o
    0x08010098   0x08010098   0x0000000a   Code   RO          944    .text.USART5_IRQHandler  drv_rs485x.o
    0x080100a2   0x080100a2   0x00000002   PAD
    0x080100a4   0x080100a4   0x00000074   Code   RO          134    .text.USARTErrorInteruptDisable  drv_1w.o
    0x08010118   0x08010118   0x0000002e   Code   RO          142    .text.USARTErrorInteruptEnable  drv_1w.o
    0x08010146   0x08010146   0x00000002   PAD
    0x08010148   0x08010148   0x00000082   Code   RO          541    .text.UartInit      drv_uart.o
    0x080101ca   0x080101ca   0x00000002   PAD
    0x080101cc   0x080101cc   0x00000602   Code   RO         1078    .text.Unicorn2Routine  unicorn2routine.o
    0x080107ce   0x080107ce   0x00000002   PAD
    0x080107d0   0x080107d0   0x000001da   Code   RO         1034    .text.UnpacRxPacet  packetparser.o
    0x080109aa   0x080109aa   0x00000002   PAD
    0x080109ac   0x080109ac   0x0000005a   Code   RO          510    .text.ValidityCheck  paramapp.o
    0x08010a06   0x08010a06   0x00000002   PAD
    0x08010a08   0x08010a08   0x0000004a   Code   RO          687    .text.ValidityCheck  devicetemperaturestatistics.o
    0x08010a52   0x08010a52   0x00000002   PAD
    0x08010a54   0x08010a54   0x00000048   Code   RO         1182    .text.ValidityCheck  deviceusagestatistics.o
    0x08010a9c   0x08010a9c   0x00000032   Code   RO         1239    .text.ValidityCheck  paramsystem.o
    0x08010ace   0x08010ace   0x00000002   PAD
    0x08010ad0   0x08010ad0   0x00000102   Code   RO         1844    .text.WriteFileRecord  writefilerecord.o
    0x08010bd2   0x08010bd2   0x00000002   PAD
    0x08010bd4   0x08010bd4   0x0000007e   Code   RO          752    .text.WriteFlashPage  accessflash.o
    0x08010c52   0x08010c52   0x00000002   PAD
    0x08010c54   0x08010c54   0x00000098   Code   RO         1305    .text.WriteInternalFlashPage  drv_internalfmc.o
    0x08010cec   0x08010cec   0x00000170   Code   RO         1788    .text.WriteMultipleRegisters  writemultipleregisters.o
    0x08010e5c   0x08010e5c   0x00000056   Code   RO          624    .text.WriteSettingFlashPage  drv_unicorn2eeprom.o
    0x08010eb2   0x08010eb2   0x00000002   PAD
    0x08010eb4   0x08010eb4   0x000000c4   Code   RO         1780    .text.WriteSingleRegister  writesingleregister.o
    0x08010f78   0x08010f78   0x000000be   Code   RO          779    .text.WriteTabParam  accesstabparam.o
    0x08011036   0x08011036   0x00000002   PAD
    0x08011038   0x08011038   0x00000028   Code   RO          524    .text.WriteToFlashParamNow  paramapp.o
    0x08011060   0x08011060   0x0000001e   Code   RO         1253    .text.WriteToFlashParamNow  paramsystem.o
    0x0801107e   0x0801107e   0x00000002   PAD
    0x08011080   0x08011080   0x0000001e   Code   RO           40    .text.__ARM_isfinite  checkenviron.o
    0x0801109e   0x0801109e   0x00000002   PAD
    0x080110a0   0x080110a0   0x0000001e   Code   RO          164    .text.__ARM_isfinite  drv_ds18b20.o
    0x080110be   0x080110be   0x00000002   PAD
    0x080110c0   0x080110c0   0x0000001e   Code   RO          695    .text.__ARM_isfinite  devicetemperaturestatistics.o
    0x080110de   0x080110de   0x00000002   PAD
    0x080110e0   0x080110e0   0x00000018   Code   RO           38    .text.__ARM_isfinitef  checkenviron.o
    0x080110f8   0x080110f8   0x00000018   Code   RO          162    .text.__ARM_isfinitef  drv_ds18b20.o
    0x08011110   0x08011110   0x00000018   Code   RO          693    .text.__ARM_isfinitef  devicetemperaturestatistics.o
    0x08011128   0x08011128   0x00000042   Code   RO           10    .text.__NVIC_SetPriority  main_application.o
    0x0801116a   0x0801116a   0x00000002   PAD
    0x0801116c   0x0801116c   0x00000026   Code   RO           12    .text.__NVIC_SystemReset  main_application.o
    0x08011192   0x08011192   0x00000002   PAD
    0x08011194   0x08011194   0x0000000a   Code   RO         1128    .text._sys_close    dbg_console.o
    0x0801119e   0x0801119e   0x00000002   PAD
    0x080111a0   0x080111a0   0x00000008   Code   RO         1144    .text._sys_exit     dbg_console.o
    0x080111a8   0x080111a8   0x0000000c   Code   RO         1142    .text._sys_flen     dbg_console.o
    0x080111b4   0x080111b4   0x0000000a   Code   RO         1138    .text._sys_istty    dbg_console.o
    0x080111be   0x080111be   0x00000002   PAD
    0x080111c0   0x080111c0   0x0000000c   Code   RO         1126    .text._sys_open     dbg_console.o
    0x080111cc   0x080111cc   0x0000000e   Code   RO         1140    .text._sys_seek     dbg_console.o
    0x080111da   0x080111da   0x00000002   PAD
    0x080111dc   0x080111dc   0x00000010   Code   RO         1132    .text._sys_write    dbg_console.o
    0x080111ec   0x080111ec   0x00000008   Code   RO         1136    .text._ttywrch      dbg_console.o
    0x080111f4   0x080111f4   0x00000090   Code   RO         1899    .text.adc_channel_16_to_18  gd32f4xx_adc.o
    0x08011284   0x08011284   0x0000008e   Code   RO         1919    .text.adc_channel_length_config  gd32f4xx_adc.o
    0x08011312   0x08011312   0x00000002   PAD
    0x08011314   0x08011314   0x00000020   Code   RO         1887    .text.adc_clock_config  gd32f4xx_adc.o
    0x08011334   0x08011334   0x00000028   Code   RO         1891    .text.adc_data_alignment_config  gd32f4xx_adc.o
    0x0801135c   0x0801135c   0x00000018   Code   RO         1885    .text.adc_deinit    gd32f4xx_adc.o
    0x08011374   0x08011374   0x0000008c   Code   RO         1917    .text.adc_discontinuous_mode_config  gd32f4xx_adc.o
    0x08011400   0x08011400   0x00000012   Code   RO         1909    .text.adc_dma_mode_enable  gd32f4xx_adc.o
    0x08011412   0x08011412   0x00000002   PAD
    0x08011414   0x08011414   0x00000012   Code   RO         1913    .text.adc_dma_request_after_last_enable  gd32f4xx_adc.o
    0x08011426   0x08011426   0x00000002   PAD
    0x08011428   0x08011428   0x0000001e   Code   RO         1893    .text.adc_enable    gd32f4xx_adc.o
    0x08011446   0x08011446   0x00000002   PAD
    0x08011448   0x08011448   0x00000056   Code   RO         1929    .text.adc_external_trigger_config  gd32f4xx_adc.o
    0x0801149e   0x0801149e   0x00000002   PAD
    0x080114a0   0x080114a0   0x00000052   Code   RO         1927    .text.adc_external_trigger_source_config  gd32f4xx_adc.o
    0x080114f2   0x080114f2   0x00000002   PAD
    0x080114f4   0x080114f4   0x00000016   Code   RO         1907    .text.adc_oversample_mode_disable  gd32f4xx_adc.o
    0x0801150a   0x0801150a   0x00000002   PAD
    0x0801150c   0x0801150c   0x0000001e   Code   RO         1901    .text.adc_resolution_config  gd32f4xx_adc.o
    0x0801152a   0x0801152a   0x00000002   PAD
    0x0801152c   0x0801152c   0x00000174   Code   RO         1921    .text.adc_routine_channel_config  gd32f4xx_adc.o
    0x080116a0   0x080116a0   0x000000a6   Code   RO         1889    .text.adc_special_function_config  gd32f4xx_adc.o
    0x08011746   0x08011746   0x00000002   PAD
    0x08011748   0x08011748   0x00000020   Code   RO         1969    .text.adc_sync_dma_config  gd32f4xx_adc.o
    0x08011768   0x08011768   0x00000020   Code   RO         1965    .text.adc_sync_mode_config  gd32f4xx_adc.o
    0x08011788   0x08011788   0x0000005e   Code   RO          807    .text.deviceDateOfManufactureToStr  commandparser.o
    0x080117e6   0x080117e6   0x00000002   PAD
    0x080117e8   0x080117e8   0x00000022   Code   RO         2064    .text.dma_channel_enable  gd32f4xx_dma.o
    0x0801180a   0x0801180a   0x00000002   PAD
    0x0801180c   0x0801180c   0x00000048   Code   RO         2074    .text.dma_channel_subperipheral_select  gd32f4xx_dma.o
    0x08011854   0x08011854   0x00000022   Code   RO         2062    .text.dma_circulation_disable  gd32f4xx_dma.o
    0x08011876   0x08011876   0x00000002   PAD
    0x08011878   0x08011878   0x000000dc   Code   RO         2028    .text.dma_deinit    gd32f4xx_dma.o
    0x08011954   0x08011954   0x00000066   Code   RO         2084    .text.dma_flag_clear  gd32f4xx_dma.o
    0x080119ba   0x080119ba   0x00000002   PAD
    0x080119bc   0x080119bc   0x00000086   Code   RO         2082    .text.dma_flag_get  gd32f4xx_dma.o
    0x08011a42   0x08011a42   0x00000002   PAD
    0x08011a44   0x08011a44   0x00000046   Code   RO         2086    .text.dma_interrupt_enable  gd32f4xx_dma.o
    0x08011a8a   0x08011a8a   0x00000002   PAD
    0x08011a8c   0x08011a8c   0x00000066   Code   RO         2092    .text.dma_interrupt_flag_clear  gd32f4xx_dma.o
    0x08011af2   0x08011af2   0x00000002   PAD
    0x08011af4   0x08011af4   0x000002de   Code   RO         2090    .text.dma_interrupt_flag_get  gd32f4xx_dma.o
    0x08011dd2   0x08011dd2   0x00000002   PAD
    0x08011dd4   0x08011dd4   0x0000018a   Code   RO         2036    .text.dma_multi_data_mode_init  gd32f4xx_dma.o
    0x08011f5e   0x08011f5e   0x00000002   PAD
    0x08011f60   0x08011f60   0x0000003c   Code   RO         2032    .text.dma_multi_data_para_struct_init  gd32f4xx_dma.o
    0x08011f9c   0x08011f9c   0x00000174   Code   RO         2034    .text.dma_single_data_mode_init  gd32f4xx_dma.o
    0x08012110   0x08012110   0x00000030   Code   RO         2030    .text.dma_single_data_para_struct_init  gd32f4xx_dma.o
    0x08012140   0x08012140   0x00000058   Code   RO         2070    .text.dma_switch_buffer_mode_config  gd32f4xx_dma.o
    0x08012198   0x08012198   0x0000004a   Code   RO         2078    .text.dma_switch_buffer_mode_enable  gd32f4xx_dma.o
    0x080121e2   0x080121e2   0x00000002   PAD
    0x080121e4   0x080121e4   0x00000032   Code   RO         2072    .text.dma_using_memory_get  gd32f4xx_dma.o
    0x08012216   0x08012216   0x00000002   PAD
    0x08012218   0x08012218   0x0000002a   Code   RO          209    .text.doWriteEnable  drv_eeprom.o
    0x08012242   0x08012242   0x00000002   PAD
    0x08012244   0x08012244   0x00000036   Code   RO          999    .text.fGetTime      drv_time.o
    0x0801227a   0x0801227a   0x00000002   PAD
    0x0801227c   0x0801227c   0x0000006a   Code   RO         2123    .text.fmc_byte_program  gd32f4xx_fmc.o
    0x080122e6   0x080122e6   0x00000002   PAD
    0x080122e8   0x080122e8   0x00000012   Code   RO         2105    .text.fmc_lock      gd32f4xx_fmc.o
    0x080122fa   0x080122fa   0x00000002   PAD
    0x080122fc   0x080122fc   0x00000090   Code   RO         2107    .text.fmc_page_erase  gd32f4xx_fmc.o
    0x0801238c   0x0801238c   0x00000058   Code   RO         2109    .text.fmc_ready_wait  gd32f4xx_fmc.o
    0x080123e4   0x080123e4   0x000000a2   Code   RO         2177    .text.fmc_state_get  gd32f4xx_fmc.o
    0x08012486   0x08012486   0x00000002   PAD
    0x08012488   0x08012488   0x00000030   Code   RO         2103    .text.fmc_unlock    gd32f4xx_fmc.o
    0x080124b8   0x080124b8   0x000000d4   Code   RO         2208    .text.gpio_af_set   gd32f4xx_gpio.o
    0x0801258c   0x0801258c   0x00000010   Code   RO         2194    .text.gpio_bit_reset  gd32f4xx_gpio.o
    0x0801259c   0x0801259c   0x00000010   Code   RO         2192    .text.gpio_bit_set  gd32f4xx_gpio.o
    0x080125ac   0x080125ac   0x00000010   Code   RO         2212    .text.gpio_bit_toggle  gd32f4xx_gpio.o
    0x080125bc   0x080125bc   0x0000002a   Code   RO         2200    .text.gpio_input_bit_get  gd32f4xx_gpio.o
    0x080125e6   0x080125e6   0x00000002   PAD
    0x080125e8   0x080125e8   0x0000009c   Code   RO         2188    .text.gpio_mode_set  gd32f4xx_gpio.o
    0x08012684   0x08012684   0x00000092   Code   RO         2190    .text.gpio_output_options_set  gd32f4xx_gpio.o
    0x08012716   0x08012716   0x00000002   PAD
    0x08012718   0x08012718   0x000000e4   Code   RO          191    .text.initMTD       drv_eeprom.o
    0x080127fc   0x080127fc   0x0000014a   Code   RO          246    .text.init_LEDs     drv_leds.o
    0x08012946   0x08012946   0x00000002   PAD
    0x08012948   0x08012948   0x00000142   Code   RO          608    .text.init_PowerSync  drv_powersync.o
    0x08012a8a   0x08012a8a   0x00000002   PAD
    0x08012a8c   0x08012a8c   0x0000003a   Code   RO          483    .text.init_TestPinKT  drv_testpinkt.o
    0x08012ac6   0x08012ac6   0x00000002   PAD
    0x08012ac8   0x08012ac8   0x0000003e   Code   RO         1273    .text.isKeyUnlocked  lockunlock.o
    0x08012b06   0x08012b06   0x00000002   PAD
    0x08012b08   0x08012b08   0x00000014   Code   RO         1487    .text.lfs_aligndown  lfs.o
    0x08012b1c   0x08012b1c   0x00000018   Code   RO         1479    .text.lfs_alignup   lfs.o
    0x08012b34   0x08012b34   0x000000f4   Code   RO         1473    .text.lfs_alloc     lfs.o
    0x08012c28   0x08012c28   0x0000000e   Code   RO         1453    .text.lfs_alloc_ckpoint  lfs.o
    0x08012c36   0x08012c36   0x00000002   PAD
    0x08012c38   0x08012c38   0x0000001a   Code   RO         1485    .text.lfs_alloc_drop  lfs.o
    0x08012c52   0x08012c52   0x00000002   PAD
    0x08012c54   0x08012c54   0x0000004c   Code   RO         1483    .text.lfs_alloc_lookahead  lfs.o
    0x08012ca0   0x08012ca0   0x00000070   Code   RO         1481    .text.lfs_alloc_scan  lfs.o
    0x08012d10   0x08012d10   0x000000ba   Code   RO         1553    .text.lfs_bd_cmp    lfs.o
    0x08012dca   0x08012dca   0x00000002   PAD
    0x08012dcc   0x08012dcc   0x000000a2   Code   RO         1593    .text.lfs_bd_crc    lfs.o
    0x08012e6e   0x08012e6e   0x00000002   PAD
    0x08012e70   0x08012e70   0x00000062   Code   RO         1525    .text.lfs_bd_erase  lfs.o
    0x08012ed2   0x08012ed2   0x00000002   PAD
    0x08012ed4   0x08012ed4   0x0000011e   Code   RO         1551    .text.lfs_bd_flush  lfs.o
    0x08012ff2   0x08012ff2   0x00000002   PAD
    0x08012ff4   0x08012ff4   0x000001a6   Code   RO         1529    .text.lfs_bd_prog   lfs.o
    0x0801319a   0x0801319a   0x00000002   PAD
    0x0801319c   0x0801319c   0x000002c2   Code   RO         1475    .text.lfs_bd_read   lfs.o
    0x0801345e   0x0801345e   0x00000002   PAD
    0x08013460   0x08013460   0x0000006c   Code   RO         1597    .text.lfs_bd_sync   lfs.o
    0x080134cc   0x080134cc   0x00000012   Code   RO         1531    .text.lfs_cache_drop  lfs.o
    0x080134de   0x080134de   0x00000002   PAD
    0x080134e0   0x080134e0   0x00000024   Code   RO         1471    .text.lfs_cache_zero  lfs.o
    0x08013504   0x08013504   0x00000066   Code   RO         1716    .text.lfs_crc       lfs_util.o
    0x0801356a   0x0801356a   0x00000002   PAD
    0x0801356c   0x0801356c   0x00000012   Code   RO         1563    .text.lfs_ctz       lfs.o
    0x0801357e   0x0801357e   0x00000002   PAD
    0x08013580   0x08013580   0x0000024a   Code   RO         1567    .text.lfs_ctz_extend  lfs.o
    0x080137ca   0x080137ca   0x00000002   PAD
    0x080137cc   0x080137cc   0x000000e0   Code   RO         1559    .text.lfs_ctz_find  lfs.o
    0x080138ac   0x080138ac   0x00000022   Code   RO         1667    .text.lfs_ctz_fromle32  lfs.o
    0x080138ce   0x080138ce   0x00000002   PAD
    0x080138d0   0x080138d0   0x00000074   Code   RO         1561    .text.lfs_ctz_index  lfs.o
    0x08013944   0x08013944   0x00000022   Code   RO         1675    .text.lfs_ctz_tole32  lfs.o
    0x08013966   0x08013966   0x00000002   PAD
    0x08013968   0x08013968   0x00000100   Code   RO         1679    .text.lfs_ctz_traverse  lfs.o
    0x08013a68   0x08013a68   0x00000048   Code   RO         1465    .text.lfs_deinit    lfs.o
    0x08013ab0   0x08013ab0   0x0000000c   Code   RO         1699    .text.lfs_device_erase  lfs_storage.o
    0x08013abc   0x08013abc   0x0000003c   Code   RO         1697    .text.lfs_device_prog  lfs_storage.o
    0x08013af8   0x08013af8   0x0000003c   Code   RO         1695    .text.lfs_device_read  lfs_storage.o
    0x08013b34   0x08013b34   0x0000000a   Code   RO         1701    .text.lfs_device_sync  lfs_storage.o
    0x08013b3e   0x08013b3e   0x00000002   PAD
    0x08013b40   0x08013b40   0x000000e8   Code   RO         1455    .text.lfs_dir_alloc  lfs.o
    0x08013c28   0x08013c28   0x00000054   Code   RO         1461    .text.lfs_dir_commit  lfs.o
    0x08013c7c   0x08013c7c   0x00000020   Code   RO         1573    .text.lfs_dir_commit_commit  lfs.o
    0x08013c9c   0x08013c9c   0x00000024   Code   RO         1599    .text.lfs_dir_commit_size  lfs.o
    0x08013cc0   0x08013cc0   0x0000011a   Code   RO         1581    .text.lfs_dir_commitattr  lfs.o
    0x08013dda   0x08013dda   0x00000002   PAD
    0x08013ddc   0x08013ddc   0x000002e8   Code   RO         1583    .text.lfs_dir_commitcrc  lfs.o
    0x080140c4   0x080140c4   0x0000006a   Code   RO         1591    .text.lfs_dir_commitprog  lfs.o
    0x0801412e   0x0801412e   0x00000002   PAD
    0x08014130   0x08014130   0x000003da   Code   RO         1605    .text.lfs_dir_compact  lfs.o
    0x0801450a   0x0801450a   0x00000002   PAD
    0x0801450c   0x0801450c   0x00000030   Code   RO         1463    .text.lfs_dir_fetch  lfs.o
    0x0801453c   0x0801453c   0x0000073a   Code   RO         1617    .text.lfs_dir_fetchmatch  lfs.o
    0x08014c76   0x08014c76   0x00000002   PAD
    0x08014c78   0x08014c78   0x0000025c   Code   RO         1647    .text.lfs_dir_find  lfs.o
    0x08014ed4   0x08014ed4   0x000000a2   Code   RO         1635    .text.lfs_dir_find_match  lfs.o
    0x08014f76   0x08014f76   0x00000002   PAD
    0x08014f78   0x08014f78   0x00000050   Code   RO         1611    .text.lfs_dir_get   lfs.o
    0x08014fc8   0x08014fc8   0x00000064   Code   RO         1503    .text.lfs_dir_getgstate  lfs.o
    0x0801502c   0x0801502c   0x000001cc   Code   RO         1527    .text.lfs_dir_getread  lfs.o
    0x080151f8   0x080151f8   0x00000200   Code   RO         1533    .text.lfs_dir_getslice  lfs.o
    0x080153f8   0x080153f8   0x00000044   Code   RO         1603    .text.lfs_dir_needsrelocation  lfs.o
    0x0801543c   0x0801543c   0x0000063a   Code   RO         1491    .text.lfs_dir_orphaningcommit  lfs.o
    0x08015a76   0x08015a76   0x00000002   PAD
    0x08015a78   0x08015a78   0x00000582   Code   RO         1501    .text.lfs_dir_relocatingcommit  lfs.o
    0x08015ffa   0x08015ffa   0x00000002   PAD
    0x08015ffc   0x08015ffc   0x000000c8   Code   RO         1601    .text.lfs_dir_split  lfs.o
    0x080160c4   0x080160c4   0x000002ae   Code   RO         1585    .text.lfs_dir_splittingcompact  lfs.o
    0x08016372   0x08016372   0x00000002   PAD
    0x08016374   0x08016374   0x00000572   Code   RO         1571    .text.lfs_dir_traverse  lfs.o
    0x080168e6   0x080168e6   0x00000002   PAD
    0x080168e8   0x080168e8   0x000000c6   Code   RO         1587    .text.lfs_dir_traverse_filter  lfs.o
    0x080169ae   0x080169ae   0x00000002   PAD
    0x080169b0   0x080169b0   0x00000022   Code   RO         1629    .text.lfs_fcrc_fromle32  lfs.o
    0x080169d2   0x080169d2   0x00000002   PAD
    0x080169d4   0x080169d4   0x00000022   Code   RO         1595    .text.lfs_fcrc_tole32  lfs.o
    0x080169f6   0x080169f6   0x00000002   PAD
    0x080169f8   0x080169f8   0x00000056   Code   RO         1361    .text.lfs_file_close  lfs.o
    0x08016a4e   0x08016a4e   0x00000002   PAD
    0x08016a50   0x08016a50   0x00000034   Code   RO         1363    .text.lfs_file_close_  lfs.o
    0x08016a84   0x08016a84   0x000001e2   Code   RO         1499    .text.lfs_file_flush  lfs.o
    0x08016c66   0x08016c66   0x00000002   PAD
    0x08016c68   0x08016c68   0x000001cc   Code   RO         1555    .text.lfs_file_flushedread  lfs.o
    0x08016e34   0x08016e34   0x00000228   Code   RO         1557    .text.lfs_file_flushedwrite  lfs.o
    0x0801705c   0x0801705c   0x0000006c   Code   RO         1357    .text.lfs_file_opencfg  lfs.o
    0x080170c8   0x080170c8   0x000003ba   Code   RO         1359    .text.lfs_file_opencfg_  lfs.o
    0x08017482   0x08017482   0x00000002   PAD
    0x08017484   0x08017484   0x00000040   Code   RO         1497    .text.lfs_file_outline  lfs.o
    0x080174c4   0x080174c4   0x0000005e   Code   RO         1369    .text.lfs_file_read  lfs.o
    0x08017522   0x08017522   0x00000002   PAD
    0x08017524   0x08017524   0x0000006e   Code   RO         1371    .text.lfs_file_read_  lfs.o
    0x08017592   0x08017592   0x00000002   PAD
    0x08017594   0x08017594   0x000001d4   Code   RO         1523    .text.lfs_file_relocate  lfs.o
    0x08017768   0x08017768   0x0000013c   Code   RO         1367    .text.lfs_file_sync_  lfs.o
    0x080178a4   0x080178a4   0x0000005e   Code   RO         1373    .text.lfs_file_write  lfs.o
    0x08017902   0x08017902   0x00000002   PAD
    0x08017904   0x08017904   0x00000128   Code   RO         1375    .text.lfs_file_write_  lfs.o
    0x08017a2c   0x08017a2c   0x0000002e   Code   RO         1315    .text.lfs_format    lfs.o
    0x08017a5a   0x08017a5a   0x00000002   PAD
    0x08017a5c   0x08017a5c   0x00000144   Code   RO         1317    .text.lfs_format_   lfs.o
    0x08017ba0   0x08017ba0   0x00000010   Code   RO         1633    .text.lfs_free      lfs.o
    0x08017bb0   0x08017bb0   0x0000000c   Code   RO         1537    .text.lfs_frombe32  lfs.o
    0x08017bbc   0x08017bbc   0x0000000a   Code   RO         1477    .text.lfs_fromle32  lfs.o
    0x08017bc6   0x08017bc6   0x00000002   PAD
    0x08017bc8   0x08017bc8   0x000000f2   Code   RO         1653    .text.lfs_fs_demove  lfs.o
    0x08017cba   0x08017cba   0x00000002   PAD
    0x08017cbc   0x08017cbc   0x00000370   Code   RO         1493    .text.lfs_fs_deorphan  lfs.o
    0x0801802c   0x0801802c   0x000000ca   Code   RO         1651    .text.lfs_fs_desuperblock  lfs.o
    0x080180f6   0x080180f6   0x00000002   PAD
    0x080180f8   0x080180f8   0x0000000e   Code   RO         1457    .text.lfs_fs_disk_version  lfs.o
    0x08018106   0x08018106   0x00000002   PAD
    0x08018108   0x08018108   0x00000012   Code   RO         1639    .text.lfs_fs_disk_version_major  lfs.o
    0x0801811a   0x0801811a   0x00000002   PAD
    0x0801811c   0x0801811c   0x00000012   Code   RO         1641    .text.lfs_fs_disk_version_minor  lfs.o
    0x0801812e   0x0801812e   0x00000002   PAD
    0x08018130   0x08018130   0x00000050   Code   RO         1645    .text.lfs_fs_forceconsistency  lfs.o
    0x08018180   0x08018180   0x000000ce   Code   RO         1509    .text.lfs_fs_parent  lfs.o
    0x0801824e   0x0801824e   0x00000002   PAD
    0x08018250   0x08018250   0x0000007a   Code   RO         1619    .text.lfs_fs_parent_match  lfs.o
    0x080182ca   0x080182ca   0x00000002   PAD
    0x080182cc   0x080182cc   0x000000a2   Code   RO         1519    .text.lfs_fs_pred   lfs.o
    0x0801836e   0x0801836e   0x00000002   PAD
    0x08018370   0x08018370   0x0000008c   Code   RO         1517    .text.lfs_fs_prepmove  lfs.o
    0x080183fc   0x080183fc   0x0000009c   Code   RO         1511    .text.lfs_fs_preporphans  lfs.o
    0x08018498   0x08018498   0x00000022   Code   RO         1643    .text.lfs_fs_prepsuperblock  lfs.o
    0x080184ba   0x080184ba   0x00000002   PAD
    0x080184bc   0x080184bc   0x00000034   Code   RO         1431    .text.lfs_fs_size_  lfs.o
    0x080184f0   0x080184f0   0x00000018   Code   RO         1677    .text.lfs_fs_size_count  lfs.o
    0x08018508   0x08018508   0x000002ac   Code   RO         1435    .text.lfs_fs_traverse_  lfs.o
    0x080187b4   0x080187b4   0x0000002e   Code   RO         1613    .text.lfs_gstate_fromle32  lfs.o
    0x080187e2   0x080187e2   0x00000002   PAD
    0x080187e4   0x080187e4   0x00000014   Code   RO         1631    .text.lfs_gstate_getorphans  lfs.o
    0x080187f8   0x080187f8   0x00000018   Code   RO         1657    .text.lfs_gstate_hasmove  lfs.o
    0x08018810   0x08018810   0x00000038   Code   RO         1513    .text.lfs_gstate_hasmovehere  lfs.o
    0x08018848   0x08018848   0x00000018   Code   RO         1521    .text.lfs_gstate_hasorphans  lfs.o
    0x08018860   0x08018860   0x00000034   Code   RO         1577    .text.lfs_gstate_iszero  lfs.o
    0x08018894   0x08018894   0x00000020   Code   RO         1655    .text.lfs_gstate_needssuperblock  lfs.o
    0x080188b4   0x080188b4   0x0000002e   Code   RO         1579    .text.lfs_gstate_tole32  lfs.o
    0x080188e2   0x080188e2   0x00000002   PAD
    0x080188e4   0x080188e4   0x0000002e   Code   RO         1575    .text.lfs_gstate_xor  lfs.o
    0x08018912   0x08018912   0x00000002   PAD
    0x08018914   0x08018914   0x000007e6   Code   RO         1449    .text.lfs_init      lfs.o
    0x080190fa   0x080190fa   0x00000002   PAD
    0x080190fc   0x080190fc   0x00000010   Code   RO         1469    .text.lfs_malloc    lfs.o
    0x0801910c   0x0801910c   0x00000022   Code   RO         1549    .text.lfs_max       lfs.o
    0x0801912e   0x0801912e   0x00000002   PAD
    0x08019130   0x08019130   0x00000022   Code   RO         1451    .text.lfs_min       lfs.o
    0x08019152   0x08019152   0x00000002   PAD
    0x08019154   0x08019154   0x00000018   Code   RO         1671    .text.lfs_mlist_append  lfs.o
    0x0801916c   0x0801916c   0x00000042   Code   RO         1353    .text.lfs_mlist_isopen  lfs.o
    0x080191ae   0x080191ae   0x00000002   PAD
    0x080191b0   0x080191b0   0x0000003a   Code   RO         1673    .text.lfs_mlist_remove  lfs.o
    0x080191ea   0x080191ea   0x00000002   PAD
    0x080191ec   0x080191ec   0x0000002e   Code   RO         1319    .text.lfs_mount     lfs.o
    0x0801921a   0x0801921a   0x00000002   PAD
    0x0801921c   0x0801921c   0x00000490   Code   RO         1321    .text.lfs_mount_    lfs.o
    0x080196ac   0x080196ac   0x00000014   Code   RO         1467    .text.lfs_npw2      lfs.o
    0x080196c0   0x080196c0   0x0000005a   Code   RO         1495    .text.lfs_pair_cmp  lfs.o
    0x0801971a   0x0801971a   0x00000002   PAD
    0x0801971c   0x0801971c   0x00000022   Code   RO         1507    .text.lfs_pair_fromle32  lfs.o
    0x0801973e   0x0801973e   0x00000002   PAD
    0x08019740   0x08019740   0x0000002c   Code   RO         1607    .text.lfs_pair_isnull  lfs.o
    0x0801976c   0x0801976c   0x0000005c   Code   RO         1621    .text.lfs_pair_issync  lfs.o
    0x080197c8   0x080197c8   0x0000001a   Code   RO         1609    .text.lfs_pair_swap  lfs.o
    0x080197e2   0x080197e2   0x00000002   PAD
    0x080197e4   0x080197e4   0x00000022   Code   RO         1505    .text.lfs_pair_tole32  lfs.o
    0x08019806   0x08019806   0x00000002   PAD
    0x08019808   0x08019808   0x0000001e   Code   RO         1661    .text.lfs_path_isdir  lfs.o
    0x08019826   0x08019826   0x00000002   PAD
    0x08019828   0x08019828   0x00000038   Code   RO         1659    .text.lfs_path_islast  lfs.o
    0x08019860   0x08019860   0x00000018   Code   RO         1663    .text.lfs_path_namelen  lfs.o
    0x08019878   0x08019878   0x00000032   Code   RO         1565    .text.lfs_popc      lfs.o
    0x080198aa   0x080198aa   0x00000002   PAD
    0x080198ac   0x080198ac   0x00000010   Code   RO         1623    .text.lfs_scmp      lfs.o
    0x080198bc   0x080198bc   0x00000052   Code   RO         1637    .text.lfs_superblock_fromle32  lfs.o
    0x0801990e   0x0801990e   0x00000002   PAD
    0x08019910   0x08019910   0x00000052   Code   RO         1459    .text.lfs_superblock_tole32  lfs.o
    0x08019962   0x08019962   0x00000002   PAD
    0x08019964   0x08019964   0x0000000e   Code   RO         1547    .text.lfs_tag_chunk  lfs.o
    0x08019972   0x08019972   0x00000002   PAD
    0x08019974   0x08019974   0x0000001e   Code   RO         1535    .text.lfs_tag_dsize  lfs.o
    0x08019992   0x08019992   0x00000002   PAD
    0x08019994   0x08019994   0x0000000e   Code   RO         1515    .text.lfs_tag_id    lfs.o
    0x080199a2   0x080199a2   0x00000002   PAD
    0x080199a4   0x080199a4   0x00000018   Code   RO         1543    .text.lfs_tag_isdelete  lfs.o
    0x080199bc   0x080199bc   0x00000012   Code   RO         1625    .text.lfs_tag_isvalid  lfs.o
    0x080199ce   0x080199ce   0x00000002   PAD
    0x080199d0   0x080199d0   0x0000000e   Code   RO         1545    .text.lfs_tag_size  lfs.o
    0x080199de   0x080199de   0x00000002   PAD
    0x080199e0   0x080199e0   0x00000012   Code   RO         1541    .text.lfs_tag_splice  lfs.o
    0x080199f2   0x080199f2   0x00000002   PAD
    0x080199f4   0x080199f4   0x00000010   Code   RO         1539    .text.lfs_tag_type1  lfs.o
    0x08019a04   0x08019a04   0x00000010   Code   RO         1627    .text.lfs_tag_type2  lfs.o
    0x08019a14   0x08019a14   0x0000000e   Code   RO         1569    .text.lfs_tag_type3  lfs.o
    0x08019a22   0x08019a22   0x00000002   PAD
    0x08019a24   0x08019a24   0x00000010   Code   RO         1589    .text.lfs_tobe32    lfs.o
    0x08019a34   0x08019a34   0x00000010   Code   RO         1489    .text.lfs_tole32    lfs.o
    0x08019a44   0x08019a44   0x0000007e   Code   RO         1615    .text.lfs_tortoise_detectcycles  lfs.o
    0x08019ac2   0x08019ac2   0x00000002   PAD
    0x08019ac4   0x08019ac4   0x00000010   Code   RO         1325    .text.lfs_unmount_  lfs.o
    0x08019ad4   0x08019ad4   0x00000044   Code   RO         1269    .text.loadLockUnlockStatus  lockunlock.o
    0x08019b18   0x08019b18   0x00000042   Code   RO         1211    .text.log_print     logger.o
    0x08019b5a   0x08019b5a   0x00000002   PAD
    0x08019b5c   0x08019b5c   0x0000008e   Code   RO         1213    .text.log_vprint    logger.o
    0x08019bea   0x08019bea   0x00000002   PAD
    0x08019bec   0x08019bec   0x000001b4   Code   RO            4    .text.main          main_application.o
    0x08019da0   0x08019da0   0x00000022   Code   RO          211    .text.max           drv_eeprom.o
    0x08019dc2   0x08019dc2   0x00000002   PAD
    0x08019dc4   0x08019dc4   0x00000022   Code   RO          193    .text.min           drv_eeprom.o
    0x08019de6   0x08019de6   0x00000002   PAD
    0x08019de8   0x08019de8   0x00000022   Code   RO          956    .text.min           drv_rs485x.o
    0x08019e0a   0x08019e0a   0x00000002   PAD
    0x08019e0c   0x08019e0c   0x00000022   Code   RO         1812    .text.min_u32       modbusrturoutine.o
    0x08019e2e   0x08019e2e   0x00000002   PAD
    0x08019e30   0x08019e30   0x00000022   Code   RO          840    .text.min_uint32    commandparserfunction.o
    0x08019e52   0x08019e52   0x00000002   PAD
    0x08019e54   0x08019e54   0x00000086   Code   RO          811    .text.monthToQuarter  commandparser.o
    0x08019eda   0x08019eda   0x00000002   PAD
    0x08019edc   0x08019edc   0x0000006c   Code   RO          197    .text.mtdRead       drv_eeprom.o
    0x08019f48   0x08019f48   0x00000078   Code   RO          201    .text.mtdWrite      drv_eeprom.o
    0x08019fc0   0x08019fc0   0x0000012a   Code   RO         2225    .text.nvic_irq_enable  gd32f4xx_misc.o
    0x0801a0ea   0x0801a0ea   0x00000002   PAD
    0x0801a0ec   0x0801a0ec   0x0000001c   Code   RO         2223    .text.nvic_priority_group_set  gd32f4xx_misc.o
    0x0801a108   0x0801a108   0x00000162   Code   RO         2376    .text.rcu_clock_freq_get  gd32f4xx_rcu.o
    0x0801a26a   0x0801a26a   0x00000002   PAD
    0x0801a26c   0x0801a26c   0x00000028   Code   RO         2298    .text.rcu_periph_clock_enable  gd32f4xx_rcu.o
    0x0801a294   0x0801a294   0x00000028   Code   RO         2308    .text.rcu_periph_reset_disable  gd32f4xx_rcu.o
    0x0801a2bc   0x0801a2bc   0x00000028   Code   RO         2306    .text.rcu_periph_reset_enable  gd32f4xx_rcu.o
    0x0801a2e4   0x0801a2e4   0x00000038   Code   RO         2344    .text.rcu_timer_clock_prescaler_config  gd32f4xx_rcu.o
    0x0801a31c   0x0801a31c   0x00000048   Code   RO          219    .text.readStatusRegister  drv_eeprom.o
    0x0801a364   0x0801a364   0x00000086   Code   RO          195    .text.setProtectionEEPROM  drv_eeprom.o
    0x0801a3ea   0x0801a3ea   0x00000002   PAD
    0x0801a3ec   0x0801a3ec   0x000000dc   Code   RO          213    .text.spiNByteRead  drv_eeprom.o
    0x0801a4c8   0x0801a4c8   0x0000012a   Code   RO          215    .text.spiNByteWrite  drv_eeprom.o
    0x0801a5f2   0x0801a5f2   0x00000002   PAD
    0x0801a5f4   0x0801a5f4   0x000000f8   Code   RO          199    .text.spiReadChunked  drv_eeprom.o
    0x0801a6ec   0x0801a6ec   0x0000010e   Code   RO          203    .text.spiWriteChunked  drv_eeprom.o
    0x0801a7fa   0x0801a7fa   0x00000002   PAD
    0x0801a7fc   0x0801a7fc   0x0000004a   Code   RO          474    .text.spi_bufRx     drv_spi.o
    0x0801a846   0x0801a846   0x00000002   PAD
    0x0801a848   0x0801a848   0x00000048   Code   RO          472    .text.spi_bufTx     drv_spi.o
    0x0801a890   0x0801a890   0x0000004a   Code   RO          450    .text.spi_configure_cs  drv_spi.o
    0x0801a8da   0x0801a8da   0x00000002   PAD
    0x0801a8dc   0x0801a8dc   0x00000028   Code   RO          458    .text.spi_disable_cs  drv_spi.o
    0x0801a904   0x0801a904   0x00000012   Code   RO         2403    .text.spi_enable    gd32f4xx_spi.o
    0x0801a916   0x0801a916   0x00000002   PAD
    0x0801a918   0x0801a918   0x00000028   Code   RO          456    .text.spi_enable_cs  drv_spi.o
    0x0801a940   0x0801a940   0x00000046   Code   RO          464    .text.spi_exchange16  drv_spi.o
    0x0801a986   0x0801a986   0x00000002   PAD
    0x0801a988   0x0801a988   0x00000052   Code   RO          466    .text.spi_exchange24  drv_spi.o
    0x0801a9da   0x0801a9da   0x00000002   PAD
    0x0801a9dc   0x0801a9dc   0x0000003a   Code   RO          460    .text.spi_exchange8  drv_spi.o
    0x0801aa16   0x0801aa16   0x00000002   PAD
    0x0801aa18   0x0801aa18   0x0000000e   Code   RO         2431    .text.spi_i2s_data_receive  gd32f4xx_spi.o
    0x0801aa26   0x0801aa26   0x00000002   PAD
    0x0801aa28   0x0801aa28   0x00000014   Code   RO         2429    .text.spi_i2s_data_transmit  gd32f4xx_spi.o
    0x0801aa3c   0x0801aa3c   0x000000da   Code   RO         2397    .text.spi_i2s_deinit  gd32f4xx_spi.o
    0x0801ab16   0x0801ab16   0x00000002   PAD
    0x0801ab18   0x0801ab18   0x0000002a   Code   RO         2469    .text.spi_i2s_flag_get  gd32f4xx_spi.o
    0x0801ab42   0x0801ab42   0x00000002   PAD
    0x0801ab44   0x0801ab44   0x00000072   Code   RO         2401    .text.spi_init      gd32f4xx_spi.o
    0x0801abb6   0x0801abb6   0x00000002   PAD
    0x0801abb8   0x0801abb8   0x00000012   Code   RO         2417    .text.spi_nss_output_disable  gd32f4xx_spi.o
    0x0801abca   0x0801abca   0x00000002   PAD
    0x0801abcc   0x0801abcc   0x00000030   Code   RO          452    .text.spi_prepare_bus  drv_spi.o
    0x0801abfc   0x0801abfc   0x00000026   Code   RO         2399    .text.spi_struct_para_init  gd32f4xx_spi.o
    0x0801ac22   0x0801ac22   0x00000002   PAD
    0x0801ac24   0x0801ac24   0x000000fc   Code   RO         1693    .text.storage_init  lfs_storage.o
    0x0801ad20   0x0801ad20   0x0000015e   Code   RO         2790    .text.system_clock_40m_8m_hxtal  system_gd32f4xx.o
    0x0801ae7e   0x0801ae7e   0x00000002   PAD
    0x0801ae80   0x0801ae80   0x00000008   Code   RO         2786    .text.system_clock_config  system_gd32f4xx.o
    0x0801ae88   0x0801ae88   0x00000012   Code   RO         2517    .text.timer_auto_reload_shadow_enable  gd32f4xx_timer.o
    0x0801ae9a   0x0801ae9a   0x00000002   PAD
    0x0801ae9c   0x0801ae9c   0x000002c8   Code   RO         2577    .text.timer_channel_output_config  gd32f4xx_timer.o
    0x0801b164   0x0801b164   0x0000008c   Code   RO         2579    .text.timer_channel_output_mode_config  gd32f4xx_timer.o
    0x0801b1f0   0x0801b1f0   0x00000046   Code   RO         2581    .text.timer_channel_output_pulse_value_config  gd32f4xx_timer.o
    0x0801b236   0x0801b236   0x00000002   PAD
    0x0801b238   0x0801b238   0x0000008c   Code   RO         2583    .text.timer_channel_output_shadow_config  gd32f4xx_timer.o
    0x0801b2c4   0x0801b2c4   0x00000014   Code   RO         2539    .text.timer_counter_read  gd32f4xx_timer.o
    0x0801b2d8   0x0801b2d8   0x000001e8   Code   RO         2507    .text.timer_deinit  gd32f4xx_timer.o
    0x0801b4c0   0x0801b4c0   0x00000012   Code   RO         2513    .text.timer_enable  gd32f4xx_timer.o
    0x0801b4d2   0x0801b4d2   0x00000002   PAD
    0x0801b4d4   0x0801b4d4   0x00000026   Code   RO         2629    .text.timer_external_clock_mode1_config  gd32f4xx_timer.o
    0x0801b4fa   0x0801b4fa   0x00000002   PAD
    0x0801b4fc   0x0801b4fc   0x00000034   Code   RO         2617    .text.timer_external_trigger_config  gd32f4xx_timer.o
    0x0801b530   0x0801b530   0x00000012   Code   RO         2641    .text.timer_flag_clear  gd32f4xx_timer.o
    0x0801b542   0x0801b542   0x00000002   PAD
    0x0801b544   0x0801b544   0x00000100   Code   RO         2511    .text.timer_init    gd32f4xx_timer.o
    0x0801b644   0x0801b644   0x0000001e   Code   RO         2609    .text.timer_input_trigger_source_select  gd32f4xx_timer.o
    0x0801b662   0x0801b662   0x00000002   PAD
    0x0801b664   0x0801b664   0x00000034   Code   RO         2543    .text.timer_single_pulse_mode_config  gd32f4xx_timer.o
    0x0801b698   0x0801b698   0x00000082   Code   RO         1062    .text.unicorn_uart_speed_to_baudrate  unicorn_uart_speed.o
    0x0801b71a   0x0801b71a   0x00000002   PAD
    0x0801b71c   0x0801b71c   0x00000042   Code   RO         1114    .text.update_crc32_Ethernet  crc32ethernet.o
    0x0801b75e   0x0801b75e   0x00000002   PAD
    0x0801b760   0x0801b760   0x00000158   Code   RO         2660    .text.usart_baudrate_set  gd32f4xx_usart.o
    0x0801b8b8   0x0801b8b8   0x00000010   Code   RO         2692    .text.usart_data_receive  gd32f4xx_usart.o
    0x0801b8c8   0x0801b8c8   0x00000018   Code   RO         2690    .text.usart_data_transmit  gd32f4xx_usart.o
    0x0801b8e0   0x0801b8e0   0x0000011e   Code   RO         2658    .text.usart_deinit  gd32f4xx_usart.o
    0x0801b9fe   0x0801b9fe   0x00000002   PAD
    0x0801ba00   0x0801ba00   0x00000012   Code   RO         2670    .text.usart_disable  gd32f4xx_usart.o
    0x0801ba12   0x0801ba12   0x00000002   PAD
    0x0801ba14   0x0801ba14   0x00000022   Code   RO         2752    .text.usart_dma_receive_config  gd32f4xx_usart.o
    0x0801ba36   0x0801ba36   0x00000002   PAD
    0x0801ba38   0x0801ba38   0x00000022   Code   RO         2754    .text.usart_dma_transmit_config  gd32f4xx_usart.o
    0x0801ba5a   0x0801ba5a   0x00000002   PAD
    0x0801ba5c   0x0801ba5c   0x00000012   Code   RO         2668    .text.usart_enable  gd32f4xx_usart.o
    0x0801ba6e   0x0801ba6e   0x00000002   PAD
    0x0801ba70   0x0801ba70   0x00000024   Code   RO         2758    .text.usart_flag_clear  gd32f4xx_usart.o
    0x0801ba94   0x0801ba94   0x0000003a   Code   RO         2756    .text.usart_flag_get  gd32f4xx_usart.o
    0x0801bace   0x0801bace   0x00000002   PAD
    0x0801bad0   0x0801bad0   0x00000012   Code   RO         2710    .text.usart_halfduplex_enable  gd32f4xx_usart.o
    0x0801bae2   0x0801bae2   0x00000002   PAD
    0x0801bae4   0x0801bae4   0x00000024   Code   RO         2762    .text.usart_interrupt_disable  gd32f4xx_usart.o
    0x0801bb08   0x0801bb08   0x00000024   Code   RO         2760    .text.usart_interrupt_enable  gd32f4xx_usart.o
    0x0801bb2c   0x0801bb2c   0x00000020   Code   RO         2766    .text.usart_interrupt_flag_clear  gd32f4xx_usart.o
    0x0801bb4c   0x0801bb4c   0x0000005e   Code   RO         2764    .text.usart_interrupt_flag_get  gd32f4xx_usart.o
    0x0801bbaa   0x0801bbaa   0x00000002   PAD
    0x0801bbac   0x0801bbac   0x0000002a   Code   RO         2674    .text.usart_receive_config  gd32f4xx_usart.o
    0x0801bbd6   0x0801bbd6   0x00000002   PAD
    0x0801bbd8   0x0801bbd8   0x0000002a   Code   RO         2672    .text.usart_transmit_config  gd32f4xx_usart.o
    0x0801bc02   0x0801bc02   0x00000002   PAD
    0x0801bc04   0x0801bc04   0x0000006a   Code   RO          217    .text.waitWriteInProgress  drv_eeprom.o
    0x0801bc6e   0x0801bc6e   0x00000002   PAD
    0x0801bc70   0x0801bc70   0x00000052   Code   RO          207    .text.writeStatusRegister  drv_eeprom.o
    0x0801bcc2   0x0801bcc2   0x0000003e   Code   RO         3238    CL$$btod_d2e        c_w.l(btod.o)
    0x0801bd00   0x0801bd00   0x00000046   Code   RO         3240    CL$$btod_d2e_denorm_low  c_w.l(btod.o)
    0x0801bd46   0x0801bd46   0x00000060   Code   RO         3239    CL$$btod_d2e_norm_op1  c_w.l(btod.o)
    0x0801bda6   0x0801bda6   0x00000002   PAD
    0x0801bda8   0x0801bda8   0x00000338   Code   RO         3248    CL$$btod_div_common  c_w.l(btod.o)
    0x0801c0e0   0x0801c0e0   0x000000dc   Code   RO         3245    CL$$btod_e2e        c_w.l(btod.o)
    0x0801c1bc   0x0801c1bc   0x0000002a   Code   RO         3242    CL$$btod_ediv       c_w.l(btod.o)
    0x0801c1e6   0x0801c1e6   0x0000002a   Code   RO         3241    CL$$btod_emul       c_w.l(btod.o)
    0x0801c210   0x0801c210   0x00000244   Code   RO         3247    CL$$btod_mult_common  c_w.l(btod.o)
    0x0801c454   0x0801c454   0x00000030   Code   RO         3326    i.__ARM_fpclassify  m_wm.l(fpclassify.o)
    0x0801c484   0x0801c484   0x0000000e   Code   RO         3026    i._is_digit         c_w.l(__printf_wp.o)
    0x0801c492   0x0801c492   0x0000001a   Code   RO         3194    i.fputc             c_w.l(fputc.o)
    0x0801c4ac   0x0801c4ac   0x0000002c   Code   RO         3208    locale$$code        c_w.l(lc_ctype_c.o)
    0x0801c4d8   0x0801c4d8   0x0000002c   Code   RO         3276    locale$$code        c_w.l(lc_numeric_c.o)
    0x0801c504   0x0801c504   0x00000062   Code   RO         2910    x$fpl$d2f           fz_wm.l(d2f.o)
    0x0801c566   0x0801c566   0x00000002   PAD
    0x0801c568   0x0801c568   0x00000150   Code   RO         2912    x$fpl$dadd          fz_wm.l(daddsub_clz.o)
    0x0801c6b8   0x0801c6b8   0x00000018   Code   RO         3223    x$fpl$dcmpinf       fz_wm.l(dcmpi.o)
    0x0801c6d0   0x0801c6d0   0x000002b4   Code   RO         2921    x$fpl$ddiv          fz_wm.l(ddiv.o)
    0x0801c984   0x0801c984   0x00000078   Code   RO         3117    x$fpl$deqf          fz_wm.l(deqf.o)
    0x0801c9fc   0x0801c9fc   0x00000078   Code   RO         3119    x$fpl$dgeqf         fz_wm.l(dgeqf.o)
    0x0801ca74   0x0801ca74   0x00000078   Code   RO         3121    x$fpl$dleqf         fz_wm.l(dleqf.o)
    0x0801caec   0x0801caec   0x00000154   Code   RO         2924    x$fpl$dmul          fz_wm.l(dmul.o)
    0x0801cc40   0x0801cc40   0x0000009c   Code   RO         3123    x$fpl$dnaninf       fz_wm.l(dnaninf.o)
    0x0801ccdc   0x0801ccdc   0x0000000c   Code   RO         3125    x$fpl$dretinf       fz_wm.l(dretinf.o)
    0x0801cce8   0x0801cce8   0x000001dc   Code   RO         2914    x$fpl$dsub          fz_wm.l(daddsub_clz.o)
    0x0801cec4   0x0801cec4   0x00000056   Code   RO         2926    x$fpl$f2d           fz_wm.l(f2d.o)
    0x0801cf1a   0x0801cf1a   0x00000054   Code   RO         2918    x$fpl$fcmp          fz_wm.l(dcmp.o)
    0x0801cf6e   0x0801cf6e   0x00000060   Code   RO         2928    x$fpl$ffltll        fz_wm.l(ffltll_clz.o)
    0x0801cfce   0x0801cfce   0x0000008c   Code   RO         3127    x$fpl$fnaninf       fz_wm.l(fnaninf.o)
    0x0801d05a   0x0801d05a   0x0000001a   Code   RO         3225    x$fpl$fpinit        fz_wm.l(fpinit.o)
    0x0801d074   0x0801d074   0x0000000a   Code   RO         3129    x$fpl$fretinf       fz_wm.l(fretinf.o)
    0x0801d07e   0x0801d07e   0x00000004   Code   RO         3131    x$fpl$printf1       fz_wm.l(printf1.o)
    0x0801d082   0x0801d082   0x00000004   Code   RO         3133    x$fpl$printf2       fz_wm.l(printf2.o)
    0x0801d086   0x0801d086   0x00000000   Code   RO         3139    x$fpl$usenofp       fz_wm.l(usenofp.o)
    0x0801d086   0x0801d086   0x00000002   PAD
    0x0801d088   0x0801d088   0x00000008   Data   RO         2985    .constdata          c_w.l(_printf_wctomb.o)
    0x0801d090   0x0801d090   0x00000028   Data   RO         3014    .constdata          c_w.l(_printf_hex_int_ll_ptr.o)
    0x0801d0b8   0x0801d0b8   0x00000011   Data   RO         3034    .constdata          c_w.l(__printf_flags_ss_wp.o)
    0x0801d0c9   0x0801d0c9   0x0000000c   Data   RO         3069    .constdata          c_w.l(_monlen.o)
    0x0801d0d5   0x0801d0d5   0x00000026   Data   RO         3182    .constdata          c_w.l(_printf_fp_hex.o)
    0x0801d0fb   0x0801d0fb   0x00000001   PAD
    0x0801d0fc   0x0801d0fc   0x00000094   Data   RO         3236    .constdata          c_w.l(bigflt0.o)
    0x0801d190   0x0801d190   0x00000100   Data   RO          905    .rodata.CRC_TABLE   crc8_ccitt.o
    0x0801d290   0x0801d290   0x00000008   Data   RO          321    .rodata.CalibADC0CoeffMul  drv_monadc0.o
    0x0801d298   0x0801d298   0x00000040   Data   RO          361    .rodata.CalibADC1CoeffMul  drv_monadc1.o
    0x0801d2d8   0x0801d2d8   0x00000018   Data   RO          401    .rodata.CalibADC2CoeffMul  drv_monadc2.o
    0x0801d2f0   0x0801d2f0   0x00004600   Data   RO         1836    .rodata.DeviceDescription  readfilerecord.o
    0x080218f0   0x080218f0   0x00000060   Data   RO          221    .rodata.EEPROMParams  drv_eeprom.o
    0x08021950   0x08021950   0x00000006   Data   RO         1225    .rodata.ELogLevelChar  logger.o
    0x08021956   0x08021956   0x00000010   Data   RO         1289    .rodata.FactorySettingsKey  lockunlock.o
    0x08021966   0x08021966   0x00000010   Data   RO         1054    .rodata.HexDigit    packetparser.o
    0x08021976   0x08021976   0x00000052   Data   RO          793    .rodata.ReadDescrTabParam.Description  accesstabparam.o
    0x080219c8   0x080219c8   0x00000010   Data   RO         1287    .rodata.UserFactory  lockunlock.o
    0x080219d8   0x080219d8   0x00000010   Data   RO         1288    .rodata.UserStr     lockunlock.o
    0x080219e8   0x080219e8   0x00000004   Data   RO         1162    .rodata.__stderr_name  dbg_console.o
    0x080219ec   0x080219ec   0x00000004   Data   RO         1160    .rodata.__stdin_name  dbg_console.o
    0x080219f0   0x080219f0   0x00000004   Data   RO         1161    .rodata.__stdout_name  dbg_console.o
    0x080219f4   0x080219f4   0x0000000c   Data   RO          815    .rodata.buildDate   commandparser.o
    0x08021a00   0x08021a00   0x00000009   Data   RO          816    .rodata.buildTime   commandparser.o
    0x08021a09   0x08021a09   0x00000003   PAD
    0x08021a0c   0x08021a0c   0x00000040   Data   RO         1682    .rodata.cst16       lfs.o
    0x08021a4c   0x08021a4c   0x00000080   Data   RO         1684    .rodata.cst32       lfs.o
    0x08021acc   0x08021acc   0x00000008   Data   RO         1683    .rodata.cst8        lfs.o
    0x08021ad4   0x08021ad4   0x00000020   Data   RO          152    .rodata.dscrc2x16_table  drv_1w.o
    0x08021af4   0x08021af4   0x00000040   Data   RO         1718    .rodata.lfs_crc.rtable  lfs_util.o
    0x08021b34   0x08021b34   0x0000000e   Data   RO          529    .rodata.str1.1      paramapp.o
    0x08021b42   0x08021b42   0x00000021   Data   RO          626    .rodata.str1.1      drv_unicorn2eeprom.o
    0x08021b63   0x08021b63   0x00000017   Data   RO          708    .rodata.str1.1      devicetemperaturestatistics.o
    0x08021b7a   0x08021b7a   0x00000313   Data   RO          722    .rodata.str1.1      accessfloatparam.o
    0x08021e8d   0x08021e8d   0x000002c0   Data   RO          734    .rodata.str1.1      accessintparam.o
    0x0802214d   0x0802214d   0x000006a4   Data   RO          765    .rodata.str1.1      accesstelemparam.o
    0x080227f1   0x080227f1   0x0000006a   Data   RO          818    .rodata.str1.1      commandparser.o
    0x0802285b   0x0802285b   0x00000006   Data   RO          832    .rodata.str1.1      commandparserfloatparam.o
    0x08022861   0x08022861   0x00000006   Data   RO          873    .rodata.str1.1      commandparserintparam.o
    0x08022867   0x08022867   0x00000015   Data   RO         1053    .rodata.str1.1      packetparser.o
    0x0802287c   0x0802287c   0x00000013   Data   RO         1097    .rodata.str1.1      unicorn2routine.o
    0x0802288f   0x0802288f   0x00000016   Data   RO         1196    .rodata.str1.1      deviceusagestatistics.o
    0x080228a5   0x080228a5   0x0000001e   Data   RO         1224    .rodata.str1.1      logger.o
    0x080228c3   0x080228c3   0x00000011   Data   RO         1257    .rodata.str1.1      paramsystem.o
    0x080228d4   0x080228d4   0x00000032   Data   RO         1284    .rodata.str1.1      lockunlock.o
    0x08022906   0x08022906   0x0000000b   Data   RO         1307    .rodata.str1.1      drv_internalfmc.o
    0x08022911   0x08022911   0x00000c33   Data   RO         1681    .rodata.str1.1      lfs.o
    0x08023544   0x08023544   0x00000070   Data   RO         1703    .rodata.str1.1      lfs_storage.o
    0x080235b4   0x080235b4   0x00000015   Data   RO         1877    .rodata.str1.1      readdeviceidentification.o
    0x080235c9   0x080235c9   0x00000003   PAD
    0x080235cc   0x080235cc   0x00000400   Data   RO         1118    .rodata.update_crc32_Ethernet.table  crc32ethernet.o
    0x080239cc   0x080239cc   0x00000200   Data   RO          918    .rodata.wCRCTable   crc16.o
    0x08023bcc   0x08023bcc   0x00000020   Data   RO         3396    Region$$Table       anon$$obj.o
    0x08023bec   0x08023bec   0x00000110   Data   RO         3207    locale$$data        c_w.l(lc_ctype_c.o)
    0x08023cfc   0x08023cfc   0x0000001c   Data   RO         3275    locale$$data        c_w.l(lc_numeric_c.o)


    Execution Region RW_IRAM1 (Exec base: 0x20000000, Load base: 0x08023e00, Size: 0x0000ed88, Max: 0x000b0000, ABSOLUTE)

    Exec Addr    Load Addr    Size         Type   Attr      Idx    E Section Name        Object

    0x20000000   0x08023e00   0x00000004   Data   RW         3062    .data               c_w.l(stdio_streams.o)
    0x20000004   0x08023e04   0x00000004   Data   RW         3063    .data               c_w.l(stdio_streams.o)
    0x20000008   0x08023e08   0x00000004   Data   RW         3064    .data               c_w.l(stdio_streams.o)
    0x2000000c   0x08023e0c   0x00000001   Data   RW          273    .data.ErrorModeNew  drv_leds.o
    0x2000000d   0x08023e0d   0x00000003   PAD
    0x20000010   0x08023e10   0x00000060   Data   RW          792    .data.MockFactoryCalibrationParameters  accesstabparam.o
    0x20000070   0x08023e70   0x00000001   Data   RW          281    .data.ModeErrorLED  drv_leds.o
    0x20000071   0x08023e71   0x00000003   PAD
    0x20000074   0x08023e74   0x00000004   Data   RW          814    .data.UnitDescription  commandparser.o
    0x20000078   0x08023e78   0x0000000c   Data   RW         1285    .data.UnlockKeys    lockunlock.o
    0x20000084   0x08023e84   0x00000001   Data   RW          531    .data.UsingDefaultSettings  paramapp.o
    0x20000085   0x08023e85   0x00000001   Data   RW         1198    .data.UsingDefaultSettings  deviceusagestatistics.o
    0x20000086   0x08023e86   0x00000001   Data   RW         1259    .data.UsingDefaultSettings  paramsystem.o
    0x20000087   0x08023e87   0x00000001   Data   RW          703    .data.UsingDefaultTempSettings  devicetemperaturestatistics.o
    0x20000088   0x08023e88   0x00000054   Data   RW         1704    .data.lfs_cfg       lfs_storage.o
    0x200000dc   0x08023edc   0x0000008a   Data   RW          526    .data.structTParamApp  paramapp.o
    0x20000166   0x08023f66   0x0000009a   PAD
    0x20000200        -       0x00000054   Zero   RW         3059    .bss                c_w.l(stdio_streams.o)
    0x20000254        -       0x00000054   Zero   RW         3060    .bss                c_w.l(stdio_streams.o)
    0x200002a8        -       0x00000054   Zero   RW         3061    .bss                c_w.l(stdio_streams.o)
    0x200002fc        -       0x00000060   Zero   RW         3141    .bss                c_w.l(libspace.o)
    0x2000035c        -       0x00000040   Zero   RW          317    .bss.ADC0DMABuff0   drv_monadc0.o
    0x2000039c        -       0x00000040   Zero   RW          318    .bss.ADC0DMABuff1   drv_monadc0.o
    0x200003dc        -       0x00000001   Zero   RW          316    .bss.ADC0ReadyData  drv_monadc0.o
    0x200003dd   0x08023f66   0x00000003   PAD
    0x200003e0        -       0x00000008   Zero   RW          309    .bss.ADC0ResultAVG  drv_monadc0.o
    0x200003e8        -       0x00000008   Zero   RW          308    .bss.ADC0ResultMax  drv_monadc0.o
    0x200003f0        -       0x00000008   Zero   RW          307    .bss.ADC0ResultMin  drv_monadc0.o
    0x200003f8        -       0x00000200   Zero   RW          357    .bss.ADC1DMABuff0   drv_monadc1.o
    0x200005f8        -       0x00000200   Zero   RW          358    .bss.ADC1DMABuff1   drv_monadc1.o
    0x200007f8        -       0x00000001   Zero   RW          356    .bss.ADC1ReadyData  drv_monadc1.o
    0x200007f9   0x08023f66   0x00000003   PAD
    0x200007fc        -       0x00000040   Zero   RW          349    .bss.ADC1ResultAVG  drv_monadc1.o
    0x2000083c        -       0x00000040   Zero   RW          348    .bss.ADC1ResultMax  drv_monadc1.o
    0x2000087c        -       0x00000040   Zero   RW          347    .bss.ADC1ResultMin  drv_monadc1.o
    0x200008bc        -       0x000000c0   Zero   RW          397    .bss.ADC2DMABuff0   drv_monadc2.o
    0x2000097c        -       0x000000c0   Zero   RW          398    .bss.ADC2DMABuff1   drv_monadc2.o
    0x20000a3c        -       0x00000001   Zero   RW          396    .bss.ADC2ReadyData  drv_monadc2.o
    0x20000a3d   0x08023f66   0x00000003   PAD
    0x20000a40        -       0x00000018   Zero   RW          389    .bss.ADC2ResultAVG  drv_monadc2.o
    0x20000a58        -       0x00000018   Zero   RW          388    .bss.ADC2ResultMax  drv_monadc2.o
    0x20000a70        -       0x00000018   Zero   RW          387    .bss.ADC2ResultMin  drv_monadc2.o
    0x20000a88        -       0x000084d0   Zero   RW         1106    .bss.BuffRS485      unicorn2routine.o
    0x20008f58        -       0x00000300   Zero   RW         1824    .bss.BuffRtu        modbusrturoutine.o
    0x20009258        -       0x00000001   Zero   RW          274    .bss.ChangeModeError  drv_leds.o
    0x20009259        -       0x00000001   Zero   RW          272    .bss.ChangeModeOrColor  drv_leds.o
    0x2000925a   0x08023f66   0x00000006   PAD
    0x20009260        -       0x00000008   Zero   RW           42    .bss.CheckEnviron_Routine.EnvTO  checkenviron.o
    0x20009268        -       0x00000001   Zero   RW           43    .bss.CheckEnviron_Routine.Init  checkenviron.o
    0x20009269   0x08023f66   0x00000007   PAD
    0x20009270        -       0x00000040   Zero   RW          656    .bss.DIn            drv_din.o
    0x200092b0        -       0x00000050   Zero   RW          182    .bss.DS18B20        drv_ds18b20.o
    0x20009300        -       0x00000001   Zero   RW          183    .bss.DS18B20_Routine.Num  drv_ds18b20.o
    0x20009301   0x08023f66   0x00000003   PAD
    0x20009304        -       0x00000004   Zero   RW          320    .bss.DataProcessMonADC0.Count  drv_monadc0.o
    0x20009308        -       0x00000004   Zero   RW          360    .bss.DataProcessMonADC1.Count  drv_monadc1.o
    0x2000930c        -       0x00000004   Zero   RW          400    .bss.DataProcessMonADC2.Count  drv_monadc2.o
    0x20009310        -       0x00000116   Zero   RW          705    .bss.DeviceTempStat  devicetemperaturestatistics.o
    0x20009426   0x08023f66   0x00000002   PAD
    0x20009428        -       0x0000000c   Zero   RW         1192    .bss.DeviceUsStat   deviceusagestatistics.o
    0x20009434        -       0x00000004   Zero   RW           44    .bss.Env_Status     checkenviron.o
    0x20009438        -       0x00000004   Zero   RW           69    .bss.ErrorInterVolt  checkbue.o
    0x2000943c        -       0x00000004   Zero   RW          704    .bss.ErrorWriteDeviceTempStat  devicetemperaturestatistics.o
    0x20009440        -       0x00000004   Zero   RW         1193    .bss.ErrorWriteDeviceUsStat  deviceusagestatistics.o
    0x20009444        -       0x00000060   Zero   RW          791    .bss.FactoryCalibrationParameters  accesstabparam.o
    0x200094a4        -       0x00000001   Zero   RW          789    .bss.FactoryCalibrationPreparationActive  accesstabparam.o
    0x200094a5   0x08023f66   0x00000003   PAD
    0x200094a8        -       0x00000004   Zero   RW          790    .bss.FactoryCalibrationPreparationStep  accesstabparam.o
    0x200094ac        -       0x00000001   Zero   RW          582    .bss.ICPDisablePower  drv_icp.o
    0x200094ad   0x08023f66   0x00000003   PAD
    0x200094b0        -       0x00000004   Zero   RW          528    .bss.Init           paramapp.o
    0x200094b4        -       0x00000004   Zero   RW          709    .bss.Init           devicetemperaturestatistics.o
    0x200094b8        -       0x00000004   Zero   RW         1197    .bss.Init           deviceusagestatistics.o
    0x200094bc        -       0x00000004   Zero   RW         1256    .bss.Init           paramsystem.o
    0x200094c0        -       0x00000003   Zero   RW         1283    .bss.KeyUnlock      lockunlock.o
    0x200094c3   0x08023f66   0x00000005   PAD
    0x200094c8        -       0x00000008   Zero   RW          600    .bss.KuOPRoutine.TO  drv_kuop.o
    0x200094d0        -       0x00000001   Zero   RW          150    .bss.LastDeviceFlag  drv_1w.o
    0x200094d1        -       0x00000001   Zero   RW          149    .bss.LastDiscrepancy  drv_1w.o
    0x200094d2        -       0x00000001   Zero   RW          148    .bss.LastFamilyDiscrepancy  drv_1w.o
    0x200094d3   0x08023f66   0x00000001   PAD
    0x200094d4        -       0x00000004   Zero   RW          313    .bss.MaxADC0        drv_monadc0.o
    0x200094d8        -       0x00000020   Zero   RW          353    .bss.MaxADC1        drv_monadc1.o
    0x200094f8        -       0x0000000c   Zero   RW          393    .bss.MaxADC2        drv_monadc2.o
    0x20009504        -       0x00000004   Zero   RW          315    .bss.MinADC0        drv_monadc0.o
    0x20009508        -       0x00000020   Zero   RW          355    .bss.MinADC1        drv_monadc1.o
    0x20009528        -       0x0000000c   Zero   RW          395    .bss.MinADC2        drv_monadc2.o
    0x20009534        -       0x00000001   Zero   RW          278    .bss.Mode           drv_leds.o
    0x20009535        -       0x00000001   Zero   RW          271    .bss.ModeNew        drv_leds.o
    0x20009536   0x08023f66   0x00000002   PAD
    0x20009538        -       0x00000008   Zero   RW          442    .bss.MonpRoutine.TO  drv_monp.o
    0x20009540        -       0x000000e4   Zero   RW          441    .bss.MonpState      drv_monp.o
    0x20009624        -       0x00000001   Zero   RW         1094    .bss.NeedResetFlag  unicorn2routine.o
    0x20009625        -       0x00000003   Zero   RW         1098    .bss.NeedSetSpeedFlag  unicorn2routine.o
    0x20009628        -       0x00000001   Zero   RW         1095    .bss.NumUARTResetFlag  unicorn2routine.o
    0x20009629   0x08023f66   0x00000003   PAD
    0x2000962c        -       0x00000004   Zero   RW          555    .bss.NumberOfBytesRxFIFO  drv_uart.o
    0x20009630        -       0x00000008   Zero   RW          586    .bss.OPPowerRoutine.T  drv_icp.o
    0x20009638        -       0x00000008   Zero   RW          706    .bss.OneMinTO       devicetemperaturestatistics.o
    0x20009640        -       0x00000008   Zero   RW         1194    .bss.OneMinTO       deviceusagestatistics.o
    0x20009648        -       0x00000090   Zero   RW         1052    .bss.PacketParserParam  packetparser.o
    0x200096d8        -       0x00000003   Zero   RW         1099    .bss.PacketParser_NeedSetModbusAddress  unicorn2routine.o
    0x200096db        -       0x00000001   Zero   RW          270    .bss.PingActiviti   drv_leds.o
    0x200096dc        -       0x00000004   Zero   RW          557    .bss.PopIndexToRxFIFO  drv_uart.o
    0x200096e0        -       0x00000004   Zero   RW          556    .bss.PushIndexToRxFIFO  drv_uart.o
    0x200096e4        -       0x00000008   Zero   RW          151    .bss.ROM_NO         drv_1w.o
    0x200096ec        -       0x00000f54   Zero   RW          970    .bss.RS485State     drv_rs485x.o
    0x2000a640        -       0x00000001   Zero   RW          817    .bss.ReadDeviceTypeVersion  commandparser.o
    0x2000a641        -       0x00000001   Zero   RW         1092    .bss.ResetFlag      unicorn2routine.o
    0x2000a642        -       0x00000001   Zero   RW           71    .bss.RoutineCheckBUE.Init  checkbue.o
    0x2000a643        -       0x00000001   Zero   RW           70    .bss.RoutineCheckBUE.InitFisrt  checkbue.o
    0x2000a644        -       0x00000001   Zero   RW           72    .bss.RoutineCheckBUE.InitVoltage  checkbue.o
    0x2000a645   0x08023f66   0x00000003   PAD
    0x2000a648        -       0x00000004   Zero   RW           76    .bss.RoutineCheckBUE.MonpErrorCount  checkbue.o
    0x2000a64c        -       0x00000004   Zero   RW           75    .bss.RoutineCheckBUE.MonpPassCount  checkbue.o
    0x2000a650        -       0x00000008   Zero   RW           73    .bss.RoutineCheckBUE.TOStatus  checkbue.o
    0x2000a658        -       0x00000008   Zero   RW           74    .bss.RoutineCheckBUE.TOVoltage  checkbue.o
    0x2000a660        -       0x00000001   Zero   RW          657    .bss.RoutineDin.Num  drv_din.o
    0x2000a661        -       0x00000001   Zero   RW          280    .bss.RoutineErrorLED.LED  drv_leds.o
    0x2000a662   0x08023f66   0x00000006   PAD
    0x2000a668        -       0x00000008   Zero   RW          279    .bss.RoutineErrorLED.LEDTO  drv_leds.o
    0x2000a670        -       0x00000001   Zero   RW          275    .bss.RoutineHearLED.HLEDUpdeteAppState  drv_leds.o
    0x2000a671        -       0x00000001   Zero   RW          277    .bss.RoutineHearLED.LED  drv_leds.o
    0x2000a672   0x08023f66   0x00000006   PAD
    0x2000a678        -       0x00000008   Zero   RW          276    .bss.RoutineHearLED.LEDTO  drv_leds.o
    0x2000a680        -       0x0000000c   Zero   RW         1822    .bss.RtuFrameErrors  modbusrturoutine.o
    0x2000a68c        -       0x0000000c   Zero   RW         1819    .bss.RtuIndex       modbusrturoutine.o
    0x2000a698        -       0x00000006   Zero   RW         1821    .bss.RtuLastTick    modbusrturoutine.o
    0x2000a69e        -       0x00000003   Zero   RW         1818    .bss.RtuMode        modbusrturoutine.o
    0x2000a6a1   0x08023f66   0x00000003   PAD
    0x2000a6a4        -       0x0000000c   Zero   RW         1820    .bss.RtuSize        modbusrturoutine.o
    0x2000a6b0        -       0x00000006   Zero   RW         1817    .bss.RtuT15Us       modbusrturoutine.o
    0x2000a6b6        -       0x00000006   Zero   RW         1816    .bss.RtuT35Us       modbusrturoutine.o
    0x2000a6bc   0x08023f66   0x00000004   PAD
    0x2000a6c0        -       0x00000018   Zero   RW         1823    .bss.RtuTxTO        modbusrturoutine.o
    0x2000a6d8   0x08023f66   0x00000028   PAD
    0x2000a700        -       0x00000100   Zero   RW          558    .bss.RxFIFO         drv_uart.o
    0x2000a800        -       0x00000004   Zero   RW          399    .bss.SCoun          drv_monadc2.o
    0x2000a804        -       0x00000004   Zero   RW          319    .bss.SCount         drv_monadc0.o
    0x2000a808        -       0x00000004   Zero   RW          359    .bss.SCount         drv_monadc1.o
    0x2000a80c        -       0x00000004   Zero   RW          314    .bss.SMaxADC0       drv_monadc0.o
    0x2000a810        -       0x00000020   Zero   RW          354    .bss.SMaxADC1       drv_monadc1.o
    0x2000a830        -       0x0000000c   Zero   RW          394    .bss.SMaxADC2       drv_monadc2.o
    0x2000a83c        -       0x00000004   Zero   RW          312    .bss.SMinADC0       drv_monadc0.o
    0x2000a840        -       0x00000020   Zero   RW          352    .bss.SMinADC1       drv_monadc1.o
    0x2000a860        -       0x0000000c   Zero   RW          392    .bss.SMinADC2       drv_monadc2.o
    0x2000a86c        -       0x00000034   Zero   RW           14    .bss.SPmtdDev       main_application.o
    0x2000a8a0        -       0x00000008   Zero   RW          311    .bss.SSumADC0       drv_monadc0.o
    0x2000a8a8        -       0x00000040   Zero   RW          351    .bss.SSumADC1       drv_monadc1.o
    0x2000a8e8        -       0x00000018   Zero   RW          391    .bss.SSumADC2       drv_monadc2.o
    0x2000a900        -       0x00000001   Zero   RW          585    .bss.State          drv_icp.o
    0x2000a901        -       0x00000001   Zero   RW          584    .bss.StateOut       drv_icp.o
    0x2000a902   0x08023f66   0x00000002   PAD
    0x2000a904        -       0x00000004   Zero   RW           68    .bss.StatusBUE      checkbue.o
    0x2000a908        -       0x00000008   Zero   RW          310    .bss.SumADC0        drv_monadc0.o
    0x2000a910        -       0x00000040   Zero   RW          350    .bss.SumADC1        drv_monadc1.o
    0x2000a950        -       0x00000018   Zero   RW          390    .bss.SumADC2        drv_monadc2.o
    0x2000a968        -       0x00000008   Zero   RW          583    .bss.TO             drv_icp.o
    0x2000a970        -       0x00000008   Zero   RW         1011    .bss.TimeCounter    drv_time.o
    0x2000a978        -       0x00000001   Zero   RW          971    .bss.Timer12Inited  drv_rs485x.o
    0x2000a979   0x08023f66   0x00000007   PAD
    0x2000a980        -       0x00000008   Zero   RW         1096    .bss.TransmitCompTO  unicorn2routine.o
    0x2000a988        -       0x00000001   Zero   RW          710    .bss.TryWrite.Error  devicetemperaturestatistics.o
    0x2000a989        -       0x00000001   Zero   RW         1199    .bss.TryWrite.Error  deviceusagestatistics.o
    0x2000a98a        -       0x00000001   Zero   RW         1093    .bss.UARTNumber     unicorn2routine.o
    0x2000a98b        -       0x00000010   Zero   RW         1286    .bss.UUID           lockunlock.o
    0x2000a99b   0x08023f66   0x00000001   PAD
    0x2000a99c        -       0x00000010   Zero   RW         1102    .bss.Unicorn2Routine.IndexBuff  unicorn2routine.o
    0x2000a9ac        -       0x00000004   Zero   RW         1100    .bss.Unicorn2Routine.Init  unicorn2routine.o
    0x2000a9b0        -       0x00000004   Zero   RW         1101    .bss.Unicorn2Routine.Mode  unicorn2routine.o
    0x2000a9b4        -       0x00000010   Zero   RW         1103    .bss.Unicorn2Routine.SizeBuff  unicorn2routine.o
    0x2000a9c4   0x08023f66   0x00000004   PAD
    0x2000a9c8        -       0x00000020   Zero   RW         1104    .bss.Unicorn2Routine.TxTO  unicorn2routine.o
    0x2000a9e8        -       0x00000040   Zero   RW         1105    .bss.Unicorn2RoutineParam  unicorn2routine.o
    0x2000aa28        -       0x00000080   Zero   RW          813    .bss.UnitDescriptionBuf  commandparser.o
    0x2000aaa8        -       0x0000000b   Zero   RW         1223    .bss.gLogger        logger.o
    0x2000aab3        -       0x00000014   Zero   RW          530    .bss.gParamApp      paramapp.o
    0x2000aac7        -       0x0000003c   Zero   RW         1258    .bss.gParamSystem   paramsystem.o
    0x2000ab03        -       0x00000010   Zero   RW         1708    .bss.lookahead_buffer  lfs_storage.o
    0x2000ab13   0x08023f66   0x00000005   PAD
    0x2000ab18        -       0x00000008   Zero   RW           15    .bss.main.TOModeWork  main_application.o
    0x2000ab20        -       0x00000080   Zero   RW         1705    .bss.main_storage   lfs_storage.o
    0x2000aba0        -       0x00000001   Zero   RW          533    .bss.needToSave     paramapp.o
    0x2000aba1        -       0x00000001   Zero   RW         1261    .bss.needToSave     paramsystem.o
    0x2000aba2   0x08023f66   0x00000002   PAD
    0x2000aba4        -       0x00000004   Zero   RW          527    .bss.pStorage       paramapp.o
    0x2000aba8        -       0x00000004   Zero   RW          707    .bss.pStorage       devicetemperaturestatistics.o
    0x2000abac        -       0x00000004   Zero   RW         1195    .bss.pStorage       deviceusagestatistics.o
    0x2000abb0        -       0x00000004   Zero   RW         1255    .bss.pStorage       paramsystem.o
    0x2000abb4        -       0x00000040   Zero   RW         1707    .bss.prog_buffer    lfs_storage.o
    0x2000abf4        -       0x00000040   Zero   RW         1706    .bss.read_buffer    lfs_storage.o
    0x2000ac34        -       0x00000060   Zero   RW          147    .bss.rx_buffer      drv_1w.o
    0x2000ac94   0x08023f66   0x00000004   PAD
    0x2000ac98        -       0x00000008   Zero   RW          532    .bss.timeToWrite    paramapp.o
    0x2000aca0        -       0x00000008   Zero   RW         1260    .bss.timeToWrite    paramsystem.o
    0x2000aca8        -       0x00000060   Zero   RW          146    .bss.tx_buffer      drv_1w.o
    0x2000ad08        -       0x00000080   Zero   RW         2775    HEAP                startup_gd32f450_470.o
    0x2000ad88        -       0x00004000   Zero   RW         2774    STACK               startup_gd32f450_470.o


==============================================================================

Image component sizes


      Code (inc. data)   RO Data    RW Data    ZI Data      Debug   Object Name

       410          0          0          0          0       1979   accessflash.o
      2892        160        787          0          0       4524   accessfloatparam.o
      3696        136        704          0          0       4740   accessintparam.o
      1058          0         82         96        101       3471   accesstabparam.o
      8394        332       1700          0          0      10068   accesstelemparam.o
      1776         40          0          0         35       4544   checkbue.o
       896         32          0          0         13       2978   checkenviron.o
       694          8          0          0          0       1573   commandflashmem.o
       410         42          0          0          0       1033   commandparcermodbus.o
      1304          0        127          4        129       7888   commandparser.o
       770         12          6          0          0       3677   commandparserfloatparam.o
       464          0          0          0          0       2545   commandparserfunction.o
       698         12          6          0          0       3121   commandparserintparam.o
       652          0          0          0          0       4143   commandparsertelemparam.o
       248          0        512          0          0       1537   crc16.o
        66          0       1024          0          0        861   crc32ethernet.o
        80          0        256          0          0        874   crc8_ccitt.o
        90          0         12          0          0       2616   dbg_console.o
      1266          4         23          1        299       7150   devicetemperaturestatistics.o
       762          0         22          1         33       5411   deviceusagestatistics.o
       716          6          0          0          0       2235   diagnostics.o
      2990          0         32          0        203      10068   drv_1w.o
      1264         16          0          0         65       4814   drv_din.o
      2282         44          0          0         81       4959   drv_ds18b20.o
      1996          0         96          0          0       6961   drv_eeprom.o
         6          0          0          0          0        510   drv_exwdt.o
      1478         40          0          0         19       4539   drv_icp.o
       286          0         11          0          0       1755   drv_internalfmc.o
       638         16          0          0          8       2678   drv_kuop.o
      1818         14          0          2         24       5724   drv_leds.o
      1920         12          8          0        193       8344   drv_monadc0.o
      2268          4         64          0       1481       8657   drv_monadc1.o
      2068          4         24          0        561       8424   drv_monadc2.o
       996          0          0          0        236       5143   drv_monp.o
       322          0          0          0          0       2494   drv_powersync.o
      2086          0          0          0       3925      10244   drv_rs485x.o
      1052          4          0          0          0       5233   drv_spi.o
       112          0          0          0          0       2444   drv_testpinkt.o
       806          0          0          0          8       3588   drv_time.o
       636          0          0          0        268       6288   drv_uart.o
       220          0         33          0          0       1219   drv_unicorn2eeprom.o
       152          0          0          0          0       2330   drv_uuid.o
       204          0          0          0          0        663   errorhandler.o
      1410          0          0          0          0      10431   gd32f4xx_adc.o
      2588         64          0          0          0       8629   gd32f4xx_dma.o
       566          0          0          0          0       7722   gd32f4xx_fmc.o
       604          0          0          0          0       4998   gd32f4xx_gpio.o
       326          0          0          0          0       3102   gd32f4xx_misc.o
       530          4          0          0          0      15063   gd32f4xx_rcu.o
       482          0          0          0          0       8981   gd32f4xx_spi.o
      2052         20          0          0          0      17277   gd32f4xx_timer.o
      1168          0          0          0          0      11918   gd32f4xx_usart.o
     28238          0       3323          0          0      66185   lfs.o
       394          0        112         84        272       4515   lfs_storage.o
       102          0         64          0          0        977   lfs_util.o
       342          0         98         12         19       2140   lockunlock.o
       208          0         36          0         11       2907   logger.o
       642          0          0          0         60       7856   main_application.o
       356          0          0          0          0       1370   modbusrtuframe.o
      1702          0          0          0        849       4022   modbusrturoutine.o
        94          0          0          0          0       5307   modbusutils.o
      1558         24         37          0        144       4011   packetparser.o
       864          0         14        139         37       5708   paramapp.o
       838          0         17          1         77       6149   paramsystem.o
       952          0         21          0          0       2687   readdeviceidentification.o
       492          0      17920          0          0       1889   readfilerecord.o
       384          0          0          0          0       3773   readholdingregisters.o
       288          0          0          0          0       1227   readinputregisters.o
        72         30        428          0      16512        944   startup_gd32f450_470.o
       608          0          0          0          0       2615   system_gd32f4xx.o
      2376          0         19          0      34154       4469   unicorn2routine.o
       130         10          0          0          0        579   unicorn_uart_speed.o
       258          0          0          0          0       1140   writefilerecord.o
       368          0          0          0          0       3801   writemultipleregisters.o
       196          0          0          0          0       3471   writesingleregister.o

    ----------------------------------------------------------------------
    104726       1090      27656        348      60100     409910   Object Totals
         0          0         32          0          0          0   (incl. Generated)
       596          0          6          8        283          0   (incl. Padding)

    ----------------------------------------------------------------------

      Code (inc. data)   RO Data    RW Data    ZI Data      Debug   Library Member Name

         8          0          0          0          0         68   __main.o
       392          4         17          0          0         92   __printf_flags_ss_wp.o
        14          0          0          0          0         68   __printf_wp.o
         0          0          0          0          0          0   __rtentry.o
        12          0          0          0          0          0   __rtentry2.o
         6          0          0          0          0          0   __rtentry4.o
        52          8          0          0          0          0   __scatter.o
        26          0          0          0          0          0   __scatter_copy.o
        28          0          0          0          0          0   __scatter_zi.o
        72          0          0          0          0         96   _c16rtomb.o
         0          0         12          0          0          0   _monlen.o
         6          0          0          0          0          0   _printf_a.o
         6          0          0          0          0          0   _printf_c.o
        44          0          0          0          0        108   _printf_char.o
        48          6          0          0          0         96   _printf_char_common.o
        36          4          0          0          0         80   _printf_char_file.o
        40          0          0          0          0         68   _printf_charcount.o
         6          0          0          0          0          0   _printf_d.o
       120         16          0          0          0         92   _printf_dec.o
         6          0          0          0          0          0   _printf_e.o
         6          0          0          0          0          0   _printf_f.o
      1052          0          0          0          0        148   _printf_fp_dec.o
       764          8         38          0          0        100   _printf_fp_hex.o
       128         16          0          0          0         84   _printf_fp_infnan.o
         6          0          0          0          0          0   _printf_g.o
       148          4         40          0          0        160   _printf_hex_int_ll_ptr.o
         6          0          0          0          0          0   _printf_i.o
       178          0          0          0          0         88   _printf_intcommon.o
        10          0          0          0          0          0   _printf_l.o
         6          0          0          0          0          0   _printf_lc.o
        10          0          0          0          0          0   _printf_ll.o
         6          0          0          0          0          0   _printf_lld.o
         6          0          0          0          0          0   _printf_lli.o
         6          0          0          0          0          0   _printf_llo.o
         6          0          0          0          0          0   _printf_llu.o
         6          0          0          0          0          0   _printf_llx.o
       124         16          0          0          0         92   _printf_longlong_dec.o
         6          0          0          0          0          0   _printf_ls.o
         6          0          0          0          0          0   _printf_n.o
         6          0          0          0          0          0   _printf_o.o
       112          8          0          0          0        124   _printf_oct_int_ll.o
         6          0          0          0          0          0   _printf_p.o
        78          0          0          0          0        108   _printf_pad.o
         0          0          0          0          0          0   _printf_percent.o
         4          0          0          0          0          0   _printf_percent_end.o
         6          0          0          0          0          0   _printf_s.o
        82          0          0          0          0         80   _printf_str.o
        36          0          0          0          0         84   _printf_truncate.o
         6          0          0          0          0          0   _printf_u.o
        44          0          0          0          0        108   _printf_wchar.o
       188          6          8          0          0         92   _printf_wctomb.o
         6          0          0          0          0          0   _printf_x.o
        16          0          0          0          0         68   _snputc.o
        10          0          0          0          0         68   _sputc.o
        22          0          0          0          0         80   abort.o
        16          0          0          0          0         68   aeabi_memset.o
       128         42          0          0          0         76   assert.o
        24          6          0          0          0         80   assert_stdio.o
       228          4        148          0          0         96   bigflt0.o
      1936        128          0          0          0        668   btod.o
        48         34          0          0          0         76   defsig_abrt_inner.o
        14          0          0          0          0         80   defsig_abrt_outer.o
        10          0          0          0          0         68   defsig_exit.o
        50          0          0          0          0         88   defsig_general.o
        80         58          0          0          0         76   defsig_rtmem_inner.o
        14          0          0          0          0         80   defsig_rtmem_outer.o
        52         38          0          0          0         76   defsig_rtred_inner.o
        14          0          0          0          0         80   defsig_rtred_outer.o
        18          0          0          0          0         80   exit.o
        76          0          0          0          0         88   fclose.o
         8          0          0          0          0         68   ferror.o
       100          4          0          0          0        120   fflush.o
       470          0          0          0          0         88   flsbuf.o
       240          6          0          0          0        128   fopen.o
        26          0          0          0          0         68   fputc.o
        34          0          0          0          0         80   fputs.o
       248          6          0          0          0         84   fseek.o
        66          0          0          0          0         76   ftell.o
        94          0          0          0          0         80   h1_alloc.o
        52          0          0          0          0         68   h1_extend.o
        78          0          0          0          0         80   h1_free.o
        14          0          0          0          0         84   h1_init.o
         6          0          0          0          0        152   heapauxi.o
         4          0          0          0          0        136   hguard.o
       138          0          0          0          0        168   init_alloc.o
       312         46          0          0          0        112   initio.o
        44         10        272          0          0         76   lc_ctype_c.o
        44         10         28          0          0         76   lc_numeric_c.o
         2          0          0          0          0          0   libinit.o
        54          0          0          0          0          0   libinit2.o
         2          0          0          0          0          0   libshutdown.o
         6          0          0          0          0          0   libshutdown2.o
         8          4          0          0         96         68   libspace.o
       138          0          0          0          0         80   lludiv10.o
       240          0          0          0          0        100   lludivv7m.o
       184          6          0          0          0         80   localtime_internal.o
         0          0          0          0          0          0   maybetermalloc1.o
        88          0          0          0          0         76   memcmp.o
        24          4          0          0          0         84   printf.o
        16          4          0          0          0         76   rt_ctype_table.o
         8          4          0          0          0         68   rt_errno_addr_intlibspace.o
         8          4          0          0          0         68   rt_heap_descriptor_intlibspace.o
         8          4          0          0          0         68   rt_locale_intlibspace.o
        68          0          0          0          0         68   rt_memclr.o
        78          0          0          0          0         80   rt_memclr_w.o
       138          0          0          0          0         68   rt_memcpy_v6.o
       100          0          0          0          0         80   rt_memcpy_w.o
         2          0          0          0          0          0   rtexit.o
        10          0          0          0          0          0   rtexit2.o
        70          0          0          0          0         80   setvbuf.o
        56          6          0          0          0         88   snprintf.o
        44          6          0          0          0         84   sprintf.o
       240          6          0          0          0        156   stdio.o
         0          0          0         12        252          0   stdio_streams.o
       124          0          0          0          0         88   strcmpv7em.o
        32          0          0          0          0         80   strcspn.o
        62          0          0          0          0         76   strlen.o
        86          0          0          0          0         76   strncpy.o
        28          0          0          0          0         80   strspn.o
        74          0          0          0          0         80   sys_stackheap_outer.o
        30          0          0          0          0         76   toupper.o
         2          0          0          0          0         68   use_no_semi.o
         2          0          0          0          0         68   use_no_semi_2.o
        12          4          0          0          0         68   vprintf.o
        98          4          0          0          0        140   d2f.o
       812         16          0          0          0        392   daddsub_clz.o
        84          0          0          0          0        244   dcmp.o
        24          0          0          0          0        116   dcmpi.o
       692        140          0          0          0        264   ddiv.o
       120          4          0          0          0        140   deqf.o
       120          4          0          0          0        140   dgeqf.o
       120          4          0          0          0        140   dleqf.o
       340         12          0          0          0        152   dmul.o
       156          4          0          0          0        140   dnaninf.o
        12          0          0          0          0        116   dretinf.o
        86          4          0          0          0        132   f2d.o
        96          0          0          0          0        132   ffltll_clz.o
       140          4          0          0          0        132   fnaninf.o
        26          0          0          0          0        116   fpinit.o
        10          0          0          0          0        116   fretinf.o
         4          0          0          0          0        116   printf1.o
         4          0          0          0          0        116   printf2.o
         0          0          0          0          0          0   usenofp.o
        48          0          0          0          0        124   fpclassify.o

    ----------------------------------------------------------------------
     13766        736        564         12        348      10976   Library Totals
        20          0          1          0          0          0   (incl. Padding)

    ----------------------------------------------------------------------

      Code (inc. data)   RO Data    RW Data    ZI Data      Debug   Library Name

     10754        540        563         12        348       8008   c_w.l
      2944        196          0          0          0       2844   fz_wm.l
        48          0          0          0          0        124   m_wm.l

    ----------------------------------------------------------------------
     13766        736        564         12        348      10976   Library Totals

    ----------------------------------------------------------------------

==============================================================================


      Code (inc. data)   RO Data    RW Data    ZI Data      Debug   

    118492       1826      28220        360      60448     412998   Grand Totals
    118492       1826      28220        360      60448     412998   ELF Image Totals
    118492       1826      28220        360          0          0   ROM Totals

==============================================================================

    Total RO  Size (Code + RO Data)               146712 ( 143.27kB)
    Total RW  Size (RW Data + ZI Data)             60808 (  59.38kB)
    Total ROM Size (Code + RO Data + RW Data)     147072 ( 143.63kB)

==============================================================================

