Component: ARM Compiler 6.16 Tool: armlink [5dfeaa00]

==============================================================================

Section Cross References

    main_application.o(.text.Pre_Init) refers to drv_exwdt.o(.text.Disable_ExWDT) for Disable_ExWDT
    main_application.o(.text.Pre_Init) refers to drv_leds.o(.text.Preinit_LEDs) for Preinit_LEDs
    main_application.o(.text.Pre_Init) refers to drv_powersync.o(.text.init_PowerSync) for init_PowerSync
    main_application.o(.ARM.exidx.text.Pre_Init) refers to main_application.o(.text.Pre_Init) for [Anonymous Symbol]
    main_application.o(.text.main) refers to gd32f4xx_rcu.o(.text.rcu_clock_freq_get) for rcu_clock_freq_get
    main_application.o(.text.main) refers to main_application.o(.text.SysTick_Config) for SysTick_Config
    main_application.o(.text.main) refers to gd32f4xx_rcu.o(.text.rcu_periph_clock_enable) for rcu_periph_clock_enable
    main_application.o(.text.main) refers to drv_time.o(.text.InitTime) for InitTime
    main_application.o(.text.main) refers to drv_testpinkt.o(.text.init_TestPinKT) for init_TestPinKT
    main_application.o(.text.main) refers to drv_leds.o(.text.init_LEDs) for init_LEDs
    main_application.o(.text.main) refers to main_application.o(.bss.SPmtdDev) for SPmtdDev
    main_application.o(.text.main) refers to drv_eeprom.o(.text.initMTD) for initMTD
    main_application.o(.text.main) refers to drv_time.o(.text.Delay_ms) for Delay_ms
    main_application.o(.text.main) refers to lfs_storage.o(.text.storage_init) for storage_init
    main_application.o(.text.main) refers to lfs_storage.o(.bss.main_storage) for main_storage
    main_application.o(.text.main) refers to deviceusagestatistics.o(.text.InitDeviceUsageStatistics) for InitDeviceUsageStatistics
    main_application.o(.text.main) refers to devicetemperaturestatistics.o(.text.InitDeviceTempStatistics) for InitDeviceTempStatistics
    main_application.o(.text.main) refers to paramsystem.o(.text.LoadParamSystem) for LoadParamSystem
    main_application.o(.text.main) refers to paramapp.o(.text.LoadParamApp) for LoadParamApp
    main_application.o(.text.main) refers to lockunlock.o(.text.loadLockUnlockStatus) for loadLockUnlockStatus
    main_application.o(.text.main) refers to commandparser.o(.text.CommandParserInit) for CommandParserInit
    main_application.o(.text.main) refers to paramapp.o(.bss.gParamApp) for gParamApp
    main_application.o(.text.main) refers to modbusrturoutine.o(.text.ModbusRtuRoutine_Init) for ModbusRtuRoutine_Init
    main_application.o(.text.main) refers to packetparser.o(.text.PacketParser_Init) for PacketParser_Init
    main_application.o(.text.main) refers to drv_monadc0.o(.text.InitMonADC0) for InitMonADC0
    main_application.o(.text.main) refers to drv_monadc1.o(.text.InitMonADC1) for InitMonADC1
    main_application.o(.text.main) refers to drv_monadc2.o(.text.InitMonADC2) for InitMonADC2
    main_application.o(.text.main) refers to drv_monp.o(.text.MonpInit) for MonpInit
    main_application.o(.text.main) refers to drv_ds18b20.o(.text.DS18B20_ini) for DS18B20_ini
    main_application.o(.text.main) refers to drv_kuop.o(.text.Init_KuOP) for Init_KuOP
    main_application.o(.text.main) refers to drv_icp.o(.text.Init_OPPower) for Init_OPPower
    main_application.o(.text.main) refers to drv_din.o(.text.InitDIn) for InitDIn
    main_application.o(.text.main) refers to drv_exwdt.o(.text.Enable_ExWDT) for Enable_ExWDT
    main_application.o(.text.main) refers to drv_exwdt.o(.text.Restart_ExWDT) for Restart_ExWDT
    main_application.o(.text.main) refers to drv_testpinkt.o(.text.ToggleKT_PIN102) for ToggleKT_PIN102
    main_application.o(.text.main) refers to main_application.o(.bss.main.TOModeWork) for main.TOModeWork
    main_application.o(.text.main) refers to drv_time.o(.text.EndTime) for EndTime
    main_application.o(.text.main) refers to drv_leds.o(.text.SetModeHLED) for SetModeHLED
    main_application.o(.text.main) refers to drv_time.o(.text.SetTime_ms) for SetTime_ms
    main_application.o(.text.main) refers to checkbue.o(.text.GetStatusBUENoCLR) for GetStatusBUENoCLR
    main_application.o(.text.main) refers to checkenviron.o(.text.GetStatusEnvNoCLR) for GetStatusEnvNoCLR
    main_application.o(.text.main) refers to drv_leds.o(.text.SetModeErrorLED) for SetModeErrorLED
    main_application.o(.text.main) refers to modbusrturoutine.o(.text.ModbusRtuRoutine) for ModbusRtuRoutine
    main_application.o(.text.main) refers to unicorn2routine.o(.text.Unicorn2Routine) for Unicorn2Routine
    main_application.o(.text.main) refers to drv_monadc0.o(.text.RoutineMonADC0) for RoutineMonADC0
    main_application.o(.text.main) refers to drv_monadc1.o(.text.RoutineMonADC1) for RoutineMonADC1
    main_application.o(.text.main) refers to drv_monadc2.o(.text.RoutineMonADC2) for RoutineMonADC2
    main_application.o(.text.main) refers to drv_ds18b20.o(.text.DS18B20_Routine) for DS18B20_Routine
[...]
    0x0800d56c   0x0800d56c   0x00000036   Code   RO          650    .text.RoutineDin    drv_din.o
    0x0800d5a2   0x0800d5a2   0x00000002   PAD
    0x0800d5a4   0x0800d5a4   0x00000072   Code   RO           30    .text.RoutineEnv    checkenviron.o
    0x0800d616   0x0800d616   0x00000002   PAD
    0x0800d618   0x0800d618   0x00000176   Code   RO          260    .text.RoutineErrorLED  drv_leds.o
    0x0800d78e   0x0800d78e   0x00000002   PAD
    0x0800d790   0x0800d790   0x000002be   Code   RO          258    .text.RoutineHearLED  drv_leds.o
    0x0800da4e   0x0800da4e   0x00000002   PAD
    0x0800da50   0x0800da50   0x00000010   Code   RO          254    .text.RoutineLEDs   drv_leds.o
    0x0800da60   0x0800da60   0x00000184   Code   RO          295    .text.RoutineMonADC0  drv_monadc0.o
    0x0800dbe4   0x0800dbe4   0x00000184   Code   RO          335    .text.RoutineMonADC1  drv_monadc1.o
    0x0800dd68   0x0800dd68   0x00000184   Code   RO          375    .text.RoutineMonADC2  drv_monadc2.o
    0x0800deec   0x0800deec   0x0000005e   Code   RO          514    .text.RoutineSaveParamApp  paramapp.o
    0x0800df4a   0x0800df4a   0x00000002   PAD
    0x0800df4c   0x0800df4c   0x0000005c   Code   RO         1213    .text.RoutineSaveParamSystem  paramsystem.o
    0x0800dfa8   0x0800dfa8   0x000001a8   Code   RO          652    .text.RoutineSingleDin  drv_din.o
    0x0800e150   0x0800e150   0x0000004e   Code   RO         1776    .text.RtuGetRxCount  modbusrturoutine.o
    0x0800e19e   0x0800e19e   0x00000002   PAD
    0x0800e1a0   0x0800e1a0   0x0000004e   Code   RO         1780    .text.RtuGetTxFree  modbusrturoutine.o
    0x0800e1ee   0x0800e1ee   0x00000002   PAD
    0x0800e1f0   0x0800e1f0   0x0000004e   Code   RO         1778    .text.RtuPopRx      modbusrturoutine.o
    0x0800e23e   0x0800e23e   0x00000002   PAD
    0x0800e240   0x0800e240   0x0000005e   Code   RO         1784    .text.RtuPushTxBuf  modbusrturoutine.o
    0x0800e29e   0x0800e29e   0x00000002   PAD
    0x0800e2a0   0x0800e2a0   0x00000042   Code   RO          462    .text.SPI_exchange8  drv_spi.o
    0x0800e2e2   0x0800e2e2   0x00000002   PAD
    0x0800e2e4   0x0800e2e4   0x00000038   Code   RO          512    .text.SaveParamApp  paramapp.o
    0x0800e31c   0x0800e31c   0x00000038   Code   RO         1211    .text.SaveParamSystem  paramsystem.o
    0x0800e354   0x0800e354   0x0000005c   Code   RO         1046    .text.SetDeviceAddress  unicorn2routine.o
    0x0800e3b0   0x0800e3b0   0x00000018   Code   RO          568    .text.SetICPDisablePower  drv_icp.o
    0x0800e3c8   0x0800e3c8   0x00000012   Code   RO          491    .text.SetKT_PIN101  drv_testpinkt.o
    0x0800e3da   0x0800e3da   0x00000002   PAD
    0x0800e3dc   0x0800e3dc   0x0000016c   Code   RO          598    .text.SetKuOP       drv_kuop.o
    0x0800e548   0x0800e548   0x00000024   Code   RO          252    .text.SetModeErrorLED  drv_leds.o
    0x0800e56c   0x0800e56c   0x00000024   Code   RO          250    .text.SetModeHLED   drv_leds.o
    0x0800e590   0x0800e590   0x00000046   Code   RO          967    .text.SetRelativTime_ms  drv_time.o
    0x0800e5d6   0x0800e5d6   0x00000002   PAD
    0x0800e5d8   0x0800e5d8   0x00000052   Code   RO          971    .text.SetTime_ms    drv_time.o
    0x0800e62a   0x0800e62a   0x00000002   PAD
    0x0800e62c   0x0800e62c   0x00000066   Code   RO          973    .text.SetTime_us    drv_time.o
    0x0800e692   0x0800e692   0x00000002   PAD
    0x0800e694   0x0800e694   0x00000070   Code   RO         1044    .text.SetUARTSpeed  unicorn2routine.o
    0x0800e704   0x0800e704   0x0000003e   Code   RO          697    .text.ShiftMass     devicetemperaturestatistics.o
    0x0800e742   0x0800e742   0x00000002   PAD
    0x0800e744   0x0800e744   0x00000424   Code   RO          180    .text.SingleDS18B20_Routine  drv_ds18b20.o
    0x0800eb68   0x0800eb68   0x0000003e   Code   RO         1014    .text.Str2Char      packetparser.o
    0x0800eba6   0x0800eba6   0x00000002   PAD
    0x0800eba8   0x0800eba8   0x00000052   Code   RO            6    .text.SysTick_Config  main_application.o
    0x0800ebfa   0x0800ebfa   0x00000002   PAD
    0x0800ebfc   0x0800ebfc   0x00000018   Code   RO          951    .text.SysTick_Handler  drv_time.o
    0x0800ec14   0x0800ec14   0x000000fa   Code   RO         2714    .text.SystemInit    system_gd32f4xx.o
    0x0800ed0e   0x0800ed0e   0x00000002   PAD
    0x0800ed10   0x0800ed10   0x0000000e   Code   RO          955    .text.SystickClockMaxValue  drv_time.o
    0x0800ed1e   0x0800ed1e   0x00000002   PAD
    0x0800ed20   0x0800ed20   0x0000002c   Code   RO          959    .text.SystickClockPerSec  drv_time.o
    0x0800ed4c   0x0800ed4c   0x0000004c   Code   RO          654    .text.TMR_counter_read  drv_din.o
    0x0800ed98   0x0800ed98   0x00000130   Code   RO          851    .text.TelemParam    commandparsertelemparam.o
    0x0800eec8   0x0800eec8   0x000000a4   Code   RO          904    .text.Timer12_Init  drv_rs485x.o
    0x0800ef6c   0x0800ef6c   0x00000012   Code   RO          489    .text.ToggleKT_PIN102  drv_testpinkt.o
    0x0800ef7e   0x0800ef7e   0x00000002   PAD
    0x0800ef80   0x0800ef80   0x00000060   Code   RO          938    .text.TrsDrvDisable  drv_rs485x.o
    0x0800efe0   0x0800efe0   0x00000060   Code   RO          920    .text.TrsDrvEnable  drv_rs485x.o
    0x0800f040   0x0800f040   0x000000bc   Code   RO          516    .text.TryWrite      paramapp.o
    0x0800f0fc   0x0800f0fc   0x000000d4   Code   RO          701    .text.TryWrite      devicetemperaturestatistics.o
    0x0800f1d0   0x0800f1d0   0x000000cc   Code   RO         1160    .text.TryWrite      deviceusagestatistics.o
    0x0800f29c   0x0800f29c   0x000000ba   Code   RO         1221    .text.TryWrite      paramsystem.o
    0x0800f356   0x0800f356   0x00000002   PAD
    0x0800f358   0x0800f358   0x0000001e   Code   RO          545    .text.UART3_IRQHandler  drv_uart.o
    0x0800f376   0x0800f376   0x00000002   PAD
    0x0800f378   0x0800f378   0x0000000a   Code   RO          916    .text.UART7_IRQHandler  drv_rs485x.o
    0x0800f382   0x0800f382   0x00000002   PAD
    0x0800f384   0x0800f384   0x00000020   Code   RO          553    .text.UARTGetNumberOfByteRxFIFO  drv_uart.o
    0x0800f3a4   0x0800f3a4   0x000000a0   Code   RO          551    .text.UARTPopRxFIFO  drv_uart.o
    0x0800f444   0x0800f444   0x0000007c   Code   RO         1060    .text.UARTSetSpeed  unicorn2routine.o
    0x0800f4c0   0x0800f4c0   0x000000cc   Code   RO          547    .text.UART_Handler  drv_uart.o
    0x0800f58c   0x0800f58c   0x00000046   Code   RO          543    .text.UART_SetSpeed  drv_uart.o
    0x0800f5d2   0x0800f5d2   0x00000002   PAD
    0x0800f5d4   0x0800f5d4   0x0000000a   Code   RO          910    .text.USART1_IRQHandler  drv_rs485x.o
    0x0800f5de   0x0800f5de   0x00000002   PAD
    0x0800f5e0   0x0800f5e0   0x00000008   Code   RO           84    .text.USART2_IRQHandler  drv_1w.o
    0x0800f5e8   0x0800f5e8   0x0000000a   Code   RO          914    .text.USART5_IRQHandler  drv_rs485x.o
    0x0800f5f2   0x0800f5f2   0x00000002   PAD
    0x0800f5f4   0x0800f5f4   0x00000074   Code   RO          134    .text.USARTErrorInteruptDisable  drv_1w.o
    0x0800f668   0x0800f668   0x0000002e   Code   RO          142    .text.USARTErrorInteruptEnable  drv_1w.o
    0x0800f696   0x0800f696   0x00000002   PAD
    0x0800f698   0x0800f698   0x00000082   Code   RO          541    .text.UartInit      drv_uart.o
    0x0800f71a   0x0800f71a   0x00000002   PAD
    0x0800f71c   0x0800f71c   0x00000602   Code   RO         1048    .text.Unicorn2Routine  unicorn2routine.o
    0x0800fd1e   0x0800fd1e   0x00000002   PAD
    0x0800fd20   0x0800fd20   0x000001da   Code   RO         1004    .text.UnpacRxPacet  packetparser.o
    0x0800fefa   0x0800fefa   0x00000002   PAD
    0x0800fefc   0x0800fefc   0x0000005c   Code   RO          510    .text.ValidityCheck  paramapp.o
    0x0800ff58   0x0800ff58   0x0000004a   Code   RO          687    .text.ValidityCheck  devicetemperaturestatistics.o
    0x0800ffa2   0x0800ffa2   0x00000002   PAD
    0x0800ffa4   0x0800ffa4   0x00000048   Code   RO         1152    .text.ValidityCheck  deviceusagestatistics.o
    0x0800ffec   0x0800ffec   0x00000032   Code   RO         1209    .text.ValidityCheck  paramsystem.o
    0x0801001e   0x0801001e   0x00000002   PAD
    0x08010020   0x08010020   0x0000007e   Code   RO          752    .text.WriteFlashPage  accessflash.o
    0x0801009e   0x0801009e   0x00000002   PAD
    0x080100a0   0x080100a0   0x00000098   Code   RO         1275    .text.WriteInternalFlashPage  drv_internalfmc.o
    0x08010138   0x08010138   0x00000170   Code   RO         1758    .text.WriteMultipleRegisters  writemultipleregisters.o
    0x080102a8   0x080102a8   0x00000056   Code   RO          624    .text.WriteSettingFlashPage  drv_unicorn2eeprom.o
    0x080102fe   0x080102fe   0x00000002   PAD
    0x08010300   0x08010300   0x000000c4   Code   RO         1750    .text.WriteSingleRegister  writesingleregister.o
    0x080103c4   0x080103c4   0x0000002a   Code   RO          524    .text.WriteToFlashParamNow  paramapp.o
    0x080103ee   0x080103ee   0x00000002   PAD
    0x080103f0   0x080103f0   0x0000001e   Code   RO         1223    .text.WriteToFlashParamNow  paramsystem.o
    0x0801040e   0x0801040e   0x00000002   PAD
    0x08010410   0x08010410   0x0000001e   Code   RO           40    .text.__ARM_isfinite  checkenviron.o
    0x0801042e   0x0801042e   0x00000002   PAD
    0x08010430   0x08010430   0x0000001e   Code   RO          164    .text.__ARM_isfinite  drv_ds18b20.o
    0x0801044e   0x0801044e   0x00000002   PAD
    0x08010450   0x08010450   0x0000001e   Code   RO          695    .text.__ARM_isfinite  devicetemperaturestatistics.o
    0x0801046e   0x0801046e   0x00000002   PAD
    0x08010470   0x08010470   0x00000018   Code   RO           38    .text.__ARM_isfinitef  checkenviron.o
    0x08010488   0x08010488   0x00000018   Code   RO          162    .text.__ARM_isfinitef  drv_ds18b20.o
    0x080104a0   0x080104a0   0x00000018   Code   RO          693    .text.__ARM_isfinitef  devicetemperaturestatistics.o
    0x080104b8   0x080104b8   0x00000042   Code   RO           10    .text.__NVIC_SetPriority  main_application.o
    0x080104fa   0x080104fa   0x00000002   PAD
    0x080104fc   0x080104fc   0x00000026   Code   RO           12    .text.__NVIC_SystemReset  main_application.o
    0x08010522   0x08010522   0x00000002   PAD
    0x08010524   0x08010524   0x0000000a   Code   RO         1098    .text._sys_close    dbg_console.o
    0x0801052e   0x0801052e   0x00000002   PAD
    0x08010530   0x08010530   0x00000008   Code   RO         1114    .text._sys_exit     dbg_console.o
    0x08010538   0x08010538   0x0000000c   Code   RO         1112    .text._sys_flen     dbg_console.o
    0x08010544   0x08010544   0x0000000a   Code   RO         1108    .text._sys_istty    dbg_console.o
    0x0801054e   0x0801054e   0x00000002   PAD
    0x08010550   0x08010550   0x0000000c   Code   RO         1096    .text._sys_open     dbg_console.o
    0x0801055c   0x0801055c   0x0000000e   Code   RO         1110    .text._sys_seek     dbg_console.o
    0x0801056a   0x0801056a   0x00000002   PAD
    0x0801056c   0x0801056c   0x00000010   Code   RO         1102    .text._sys_write    dbg_console.o
    0x0801057c   0x0801057c   0x00000008   Code   RO         1106    .text._ttywrch      dbg_console.o
    0x08010584   0x08010584   0x00000090   Code   RO         1829    .text.adc_channel_16_to_18  gd32f4xx_adc.o
    0x08010614   0x08010614   0x0000008e   Code   RO         1849    .text.adc_channel_length_config  gd32f4xx_adc.o
    0x080106a2   0x080106a2   0x00000002   PAD
    0x080106a4   0x080106a4   0x00000020   Code   RO         1817    .text.adc_clock_config  gd32f4xx_adc.o
    0x080106c4   0x080106c4   0x00000028   Code   RO         1821    .text.adc_data_alignment_config  gd32f4xx_adc.o
    0x080106ec   0x080106ec   0x00000018   Code   RO         1815    .text.adc_deinit    gd32f4xx_adc.o
    0x08010704   0x08010704   0x0000008c   Code   RO         1847    .text.adc_discontinuous_mode_config  gd32f4xx_adc.o
    0x08010790   0x08010790   0x00000012   Code   RO         1839    .text.adc_dma_mode_enable  gd32f4xx_adc.o
    0x080107a2   0x080107a2   0x00000002   PAD
    0x080107a4   0x080107a4   0x00000012   Code   RO         1843    .text.adc_dma_request_after_last_enable  gd32f4xx_adc.o
    0x080107b6   0x080107b6   0x00000002   PAD
    0x080107b8   0x080107b8   0x0000001e   Code   RO         1823    .text.adc_enable    gd32f4xx_adc.o
    0x080107d6   0x080107d6   0x00000002   PAD
    0x080107d8   0x080107d8   0x00000056   Code   RO         1859    .text.adc_external_trigger_config  gd32f4xx_adc.o
    0x0801082e   0x0801082e   0x00000002   PAD
    0x08010830   0x08010830   0x00000052   Code   RO         1857    .text.adc_external_trigger_source_config  gd32f4xx_adc.o
    0x08010882   0x08010882   0x00000002   PAD
    0x08010884   0x08010884   0x00000016   Code   RO         1837    .text.adc_oversample_mode_disable  gd32f4xx_adc.o
    0x0801089a   0x0801089a   0x00000002   PAD
    0x0801089c   0x0801089c   0x0000001e   Code   RO         1831    .text.adc_resolution_config  gd32f4xx_adc.o
    0x080108ba   0x080108ba   0x00000002   PAD
    0x080108bc   0x080108bc   0x00000174   Code   RO         1851    .text.adc_routine_channel_config  gd32f4xx_adc.o
    0x08010a30   0x08010a30   0x000000a6   Code   RO         1819    .text.adc_special_function_config  gd32f4xx_adc.o
    0x08010ad6   0x08010ad6   0x00000002   PAD
    0x08010ad8   0x08010ad8   0x00000020   Code   RO         1899    .text.adc_sync_dma_config  gd32f4xx_adc.o
    0x08010af8   0x08010af8   0x00000020   Code   RO         1895    .text.adc_sync_mode_config  gd32f4xx_adc.o
    0x08010b18   0x08010b18   0x0000009e   Code   RO          886    .text.calculate_modbus_crc  crc16.o
    0x08010bb6   0x08010bb6   0x00000002   PAD
    0x08010bb8   0x08010bb8   0x0000005e   Code   RO          779    .text.deviceDateOfManufactureToStr  commandparser.o
    0x08010c16   0x08010c16   0x00000002   PAD
    0x08010c18   0x08010c18   0x00000022   Code   RO         1994    .text.dma_channel_enable  gd32f4xx_dma.o
    0x08010c3a   0x08010c3a   0x00000002   PAD
    0x08010c3c   0x08010c3c   0x00000048   Code   RO         2004    .text.dma_channel_subperipheral_select  gd32f4xx_dma.o
    0x08010c84   0x08010c84   0x00000022   Code   RO         1992    .text.dma_circulation_disable  gd32f4xx_dma.o
    0x08010ca6   0x08010ca6   0x00000002   PAD
    0x08010ca8   0x08010ca8   0x000000dc   Code   RO         1958    .text.dma_deinit    gd32f4xx_dma.o
    0x08010d84   0x08010d84   0x00000066   Code   RO         2014    .text.dma_flag_clear  gd32f4xx_dma.o
    0x08010dea   0x08010dea   0x00000002   PAD
    0x08010dec   0x08010dec   0x00000086   Code   RO         2012    .text.dma_flag_get  gd32f4xx_dma.o
    0x08010e72   0x08010e72   0x00000002   PAD
    0x08010e74   0x08010e74   0x00000046   Code   RO         2016    .text.dma_interrupt_enable  gd32f4xx_dma.o
    0x08010eba   0x08010eba   0x00000002   PAD
    0x08010ebc   0x08010ebc   0x00000066   Code   RO         2022    .text.dma_interrupt_flag_clear  gd32f4xx_dma.o
    0x08010f22   0x08010f22   0x00000002   PAD
    0x08010f24   0x08010f24   0x000002de   Code   RO         2020    .text.dma_interrupt_flag_get  gd32f4xx_dma.o
    0x08011202   0x08011202   0x00000002   PAD
    0x08011204   0x08011204   0x0000018a   Code   RO         1966    .text.dma_multi_data_mode_init  gd32f4xx_dma.o
    0x0801138e   0x0801138e   0x00000002   PAD
    0x08011390   0x08011390   0x0000003c   Code   RO         1962    .text.dma_multi_data_para_struct_init  gd32f4xx_dma.o
    0x080113cc   0x080113cc   0x00000174   Code   RO         1964    .text.dma_single_data_mode_init  gd32f4xx_dma.o
    0x08011540   0x08011540   0x00000030   Code   RO         1960    .text.dma_single_data_para_struct_init  gd32f4xx_dma.o
    0x08011570   0x08011570   0x00000058   Code   RO         2000    .text.dma_switch_buffer_mode_config  gd32f4xx_dma.o
    0x080115c8   0x080115c8   0x0000004a   Code   RO         2008    .text.dma_switch_buffer_mode_enable  gd32f4xx_dma.o
    0x08011612   0x08011612   0x00000002   PAD
    0x08011614   0x08011614   0x00000032   Code   RO         2002    .text.dma_using_memory_get  gd32f4xx_dma.o
    0x08011646   0x08011646   0x00000002   PAD
    0x08011648   0x08011648   0x0000002a   Code   RO          209    .text.doWriteEnable  drv_eeprom.o
    0x08011672   0x08011672   0x00000002   PAD
    0x08011674   0x08011674   0x00000036   Code   RO          969    .text.fGetTime      drv_time.o
    0x080116aa   0x080116aa   0x00000002   PAD
    0x080116ac   0x080116ac   0x0000006a   Code   RO         2053    .text.fmc_byte_program  gd32f4xx_fmc.o
    0x08011716   0x08011716   0x00000002   PAD
    0x08011718   0x08011718   0x00000012   Code   RO         2035    .text.fmc_lock      gd32f4xx_fmc.o
    0x0801172a   0x0801172a   0x00000002   PAD
    0x0801172c   0x0801172c   0x00000090   Code   RO         2037    .text.fmc_page_erase  gd32f4xx_fmc.o
    0x080117bc   0x080117bc   0x00000058   Code   RO         2039    .text.fmc_ready_wait  gd32f4xx_fmc.o
    0x08011814   0x08011814   0x000000a2   Code   RO         2107    .text.fmc_state_get  gd32f4xx_fmc.o
    0x080118b6   0x080118b6   0x00000002   PAD
    0x080118b8   0x080118b8   0x00000030   Code   RO         2033    .text.fmc_unlock    gd32f4xx_fmc.o
    0x080118e8   0x080118e8   0x000000d4   Code   RO         2138    .text.gpio_af_set   gd32f4xx_gpio.o
    0x080119bc   0x080119bc   0x00000010   Code   RO         2124    .text.gpio_bit_reset  gd32f4xx_gpio.o
    0x080119cc   0x080119cc   0x00000010   Code   RO         2122    .text.gpio_bit_set  gd32f4xx_gpio.o
    0x080119dc   0x080119dc   0x00000010   Code   RO         2142    .text.gpio_bit_toggle  gd32f4xx_gpio.o
    0x080119ec   0x080119ec   0x0000002a   Code   RO         2130    .text.gpio_input_bit_get  gd32f4xx_gpio.o
    0x08011a16   0x08011a16   0x00000002   PAD
    0x08011a18   0x08011a18   0x0000009c   Code   RO         2118    .text.gpio_mode_set  gd32f4xx_gpio.o
    0x08011ab4   0x08011ab4   0x00000092   Code   RO         2120    .text.gpio_output_options_set  gd32f4xx_gpio.o
    0x08011b46   0x08011b46   0x00000002   PAD
    0x08011b48   0x08011b48   0x000000e4   Code   RO          191    .text.initMTD       drv_eeprom.o
    0x08011c2c   0x08011c2c   0x0000014a   Code   RO          246    .text.init_LEDs     drv_leds.o
    0x08011d76   0x08011d76   0x00000002   PAD
    0x08011d78   0x08011d78   0x00000142   Code   RO          608    .text.init_PowerSync  drv_powersync.o
    0x08011eba   0x08011eba   0x00000002   PAD
    0x08011ebc   0x08011ebc   0x0000003a   Code   RO          483    .text.init_TestPinKT  drv_testpinkt.o
    0x08011ef6   0x08011ef6   0x00000002   PAD
    0x08011ef8   0x08011ef8   0x0000003e   Code   RO         1243    .text.isKeyUnlocked  lockunlock.o
    0x08011f36   0x08011f36   0x00000002   PAD
    0x08011f38   0x08011f38   0x00000014   Code   RO         1457    .text.lfs_aligndown  lfs.o
    0x08011f4c   0x08011f4c   0x00000018   Code   RO         1449    .text.lfs_alignup   lfs.o
    0x08011f64   0x08011f64   0x000000f4   Code   RO         1443    .text.lfs_alloc     lfs.o
    0x08012058   0x08012058   0x0000000e   Code   RO         1423    .text.lfs_alloc_ckpoint  lfs.o
    0x08012066   0x08012066   0x00000002   PAD
    0x08012068   0x08012068   0x0000001a   Code   RO         1455    .text.lfs_alloc_drop  lfs.o
    0x08012082   0x08012082   0x00000002   PAD
    0x08012084   0x08012084   0x0000004c   Code   RO         1453    .text.lfs_alloc_lookahead  lfs.o
    0x080120d0   0x080120d0   0x00000070   Code   RO         1451    .text.lfs_alloc_scan  lfs.o
    0x08012140   0x08012140   0x000000ba   Code   RO         1523    .text.lfs_bd_cmp    lfs.o
    0x080121fa   0x080121fa   0x00000002   PAD
    0x080121fc   0x080121fc   0x000000a2   Code   RO         1563    .text.lfs_bd_crc    lfs.o
    0x0801229e   0x0801229e   0x00000002   PAD
    0x080122a0   0x080122a0   0x00000062   Code   RO         1495    .text.lfs_bd_erase  lfs.o
    0x08012302   0x08012302   0x00000002   PAD
    0x08012304   0x08012304   0x0000011e   Code   RO         1521    .text.lfs_bd_flush  lfs.o
    0x08012422   0x08012422   0x00000002   PAD
    0x08012424   0x08012424   0x000001a6   Code   RO         1499    .text.lfs_bd_prog   lfs.o
    0x080125ca   0x080125ca   0x00000002   PAD
    0x080125cc   0x080125cc   0x000002c2   Code   RO         1445    .text.lfs_bd_read   lfs.o
    0x0801288e   0x0801288e   0x00000002   PAD
    0x08012890   0x08012890   0x0000006c   Code   RO         1567    .text.lfs_bd_sync   lfs.o
    0x080128fc   0x080128fc   0x00000012   Code   RO         1501    .text.lfs_cache_drop  lfs.o
    0x0801290e   0x0801290e   0x00000002   PAD
    0x08012910   0x08012910   0x00000024   Code   RO         1441    .text.lfs_cache_zero  lfs.o
    0x08012934   0x08012934   0x00000066   Code   RO         1686    .text.lfs_crc       lfs_util.o
    0x0801299a   0x0801299a   0x00000002   PAD
    0x0801299c   0x0801299c   0x00000012   Code   RO         1533    .text.lfs_ctz       lfs.o
    0x080129ae   0x080129ae   0x00000002   PAD
    0x080129b0   0x080129b0   0x0000024a   Code   RO         1537    .text.lfs_ctz_extend  lfs.o
    0x08012bfa   0x08012bfa   0x00000002   PAD
    0x08012bfc   0x08012bfc   0x000000e0   Code   RO         1529    .text.lfs_ctz_find  lfs.o
    0x08012cdc   0x08012cdc   0x00000022   Code   RO         1637    .text.lfs_ctz_fromle32  lfs.o
    0x08012cfe   0x08012cfe   0x00000002   PAD
    0x08012d00   0x08012d00   0x00000074   Code   RO         1531    .text.lfs_ctz_index  lfs.o
    0x08012d74   0x08012d74   0x00000022   Code   RO         1645    .text.lfs_ctz_tole32  lfs.o
    0x08012d96   0x08012d96   0x00000002   PAD
    0x08012d98   0x08012d98   0x00000100   Code   RO         1649    .text.lfs_ctz_traverse  lfs.o
    0x08012e98   0x08012e98   0x00000048   Code   RO         1435    .text.lfs_deinit    lfs.o
    0x08012ee0   0x08012ee0   0x0000000c   Code   RO         1669    .text.lfs_device_erase  lfs_storage.o
    0x08012eec   0x08012eec   0x0000003c   Code   RO         1667    .text.lfs_device_prog  lfs_storage.o
    0x08012f28   0x08012f28   0x0000003c   Code   RO         1665    .text.lfs_device_read  lfs_storage.o
    0x08012f64   0x08012f64   0x0000000a   Code   RO         1671    .text.lfs_device_sync  lfs_storage.o
    0x08012f6e   0x08012f6e   0x00000002   PAD
    0x08012f70   0x08012f70   0x000000e8   Code   RO         1425    .text.lfs_dir_alloc  lfs.o
    0x08013058   0x08013058   0x00000054   Code   RO         1431    .text.lfs_dir_commit  lfs.o
    0x080130ac   0x080130ac   0x00000020   Code   RO         1543    .text.lfs_dir_commit_commit  lfs.o
    0x080130cc   0x080130cc   0x00000024   Code   RO         1569    .text.lfs_dir_commit_size  lfs.o
    0x080130f0   0x080130f0   0x0000011a   Code   RO         1551    .text.lfs_dir_commitattr  lfs.o
    0x0801320a   0x0801320a   0x00000002   PAD
    0x0801320c   0x0801320c   0x000002e8   Code   RO         1553    .text.lfs_dir_commitcrc  lfs.o
    0x080134f4   0x080134f4   0x0000006a   Code   RO         1561    .text.lfs_dir_commitprog  lfs.o
    0x0801355e   0x0801355e   0x00000002   PAD
    0x08013560   0x08013560   0x000003da   Code   RO         1575    .text.lfs_dir_compact  lfs.o
    0x0801393a   0x0801393a   0x00000002   PAD
    0x0801393c   0x0801393c   0x00000030   Code   RO         1433    .text.lfs_dir_fetch  lfs.o
    0x0801396c   0x0801396c   0x0000073a   Code   RO         1587    .text.lfs_dir_fetchmatch  lfs.o
    0x080140a6   0x080140a6   0x00000002   PAD
    0x080140a8   0x080140a8   0x0000025c   Code   RO         1617    .text.lfs_dir_find  lfs.o
    0x08014304   0x08014304   0x000000a2   Code   RO         1605    .text.lfs_dir_find_match  lfs.o
    0x080143a6   0x080143a6   0x00000002   PAD
    0x080143a8   0x080143a8   0x00000050   Code   RO         1581    .text.lfs_dir_get   lfs.o
    0x080143f8   0x080143f8   0x00000064   Code   RO         1473    .text.lfs_dir_getgstate  lfs.o
    0x0801445c   0x0801445c   0x000001cc   Code   RO         1497    .text.lfs_dir_getread  lfs.o
    0x08014628   0x08014628   0x00000200   Code   RO         1503    .text.lfs_dir_getslice  lfs.o
    0x08014828   0x08014828   0x00000044   Code   RO         1573    .text.lfs_dir_needsrelocation  lfs.o
    0x0801486c   0x0801486c   0x0000063a   Code   RO         1461    .text.lfs_dir_orphaningcommit  lfs.o
    0x08014ea6   0x08014ea6   0x00000002   PAD
    0x08014ea8   0x08014ea8   0x00000582   Code   RO         1471    .text.lfs_dir_relocatingcommit  lfs.o
    0x0801542a   0x0801542a   0x00000002   PAD
    0x0801542c   0x0801542c   0x000000c8   Code   RO         1571    .text.lfs_dir_split  lfs.o
    0x080154f4   0x080154f4   0x000002ae   Code   RO         1555    .text.lfs_dir_splittingcompact  lfs.o
    0x080157a2   0x080157a2   0x00000002   PAD
    0x080157a4   0x080157a4   0x00000572   Code   RO         1541    .text.lfs_dir_traverse  lfs.o
    0x08015d16   0x08015d16   0x00000002   PAD
    0x08015d18   0x08015d18   0x000000c6   Code   RO         1557    .text.lfs_dir_traverse_filter  lfs.o
    0x08015dde   0x08015dde   0x00000002   PAD
    0x08015de0   0x08015de0   0x00000022   Code   RO         1599    .text.lfs_fcrc_fromle32  lfs.o
    0x08015e02   0x08015e02   0x00000002   PAD
    0x08015e04   0x08015e04   0x00000022   Code   RO         1565    .text.lfs_fcrc_tole32  lfs.o
    0x08015e26   0x08015e26   0x00000002   PAD
    0x08015e28   0x08015e28   0x00000056   Code   RO         1331    .text.lfs_file_close  lfs.o
    0x08015e7e   0x08015e7e   0x00000002   PAD
    0x08015e80   0x08015e80   0x00000034   Code   RO         1333    .text.lfs_file_close_  lfs.o
    0x08015eb4   0x08015eb4   0x000001e2   Code   RO         1469    .text.lfs_file_flush  lfs.o
    0x08016096   0x08016096   0x00000002   PAD
    0x08016098   0x08016098   0x000001cc   Code   RO         1525    .text.lfs_file_flushedread  lfs.o
    0x08016264   0x08016264   0x00000228   Code   RO         1527    .text.lfs_file_flushedwrite  lfs.o
    0x0801648c   0x0801648c   0x0000006c   Code   RO         1327    .text.lfs_file_opencfg  lfs.o
    0x080164f8   0x080164f8   0x000003ba   Code   RO         1329    .text.lfs_file_opencfg_  lfs.o
    0x080168b2   0x080168b2   0x00000002   PAD
    0x080168b4   0x080168b4   0x00000040   Code   RO         1467    .text.lfs_file_outline  lfs.o
    0x080168f4   0x080168f4   0x0000005e   Code   RO         1339    .text.lfs_file_read  lfs.o
    0x08016952   0x08016952   0x00000002   PAD
    0x08016954   0x08016954   0x0000006e   Code   RO         1341    .text.lfs_file_read_  lfs.o
    0x080169c2   0x080169c2   0x00000002   PAD
    0x080169c4   0x080169c4   0x000001d4   Code   RO         1493    .text.lfs_file_relocate  lfs.o
    0x08016b98   0x08016b98   0x0000013c   Code   RO         1337    .text.lfs_file_sync_  lfs.o
    0x08016cd4   0x08016cd4   0x0000005e   Code   RO         1343    .text.lfs_file_write  lfs.o
    0x08016d32   0x08016d32   0x00000002   PAD
    0x08016d34   0x08016d34   0x00000128   Code   RO         1345    .text.lfs_file_write_  lfs.o
    0x08016e5c   0x08016e5c   0x0000002e   Code   RO         1285    .text.lfs_format    lfs.o
    0x08016e8a   0x08016e8a   0x00000002   PAD
    0x08016e8c   0x08016e8c   0x00000144   Code   RO         1287    .text.lfs_format_   lfs.o
    0x08016fd0   0x08016fd0   0x00000010   Code   RO         1603    .text.lfs_free      lfs.o
    0x08016fe0   0x08016fe0   0x0000000c   Code   RO         1507    .text.lfs_frombe32  lfs.o
    0x08016fec   0x08016fec   0x0000000a   Code   RO         1447    .text.lfs_fromle32  lfs.o
    0x08016ff6   0x08016ff6   0x00000002   PAD
    0x08016ff8   0x08016ff8   0x000000f2   Code   RO         1623    .text.lfs_fs_demove  lfs.o
    0x080170ea   0x080170ea   0x00000002   PAD
    0x080170ec   0x080170ec   0x00000370   Code   RO         1463    .text.lfs_fs_deorphan  lfs.o
    0x0801745c   0x0801745c   0x000000ca   Code   RO         1621    .text.lfs_fs_desuperblock  lfs.o
    0x08017526   0x08017526   0x00000002   PAD
    0x08017528   0x08017528   0x0000000e   Code   RO         1427    .text.lfs_fs_disk_version  lfs.o
    0x08017536   0x08017536   0x00000002   PAD
    0x08017538   0x08017538   0x00000012   Code   RO         1609    .text.lfs_fs_disk_version_major  lfs.o
    0x0801754a   0x0801754a   0x00000002   PAD
    0x0801754c   0x0801754c   0x00000012   Code   RO         1611    .text.lfs_fs_disk_version_minor  lfs.o
    0x0801755e   0x0801755e   0x00000002   PAD
    0x08017560   0x08017560   0x00000050   Code   RO         1615    .text.lfs_fs_forceconsistency  lfs.o
    0x080175b0   0x080175b0   0x000000ce   Code   RO         1479    .text.lfs_fs_parent  lfs.o
    0x0801767e   0x0801767e   0x00000002   PAD
    0x08017680   0x08017680   0x0000007a   Code   RO         1589    .text.lfs_fs_parent_match  lfs.o
    0x080176fa   0x080176fa   0x00000002   PAD
    0x080176fc   0x080176fc   0x000000a2   Code   RO         1489    .text.lfs_fs_pred   lfs.o
    0x0801779e   0x0801779e   0x00000002   PAD
    0x080177a0   0x080177a0   0x0000008c   Code   RO         1487    .text.lfs_fs_prepmove  lfs.o
    0x0801782c   0x0801782c   0x0000009c   Code   RO         1481    .text.lfs_fs_preporphans  lfs.o
    0x080178c8   0x080178c8   0x00000022   Code   RO         1613    .text.lfs_fs_prepsuperblock  lfs.o
    0x080178ea   0x080178ea   0x00000002   PAD
    0x080178ec   0x080178ec   0x00000034   Code   RO         1401    .text.lfs_fs_size_  lfs.o
    0x08017920   0x08017920   0x00000018   Code   RO         1647    .text.lfs_fs_size_count  lfs.o
    0x08017938   0x08017938   0x000002ac   Code   RO         1405    .text.lfs_fs_traverse_  lfs.o
    0x08017be4   0x08017be4   0x0000002e   Code   RO         1583    .text.lfs_gstate_fromle32  lfs.o
    0x08017c12   0x08017c12   0x00000002   PAD
    0x08017c14   0x08017c14   0x00000014   Code   RO         1601    .text.lfs_gstate_getorphans  lfs.o
    0x08017c28   0x08017c28   0x00000018   Code   RO         1627    .text.lfs_gstate_hasmove  lfs.o
    0x08017c40   0x08017c40   0x00000038   Code   RO         1483    .text.lfs_gstate_hasmovehere  lfs.o
    0x08017c78   0x08017c78   0x00000018   Code   RO         1491    .text.lfs_gstate_hasorphans  lfs.o
    0x08017c90   0x08017c90   0x00000034   Code   RO         1547    .text.lfs_gstate_iszero  lfs.o
    0x08017cc4   0x08017cc4   0x00000020   Code   RO         1625    .text.lfs_gstate_needssuperblock  lfs.o
    0x08017ce4   0x08017ce4   0x0000002e   Code   RO         1549    .text.lfs_gstate_tole32  lfs.o
    0x08017d12   0x08017d12   0x00000002   PAD
    0x08017d14   0x08017d14   0x0000002e   Code   RO         1545    .text.lfs_gstate_xor  lfs.o
    0x08017d42   0x08017d42   0x00000002   PAD
    0x08017d44   0x08017d44   0x000007e6   Code   RO         1419    .text.lfs_init      lfs.o
    0x0801852a   0x0801852a   0x00000002   PAD
    0x0801852c   0x0801852c   0x00000010   Code   RO         1439    .text.lfs_malloc    lfs.o
    0x0801853c   0x0801853c   0x00000022   Code   RO         1519    .text.lfs_max       lfs.o
    0x0801855e   0x0801855e   0x00000002   PAD
    0x08018560   0x08018560   0x00000022   Code   RO         1421    .text.lfs_min       lfs.o
    0x08018582   0x08018582   0x00000002   PAD
    0x08018584   0x08018584   0x00000018   Code   RO         1641    .text.lfs_mlist_append  lfs.o
    0x0801859c   0x0801859c   0x00000042   Code   RO         1323    .text.lfs_mlist_isopen  lfs.o
    0x080185de   0x080185de   0x00000002   PAD
    0x080185e0   0x080185e0   0x0000003a   Code   RO         1643    .text.lfs_mlist_remove  lfs.o
    0x0801861a   0x0801861a   0x00000002   PAD
    0x0801861c   0x0801861c   0x0000002e   Code   RO         1289    .text.lfs_mount     lfs.o
    0x0801864a   0x0801864a   0x00000002   PAD
    0x0801864c   0x0801864c   0x00000490   Code   RO         1291    .text.lfs_mount_    lfs.o
    0x08018adc   0x08018adc   0x00000014   Code   RO         1437    .text.lfs_npw2      lfs.o
    0x08018af0   0x08018af0   0x0000005a   Code   RO         1465    .text.lfs_pair_cmp  lfs.o
    0x08018b4a   0x08018b4a   0x00000002   PAD
    0x08018b4c   0x08018b4c   0x00000022   Code   RO         1477    .text.lfs_pair_fromle32  lfs.o
    0x08018b6e   0x08018b6e   0x00000002   PAD
    0x08018b70   0x08018b70   0x0000002c   Code   RO         1577    .text.lfs_pair_isnull  lfs.o
    0x08018b9c   0x08018b9c   0x0000005c   Code   RO         1591    .text.lfs_pair_issync  lfs.o
    0x08018bf8   0x08018bf8   0x0000001a   Code   RO         1579    .text.lfs_pair_swap  lfs.o
    0x08018c12   0x08018c12   0x00000002   PAD
    0x08018c14   0x08018c14   0x00000022   Code   RO         1475    .text.lfs_pair_tole32  lfs.o
    0x08018c36   0x08018c36   0x00000002   PAD
    0x08018c38   0x08018c38   0x0000001e   Code   RO         1631    .text.lfs_path_isdir  lfs.o
    0x08018c56   0x08018c56   0x00000002   PAD
    0x08018c58   0x08018c58   0x00000038   Code   RO         1629    .text.lfs_path_islast  lfs.o
    0x08018c90   0x08018c90   0x00000018   Code   RO         1633    .text.lfs_path_namelen  lfs.o
    0x08018ca8   0x08018ca8   0x00000032   Code   RO         1535    .text.lfs_popc      lfs.o
    0x08018cda   0x08018cda   0x00000002   PAD
    0x08018cdc   0x08018cdc   0x00000010   Code   RO         1593    .text.lfs_scmp      lfs.o
    0x08018cec   0x08018cec   0x00000052   Code   RO         1607    .text.lfs_superblock_fromle32  lfs.o
    0x08018d3e   0x08018d3e   0x00000002   PAD
    0x08018d40   0x08018d40   0x00000052   Code   RO         1429    .text.lfs_superblock_tole32  lfs.o
    0x08018d92   0x08018d92   0x00000002   PAD
    0x08018d94   0x08018d94   0x0000000e   Code   RO         1517    .text.lfs_tag_chunk  lfs.o
    0x08018da2   0x08018da2   0x00000002   PAD
    0x08018da4   0x08018da4   0x0000001e   Code   RO         1505    .text.lfs_tag_dsize  lfs.o
    0x08018dc2   0x08018dc2   0x00000002   PAD
    0x08018dc4   0x08018dc4   0x0000000e   Code   RO         1485    .text.lfs_tag_id    lfs.o
    0x08018dd2   0x08018dd2   0x00000002   PAD
    0x08018dd4   0x08018dd4   0x00000018   Code   RO         1513    .text.lfs_tag_isdelete  lfs.o
    0x08018dec   0x08018dec   0x00000012   Code   RO         1595    .text.lfs_tag_isvalid  lfs.o
    0x08018dfe   0x08018dfe   0x00000002   PAD
    0x08018e00   0x08018e00   0x0000000e   Code   RO         1515    .text.lfs_tag_size  lfs.o
    0x08018e0e   0x08018e0e   0x00000002   PAD
    0x08018e10   0x08018e10   0x00000012   Code   RO         1511    .text.lfs_tag_splice  lfs.o
    0x08018e22   0x08018e22   0x00000002   PAD
    0x08018e24   0x08018e24   0x00000010   Code   RO         1509    .text.lfs_tag_type1  lfs.o
    0x08018e34   0x08018e34   0x00000010   Code   RO         1597    .text.lfs_tag_type2  lfs.o
    0x08018e44   0x08018e44   0x0000000e   Code   RO         1539    .text.lfs_tag_type3  lfs.o
    0x08018e52   0x08018e52   0x00000002   PAD
    0x08018e54   0x08018e54   0x00000010   Code   RO         1559    .text.lfs_tobe32    lfs.o
    0x08018e64   0x08018e64   0x00000010   Code   RO         1459    .text.lfs_tole32    lfs.o
    0x08018e74   0x08018e74   0x0000007e   Code   RO         1585    .text.lfs_tortoise_detectcycles  lfs.o
    0x08018ef2   0x08018ef2   0x00000002   PAD
    0x08018ef4   0x08018ef4   0x00000010   Code   RO         1295    .text.lfs_unmount_  lfs.o
    0x08018f04   0x08018f04   0x00000044   Code   RO         1239    .text.loadLockUnlockStatus  lockunlock.o
    0x08018f48   0x08018f48   0x00000042   Code   RO         1181    .text.log_print     logger.o
    0x08018f8a   0x08018f8a   0x00000002   PAD
    0x08018f8c   0x08018f8c   0x0000008e   Code   RO         1183    .text.log_vprint    logger.o
    0x0801901a   0x0801901a   0x00000002   PAD
    0x0801901c   0x0801901c   0x000001ba   Code   RO            4    .text.main          main_application.o
    0x080191d6   0x080191d6   0x00000002   PAD
    0x080191d8   0x080191d8   0x00000022   Code   RO          211    .text.max           drv_eeprom.o
    0x080191fa   0x080191fa   0x00000002   PAD
    0x080191fc   0x080191fc   0x00000022   Code   RO          193    .text.min           drv_eeprom.o
    0x0801921e   0x0801921e   0x00000002   PAD
    0x08019220   0x08019220   0x00000022   Code   RO          926    .text.min           drv_rs485x.o
    0x08019242   0x08019242   0x00000002   PAD
    0x08019244   0x08019244   0x00000022   Code   RO         1782    .text.min_u32       modbusrturoutine.o
    0x08019266   0x08019266   0x00000002   PAD
    0x08019268   0x08019268   0x00000022   Code   RO          810    .text.min_uint32    commandparserfunction.o
    0x0801928a   0x0801928a   0x00000002   PAD
    0x0801928c   0x0801928c   0x00000086   Code   RO          781    .text.monthToQuarter  commandparser.o
    0x08019312   0x08019312   0x00000002   PAD
    0x08019314   0x08019314   0x0000006c   Code   RO          197    .text.mtdRead       drv_eeprom.o
    0x08019380   0x08019380   0x00000078   Code   RO          201    .text.mtdWrite      drv_eeprom.o
    0x080193f8   0x080193f8   0x0000012a   Code   RO         2155    .text.nvic_irq_enable  gd32f4xx_misc.o
    0x08019522   0x08019522   0x00000002   PAD
    0x08019524   0x08019524   0x0000001c   Code   RO         2153    .text.nvic_priority_group_set  gd32f4xx_misc.o
    0x08019540   0x08019540   0x00000162   Code   RO         2306    .text.rcu_clock_freq_get  gd32f4xx_rcu.o
    0x080196a2   0x080196a2   0x00000002   PAD
    0x080196a4   0x080196a4   0x00000028   Code   RO         2228    .text.rcu_periph_clock_enable  gd32f4xx_rcu.o
    0x080196cc   0x080196cc   0x00000028   Code   RO         2238    .text.rcu_periph_reset_disable  gd32f4xx_rcu.o
    0x080196f4   0x080196f4   0x00000028   Code   RO         2236    .text.rcu_periph_reset_enable  gd32f4xx_rcu.o
    0x0801971c   0x0801971c   0x00000038   Code   RO         2274    .text.rcu_timer_clock_prescaler_config  gd32f4xx_rcu.o
    0x08019754   0x08019754   0x00000048   Code   RO          219    .text.readStatusRegister  drv_eeprom.o
    0x0801979c   0x0801979c   0x00000086   Code   RO          195    .text.setProtectionEEPROM  drv_eeprom.o
    0x08019822   0x08019822   0x00000002   PAD
    0x08019824   0x08019824   0x000000dc   Code   RO          213    .text.spiNByteRead  drv_eeprom.o
    0x08019900   0x08019900   0x0000012a   Code   RO          215    .text.spiNByteWrite  drv_eeprom.o
    0x08019a2a   0x08019a2a   0x00000002   PAD
    0x08019a2c   0x08019a2c   0x000000f8   Code   RO          199    .text.spiReadChunked  drv_eeprom.o
    0x08019b24   0x08019b24   0x0000010e   Code   RO          203    .text.spiWriteChunked  drv_eeprom.o
    0x08019c32   0x08019c32   0x00000002   PAD
    0x08019c34   0x08019c34   0x0000004a   Code   RO          474    .text.spi_bufRx     drv_spi.o
    0x08019c7e   0x08019c7e   0x00000002   PAD
    0x08019c80   0x08019c80   0x00000048   Code   RO          472    .text.spi_bufTx     drv_spi.o
    0x08019cc8   0x08019cc8   0x0000004a   Code   RO          450    .text.spi_configure_cs  drv_spi.o
    0x08019d12   0x08019d12   0x00000002   PAD
    0x08019d14   0x08019d14   0x00000028   Code   RO          458    .text.spi_disable_cs  drv_spi.o
    0x08019d3c   0x08019d3c   0x00000012   Code   RO         2333    .text.spi_enable    gd32f4xx_spi.o
    0x08019d4e   0x08019d4e   0x00000002   PAD
    0x08019d50   0x08019d50   0x00000028   Code   RO          456    .text.spi_enable_cs  drv_spi.o
    0x08019d78   0x08019d78   0x00000046   Code   RO          464    .text.spi_exchange16  drv_spi.o
    0x08019dbe   0x08019dbe   0x00000002   PAD
    0x08019dc0   0x08019dc0   0x00000052   Code   RO          466    .text.spi_exchange24  drv_spi.o
    0x08019e12   0x08019e12   0x00000002   PAD
    0x08019e14   0x08019e14   0x0000003a   Code   RO          460    .text.spi_exchange8  drv_spi.o
    0x08019e4e   0x08019e4e   0x00000002   PAD
    0x08019e50   0x08019e50   0x0000000e   Code   RO         2361    .text.spi_i2s_data_receive  gd32f4xx_spi.o
    0x08019e5e   0x08019e5e   0x00000002   PAD
    0x08019e60   0x08019e60   0x00000014   Code   RO         2359    .text.spi_i2s_data_transmit  gd32f4xx_spi.o
    0x08019e74   0x08019e74   0x000000da   Code   RO         2327    .text.spi_i2s_deinit  gd32f4xx_spi.o
    0x08019f4e   0x08019f4e   0x00000002   PAD
    0x08019f50   0x08019f50   0x0000002a   Code   RO         2399    .text.spi_i2s_flag_get  gd32f4xx_spi.o
    0x08019f7a   0x08019f7a   0x00000002   PAD
    0x08019f7c   0x08019f7c   0x00000072   Code   RO         2331    .text.spi_init      gd32f4xx_spi.o
    0x08019fee   0x08019fee   0x00000002   PAD
    0x08019ff0   0x08019ff0   0x00000012   Code   RO         2347    .text.spi_nss_output_disable  gd32f4xx_spi.o
    0x0801a002   0x0801a002   0x00000002   PAD
    0x0801a004   0x0801a004   0x00000030   Code   RO          452    .text.spi_prepare_bus  drv_spi.o
    0x0801a034   0x0801a034   0x00000026   Code   RO         2329    .text.spi_struct_para_init  gd32f4xx_spi.o
    0x0801a05a   0x0801a05a   0x00000002   PAD
    0x0801a05c   0x0801a05c   0x000000fc   Code   RO         1663    .text.storage_init  lfs_storage.o
    0x0801a158   0x0801a158   0x0000015e   Code   RO         2720    .text.system_clock_40m_8m_hxtal  system_gd32f4xx.o
    0x0801a2b6   0x0801a2b6   0x00000002   PAD
    0x0801a2b8   0x0801a2b8   0x00000008   Code   RO         2716    .text.system_clock_config  system_gd32f4xx.o
    0x0801a2c0   0x0801a2c0   0x00000012   Code   RO         2447    .text.timer_auto_reload_shadow_enable  gd32f4xx_timer.o
    0x0801a2d2   0x0801a2d2   0x00000002   PAD
    0x0801a2d4   0x0801a2d4   0x000002c8   Code   RO         2507    .text.timer_channel_output_config  gd32f4xx_timer.o
    0x0801a59c   0x0801a59c   0x0000008c   Code   RO         2509    .text.timer_channel_output_mode_config  gd32f4xx_timer.o
    0x0801a628   0x0801a628   0x00000046   Code   RO         2511    .text.timer_channel_output_pulse_value_config  gd32f4xx_timer.o
    0x0801a66e   0x0801a66e   0x00000002   PAD
    0x0801a670   0x0801a670   0x0000008c   Code   RO         2513    .text.timer_channel_output_shadow_config  gd32f4xx_timer.o
    0x0801a6fc   0x0801a6fc   0x00000014   Code   RO         2469    .text.timer_counter_read  gd32f4xx_timer.o
    0x0801a710   0x0801a710   0x000001e8   Code   RO         2437    .text.timer_deinit  gd32f4xx_timer.o
    0x0801a8f8   0x0801a8f8   0x00000012   Code   RO         2443    .text.timer_enable  gd32f4xx_timer.o
    0x0801a90a   0x0801a90a   0x00000002   PAD
    0x0801a90c   0x0801a90c   0x00000026   Code   RO         2559    .text.timer_external_clock_mode1_config  gd32f4xx_timer.o
    0x0801a932   0x0801a932   0x00000002   PAD
    0x0801a934   0x0801a934   0x00000034   Code   RO         2547    .text.timer_external_trigger_config  gd32f4xx_timer.o
    0x0801a968   0x0801a968   0x00000012   Code   RO         2571    .text.timer_flag_clear  gd32f4xx_timer.o
    0x0801a97a   0x0801a97a   0x00000002   PAD
    0x0801a97c   0x0801a97c   0x00000100   Code   RO         2441    .text.timer_init    gd32f4xx_timer.o
    0x0801aa7c   0x0801aa7c   0x0000001e   Code   RO         2539    .text.timer_input_trigger_source_select  gd32f4xx_timer.o
    0x0801aa9a   0x0801aa9a   0x00000002   PAD
    0x0801aa9c   0x0801aa9c   0x00000034   Code   RO         2473    .text.timer_single_pulse_mode_config  gd32f4xx_timer.o
    0x0801aad0   0x0801aad0   0x00000082   Code   RO         1032    .text.unicorn_uart_speed_to_baudrate  unicorn_uart_speed.o
    0x0801ab52   0x0801ab52   0x00000002   PAD
    0x0801ab54   0x0801ab54   0x00000042   Code   RO         1084    .text.update_crc32_Ethernet  crc32ethernet.o
    0x0801ab96   0x0801ab96   0x00000002   PAD
    0x0801ab98   0x0801ab98   0x00000158   Code   RO         2590    .text.usart_baudrate_set  gd32f4xx_usart.o
    0x0801acf0   0x0801acf0   0x00000010   Code   RO         2622    .text.usart_data_receive  gd32f4xx_usart.o
    0x0801ad00   0x0801ad00   0x00000018   Code   RO         2620    .text.usart_data_transmit  gd32f4xx_usart.o
    0x0801ad18   0x0801ad18   0x0000011e   Code   RO         2588    .text.usart_deinit  gd32f4xx_usart.o
    0x0801ae36   0x0801ae36   0x00000002   PAD
    0x0801ae38   0x0801ae38   0x00000012   Code   RO         2600    .text.usart_disable  gd32f4xx_usart.o
    0x0801ae4a   0x0801ae4a   0x00000002   PAD
    0x0801ae4c   0x0801ae4c   0x00000022   Code   RO         2682    .text.usart_dma_receive_config  gd32f4xx_usart.o
    0x0801ae6e   0x0801ae6e   0x00000002   PAD
    0x0801ae70   0x0801ae70   0x00000022   Code   RO         2684    .text.usart_dma_transmit_config  gd32f4xx_usart.o
    0x0801ae92   0x0801ae92   0x00000002   PAD
    0x0801ae94   0x0801ae94   0x00000012   Code   RO         2598    .text.usart_enable  gd32f4xx_usart.o
    0x0801aea6   0x0801aea6   0x00000002   PAD
    0x0801aea8   0x0801aea8   0x00000024   Code   RO         2688    .text.usart_flag_clear  gd32f4xx_usart.o
    0x0801aecc   0x0801aecc   0x0000003a   Code   RO         2686    .text.usart_flag_get  gd32f4xx_usart.o
    0x0801af06   0x0801af06   0x00000002   PAD
    0x0801af08   0x0801af08   0x00000012   Code   RO         2640    .text.usart_halfduplex_enable  gd32f4xx_usart.o
    0x0801af1a   0x0801af1a   0x00000002   PAD
    0x0801af1c   0x0801af1c   0x00000024   Code   RO         2692    .text.usart_interrupt_disable  gd32f4xx_usart.o
    0x0801af40   0x0801af40   0x00000024   Code   RO         2690    .text.usart_interrupt_enable  gd32f4xx_usart.o
    0x0801af64   0x0801af64   0x00000020   Code   RO         2696    .text.usart_interrupt_flag_clear  gd32f4xx_usart.o
    0x0801af84   0x0801af84   0x0000005e   Code   RO         2694    .text.usart_interrupt_flag_get  gd32f4xx_usart.o
    0x0801afe2   0x0801afe2   0x00000002   PAD
    0x0801afe4   0x0801afe4   0x0000002a   Code   RO         2604    .text.usart_receive_config  gd32f4xx_usart.o
    0x0801b00e   0x0801b00e   0x00000002   PAD
    0x0801b010   0x0801b010   0x0000002a   Code   RO         2602    .text.usart_transmit_config  gd32f4xx_usart.o
    0x0801b03a   0x0801b03a   0x00000002   PAD
    0x0801b03c   0x0801b03c   0x0000006a   Code   RO          217    .text.waitWriteInProgress  drv_eeprom.o
    0x0801b0a6   0x0801b0a6   0x00000002   PAD
    0x0801b0a8   0x0801b0a8   0x00000052   Code   RO          207    .text.writeStatusRegister  drv_eeprom.o
    0x0801b0fa   0x0801b0fa   0x0000003e   Code   RO         3166    CL$$btod_d2e        c_w.l(btod.o)
    0x0801b138   0x0801b138   0x00000046   Code   RO         3168    CL$$btod_d2e_denorm_low  c_w.l(btod.o)
    0x0801b17e   0x0801b17e   0x00000060   Code   RO         3167    CL$$btod_d2e_norm_op1  c_w.l(btod.o)
    0x0801b1de   0x0801b1de   0x00000002   PAD
    0x0801b1e0   0x0801b1e0   0x00000338   Code   RO         3176    CL$$btod_div_common  c_w.l(btod.o)
    0x0801b518   0x0801b518   0x000000dc   Code   RO         3173    CL$$btod_e2e        c_w.l(btod.o)
    0x0801b5f4   0x0801b5f4   0x0000002a   Code   RO         3170    CL$$btod_ediv       c_w.l(btod.o)
    0x0801b61e   0x0801b61e   0x0000002a   Code   RO         3169    CL$$btod_emul       c_w.l(btod.o)
    0x0801b648   0x0801b648   0x00000244   Code   RO         3175    CL$$btod_mult_common  c_w.l(btod.o)
    0x0801b88c   0x0801b88c   0x00000030   Code   RO         3254    i.__ARM_fpclassify  m_wm.l(fpclassify.o)
    0x0801b8bc   0x0801b8bc   0x0000000e   Code   RO         2954    i._is_digit         c_w.l(__printf_wp.o)
    0x0801b8ca   0x0801b8ca   0x0000001a   Code   RO         3122    i.fputc             c_w.l(fputc.o)
    0x0801b8e4   0x0801b8e4   0x0000002c   Code   RO         3136    locale$$code        c_w.l(lc_ctype_c.o)
    0x0801b910   0x0801b910   0x0000002c   Code   RO         3204    locale$$code        c_w.l(lc_numeric_c.o)
    0x0801b93c   0x0801b93c   0x00000062   Code   RO         2838    x$fpl$d2f           fz_wm.l(d2f.o)
    0x0801b99e   0x0801b99e   0x00000002   PAD
    0x0801b9a0   0x0801b9a0   0x00000150   Code   RO         2840    x$fpl$dadd          fz_wm.l(daddsub_clz.o)
    0x0801baf0   0x0801baf0   0x00000018   Code   RO         3151    x$fpl$dcmpinf       fz_wm.l(dcmpi.o)
    0x0801bb08   0x0801bb08   0x000002b4   Code   RO         2849    x$fpl$ddiv          fz_wm.l(ddiv.o)
    0x0801bdbc   0x0801bdbc   0x00000078   Code   RO         3045    x$fpl$deqf          fz_wm.l(deqf.o)
    0x0801be34   0x0801be34   0x00000078   Code   RO         3047    x$fpl$dgeqf         fz_wm.l(dgeqf.o)
    0x0801beac   0x0801beac   0x00000078   Code   RO         3049    x$fpl$dleqf         fz_wm.l(dleqf.o)
    0x0801bf24   0x0801bf24   0x00000154   Code   RO         2852    x$fpl$dmul          fz_wm.l(dmul.o)
    0x0801c078   0x0801c078   0x0000009c   Code   RO         3051    x$fpl$dnaninf       fz_wm.l(dnaninf.o)
    0x0801c114   0x0801c114   0x0000000c   Code   RO         3053    x$fpl$dretinf       fz_wm.l(dretinf.o)
    0x0801c120   0x0801c120   0x000001dc   Code   RO         2842    x$fpl$dsub          fz_wm.l(daddsub_clz.o)
    0x0801c2fc   0x0801c2fc   0x00000056   Code   RO         2854    x$fpl$f2d           fz_wm.l(f2d.o)
    0x0801c352   0x0801c352   0x00000054   Code   RO         2846    x$fpl$fcmp          fz_wm.l(dcmp.o)
    0x0801c3a6   0x0801c3a6   0x00000060   Code   RO         2856    x$fpl$ffltll        fz_wm.l(ffltll_clz.o)
    0x0801c406   0x0801c406   0x0000008c   Code   RO         3055    x$fpl$fnaninf       fz_wm.l(fnaninf.o)
    0x0801c492   0x0801c492   0x0000001a   Code   RO         3153    x$fpl$fpinit        fz_wm.l(fpinit.o)
    0x0801c4ac   0x0801c4ac   0x0000000a   Code   RO         3057    x$fpl$fretinf       fz_wm.l(fretinf.o)
    0x0801c4b6   0x0801c4b6   0x00000004   Code   RO         3059    x$fpl$printf1       fz_wm.l(printf1.o)
    0x0801c4ba   0x0801c4ba   0x00000004   Code   RO         3061    x$fpl$printf2       fz_wm.l(printf2.o)
    0x0801c4be   0x0801c4be   0x00000000   Code   RO         3067    x$fpl$usenofp       fz_wm.l(usenofp.o)
    0x0801c4be   0x0801c4be   0x00000002   PAD
    0x0801c4c0   0x0801c4c0   0x00000008   Data   RO         2913    .constdata          c_w.l(_printf_wctomb.o)
    0x0801c4c8   0x0801c4c8   0x00000028   Data   RO         2942    .constdata          c_w.l(_printf_hex_int_ll_ptr.o)
    0x0801c4f0   0x0801c4f0   0x00000011   Data   RO         2962    .constdata          c_w.l(__printf_flags_ss_wp.o)
    0x0801c501   0x0801c501   0x0000000c   Data   RO         2997    .constdata          c_w.l(_monlen.o)
    0x0801c50d   0x0801c50d   0x00000026   Data   RO         3110    .constdata          c_w.l(_printf_fp_hex.o)
    0x0801c533   0x0801c533   0x00000001   PAD
    0x0801c534   0x0801c534   0x00000094   Data   RO         3164    .constdata          c_w.l(bigflt0.o)
    0x0801c5c8   0x0801c5c8   0x00000100   Data   RO          875    .rodata.CRC_TABLE   crc8_ccitt.o
    0x0801c6c8   0x0801c6c8   0x00000008   Data   RO          321    .rodata.CalibADC0CoeffMul  drv_monadc0.o
    0x0801c6d0   0x0801c6d0   0x00000040   Data   RO          361    .rodata.CalibADC1CoeffMul  drv_monadc1.o
    0x0801c710   0x0801c710   0x00000018   Data   RO          401    .rodata.CalibADC2CoeffMul  drv_monadc2.o
    0x0801c728   0x0801c728   0x00000037   Data   RO         1807    .rodata.DeviceDescription  readfilerecord.o
    0x0801c75f   0x0801c75f   0x00000001   PAD
    0x0801c760   0x0801c760   0x00000060   Data   RO          221    .rodata.EEPROMParams  drv_eeprom.o
    0x0801c7c0   0x0801c7c0   0x00000006   Data   RO         1195    .rodata.ELogLevelChar  logger.o
    0x0801c7c6   0x0801c7c6   0x00000010   Data   RO         1259    .rodata.FactorySettingsKey  lockunlock.o
    0x0801c7d6   0x0801c7d6   0x00000010   Data   RO         1024    .rodata.HexDigit    packetparser.o
    0x0801c7e6   0x0801c7e6   0x00000010   Data   RO         1257    .rodata.UserFactory  lockunlock.o
    0x0801c7f6   0x0801c7f6   0x00000010   Data   RO         1258    .rodata.UserStr     lockunlock.o
    0x0801c806   0x0801c806   0x00000004   Data   RO         1132    .rodata.__stderr_name  dbg_console.o
    0x0801c80a   0x0801c80a   0x00000004   Data   RO         1130    .rodata.__stdin_name  dbg_console.o
    0x0801c80e   0x0801c80e   0x00000004   Data   RO         1131    .rodata.__stdout_name  dbg_console.o
    0x0801c812   0x0801c812   0x0000000c   Data   RO          785    .rodata.buildDate   commandparser.o
    0x0801c81e   0x0801c81e   0x00000009   Data   RO          786    .rodata.buildTime   commandparser.o
    0x0801c827   0x0801c827   0x00000001   PAD
    0x0801c828   0x0801c828   0x00000040   Data   RO         1652    .rodata.cst16       lfs.o
    0x0801c868   0x0801c868   0x00000080   Data   RO         1654    .rodata.cst32       lfs.o
    0x0801c8e8   0x0801c8e8   0x00000008   Data   RO         1653    .rodata.cst8        lfs.o
    0x0801c8f0   0x0801c8f0   0x00000020   Data   RO          152    .rodata.dscrc2x16_table  drv_1w.o
    0x0801c910   0x0801c910   0x00000040   Data   RO         1688    .rodata.lfs_crc.rtable  lfs_util.o
    0x0801c950   0x0801c950   0x0000000e   Data   RO          529    .rodata.str1.1      paramapp.o
    0x0801c95e   0x0801c95e   0x00000021   Data   RO          626    .rodata.str1.1      drv_unicorn2eeprom.o
    0x0801c97f   0x0801c97f   0x00000017   Data   RO          708    .rodata.str1.1      devicetemperaturestatistics.o
    0x0801c996   0x0801c996   0x00000313   Data   RO          722    .rodata.str1.1      accessfloatparam.o
    0x0801cca9   0x0801cca9   0x000002d0   Data   RO          734    .rodata.str1.1      accessintparam.o
    0x0801cf79   0x0801cf79   0x000006a4   Data   RO          765    .rodata.str1.1      accesstelemparam.o
    0x0801d61d   0x0801d61d   0x0000006a   Data   RO          788    .rodata.str1.1      commandparser.o
    0x0801d687   0x0801d687   0x00000006   Data   RO          802    .rodata.str1.1      commandparserfloatparam.o
    0x0801d68d   0x0801d68d   0x00000006   Data   RO          843    .rodata.str1.1      commandparserintparam.o
    0x0801d693   0x0801d693   0x00000015   Data   RO         1023    .rodata.str1.1      packetparser.o
    0x0801d6a8   0x0801d6a8   0x00000013   Data   RO         1067    .rodata.str1.1      unicorn2routine.o
    0x0801d6bb   0x0801d6bb   0x00000016   Data   RO         1166    .rodata.str1.1      deviceusagestatistics.o
    0x0801d6d1   0x0801d6d1   0x0000001e   Data   RO         1194    .rodata.str1.1      logger.o
    0x0801d6ef   0x0801d6ef   0x00000011   Data   RO         1227    .rodata.str1.1      paramsystem.o
    0x0801d700   0x0801d700   0x00000032   Data   RO         1254    .rodata.str1.1      lockunlock.o
    0x0801d732   0x0801d732   0x0000000b   Data   RO         1277    .rodata.str1.1      drv_internalfmc.o
    0x0801d73d   0x0801d73d   0x00000c33   Data   RO         1651    .rodata.str1.1      lfs.o
    0x0801e370   0x0801e370   0x00000070   Data   RO         1673    .rodata.str1.1      lfs_storage.o
    0x0801e3e0   0x0801e3e0   0x00000065   Data   RO         1795    .rodata.str1.1      modbusrturoutine.o
    0x0801e445   0x0801e445   0x00000003   PAD
    0x0801e448   0x0801e448   0x00000400   Data   RO         1088    .rodata.update_crc32_Ethernet.table  crc32ethernet.o
    0x0801e848   0x0801e848   0x00000200   Data   RO          888    .rodata.wCRCTable   crc16.o
    0x0801ea48   0x0801ea48   0x00000020   Data   RO         3324    Region$$Table       anon$$obj.o
    0x0801ea68   0x0801ea68   0x00000110   Data   RO         3135    locale$$data        c_w.l(lc_ctype_c.o)
    0x0801eb78   0x0801eb78   0x0000001c   Data   RO         3203    locale$$data        c_w.l(lc_numeric_c.o)


    Execution Region RW_IRAM1 (Exec base: 0x20000000, Load base: 0x0801ec00, Size: 0x0000ed88, Max: 0x000b0000, ABSOLUTE)

    Exec Addr    Load Addr    Size         Type   Attr      Idx    E Section Name        Object

    0x20000000   0x0801ec00   0x00000004   Data   RW         2990    .data               c_w.l(stdio_streams.o)
    0x20000004   0x0801ec04   0x00000004   Data   RW         2991    .data               c_w.l(stdio_streams.o)
    0x20000008   0x0801ec08   0x00000004   Data   RW         2992    .data               c_w.l(stdio_streams.o)
    0x2000000c   0x0801ec0c   0x00000001   Data   RW          273    .data.ErrorModeNew  drv_leds.o
    0x2000000d   0x0801ec0d   0x00000001   Data   RW          281    .data.ModeErrorLED  drv_leds.o
    0x2000000e   0x0801ec0e   0x00000002   PAD
    0x20000010   0x0801ec10   0x00000004   Data   RW          784    .data.UnitDescription  commandparser.o
    0x20000014   0x0801ec14   0x0000000c   Data   RW         1255    .data.UnlockKeys    lockunlock.o
    0x20000020   0x0801ec20   0x00000001   Data   RW          531    .data.UsingDefaultSettings  paramapp.o
    0x20000021   0x0801ec21   0x00000001   Data   RW         1168    .data.UsingDefaultSettings  deviceusagestatistics.o
    0x20000022   0x0801ec22   0x00000001   Data   RW         1229    .data.UsingDefaultSettings  paramsystem.o
    0x20000023   0x0801ec23   0x00000001   Data   RW          703    .data.UsingDefaultTempSettings  devicetemperaturestatistics.o
    0x20000024   0x0801ec24   0x00000054   Data   RW         1674    .data.lfs_cfg       lfs_storage.o
    0x20000078   0x0801ec78   0x000000a0   Data   RW          526    .data.structTParamApp  paramapp.o
    0x20000118   0x0801ed18   0x000000e8   PAD
    0x20000200        -       0x00000054   Zero   RW         2987    .bss                c_w.l(stdio_streams.o)
    0x20000254        -       0x00000054   Zero   RW         2988    .bss                c_w.l(stdio_streams.o)
    0x200002a8        -       0x00000054   Zero   RW         2989    .bss                c_w.l(stdio_streams.o)
    0x200002fc        -       0x00000060   Zero   RW         3069    .bss                c_w.l(libspace.o)
    0x2000035c        -       0x00000040   Zero   RW          317    .bss.ADC0DMABuff0   drv_monadc0.o
    0x2000039c        -       0x00000040   Zero   RW          318    .bss.ADC0DMABuff1   drv_monadc0.o
    0x200003dc        -       0x00000001   Zero   RW          316    .bss.ADC0ReadyData  drv_monadc0.o
    0x200003dd   0x0801ed18   0x00000003   PAD
    0x200003e0        -       0x00000008   Zero   RW          309    .bss.ADC0ResultAVG  drv_monadc0.o
    0x200003e8        -       0x00000008   Zero   RW          308    .bss.ADC0ResultMax  drv_monadc0.o
    0x200003f0        -       0x00000008   Zero   RW          307    .bss.ADC0ResultMin  drv_monadc0.o
    0x200003f8        -       0x00000200   Zero   RW          357    .bss.ADC1DMABuff0   drv_monadc1.o
    0x200005f8        -       0x00000200   Zero   RW          358    .bss.ADC1DMABuff1   drv_monadc1.o
    0x200007f8        -       0x00000001   Zero   RW          356    .bss.ADC1ReadyData  drv_monadc1.o
    0x200007f9   0x0801ed18   0x00000003   PAD
    0x200007fc        -       0x00000040   Zero   RW          349    .bss.ADC1ResultAVG  drv_monadc1.o
    0x2000083c        -       0x00000040   Zero   RW          348    .bss.ADC1ResultMax  drv_monadc1.o
    0x2000087c        -       0x00000040   Zero   RW          347    .bss.ADC1ResultMin  drv_monadc1.o
    0x200008bc        -       0x000000c0   Zero   RW          397    .bss.ADC2DMABuff0   drv_monadc2.o
    0x2000097c        -       0x000000c0   Zero   RW          398    .bss.ADC2DMABuff1   drv_monadc2.o
    0x20000a3c        -       0x00000001   Zero   RW          396    .bss.ADC2ReadyData  drv_monadc2.o
    0x20000a3d   0x0801ed18   0x00000003   PAD
    0x20000a40        -       0x00000018   Zero   RW          389    .bss.ADC2ResultAVG  drv_monadc2.o
    0x20000a58        -       0x00000018   Zero   RW          388    .bss.ADC2ResultMax  drv_monadc2.o
    0x20000a70        -       0x00000018   Zero   RW          387    .bss.ADC2ResultMin  drv_monadc2.o
    0x20000a88        -       0x000084d0   Zero   RW         1076    .bss.BuffRS485      unicorn2routine.o
    0x20008f58        -       0x00000300   Zero   RW         1794    .bss.BuffRtu        modbusrturoutine.o
    0x20009258        -       0x00000001   Zero   RW          274    .bss.ChangeModeError  drv_leds.o
    0x20009259        -       0x00000001   Zero   RW          272    .bss.ChangeModeOrColor  drv_leds.o
    0x2000925a   0x0801ed18   0x00000006   PAD
    0x20009260        -       0x00000008   Zero   RW           42    .bss.CheckEnviron_Routine.EnvTO  checkenviron.o
    0x20009268        -       0x00000001   Zero   RW           43    .bss.CheckEnviron_Routine.Init  checkenviron.o
    0x20009269   0x0801ed18   0x00000007   PAD
    0x20009270        -       0x00000040   Zero   RW          656    .bss.DIn            drv_din.o
    0x200092b0        -       0x00000050   Zero   RW          182    .bss.DS18B20        drv_ds18b20.o
    0x20009300        -       0x00000001   Zero   RW          183    .bss.DS18B20_Routine.Num  drv_ds18b20.o
    0x20009301   0x0801ed18   0x00000003   PAD
    0x20009304        -       0x00000004   Zero   RW          320    .bss.DataProcessMonADC0.Count  drv_monadc0.o
    0x20009308        -       0x00000004   Zero   RW          360    .bss.DataProcessMonADC1.Count  drv_monadc1.o
    0x2000930c        -       0x00000004   Zero   RW          400    .bss.DataProcessMonADC2.Count  drv_monadc2.o
    0x20009310        -       0x00000116   Zero   RW          705    .bss.DeviceTempStat  devicetemperaturestatistics.o
    0x20009426   0x0801ed18   0x00000002   PAD
    0x20009428        -       0x0000000c   Zero   RW         1162    .bss.DeviceUsStat   deviceusagestatistics.o
    0x20009434        -       0x00000004   Zero   RW           44    .bss.Env_Status     checkenviron.o
    0x20009438        -       0x00000004   Zero   RW           69    .bss.ErrorInterVolt  checkbue.o
    0x2000943c        -       0x00000004   Zero   RW          704    .bss.ErrorWriteDeviceTempStat  devicetemperaturestatistics.o
    0x20009440        -       0x00000004   Zero   RW         1163    .bss.ErrorWriteDeviceUsStat  deviceusagestatistics.o
    0x20009444        -       0x00000001   Zero   RW          582    .bss.ICPDisablePower  drv_icp.o
    0x20009445   0x0801ed18   0x00000003   PAD
    0x20009448        -       0x00000004   Zero   RW          528    .bss.Init           paramapp.o
    0x2000944c        -       0x00000004   Zero   RW          709    .bss.Init           devicetemperaturestatistics.o
    0x20009450        -       0x00000004   Zero   RW         1167    .bss.Init           deviceusagestatistics.o
    0x20009454        -       0x00000004   Zero   RW         1226    .bss.Init           paramsystem.o
    0x20009458        -       0x00000003   Zero   RW         1253    .bss.KeyUnlock      lockunlock.o
    0x2000945b   0x0801ed18   0x00000005   PAD
    0x20009460        -       0x00000008   Zero   RW          600    .bss.KuOPRoutine.TO  drv_kuop.o
    0x20009468        -       0x00000001   Zero   RW          150    .bss.LastDeviceFlag  drv_1w.o
    0x20009469        -       0x00000001   Zero   RW          149    .bss.LastDiscrepancy  drv_1w.o
    0x2000946a        -       0x00000001   Zero   RW          148    .bss.LastFamilyDiscrepancy  drv_1w.o
    0x2000946b   0x0801ed18   0x00000001   PAD
    0x2000946c        -       0x00000004   Zero   RW          313    .bss.MaxADC0        drv_monadc0.o
    0x20009470        -       0x00000020   Zero   RW          353    .bss.MaxADC1        drv_monadc1.o
    0x20009490        -       0x0000000c   Zero   RW          393    .bss.MaxADC2        drv_monadc2.o
    0x2000949c        -       0x00000004   Zero   RW          315    .bss.MinADC0        drv_monadc0.o
    0x200094a0        -       0x00000020   Zero   RW          355    .bss.MinADC1        drv_monadc1.o
    0x200094c0        -       0x0000000c   Zero   RW          395    .bss.MinADC2        drv_monadc2.o
    0x200094cc        -       0x00000001   Zero   RW          278    .bss.Mode           drv_leds.o
    0x200094cd        -       0x00000001   Zero   RW          271    .bss.ModeNew        drv_leds.o
    0x200094ce   0x0801ed18   0x00000002   PAD
    0x200094d0        -       0x00000008   Zero   RW          442    .bss.MonpRoutine.TO  drv_monp.o
    0x200094d8        -       0x000000e4   Zero   RW          441    .bss.MonpState      drv_monp.o
    0x200095bc        -       0x00000001   Zero   RW         1064    .bss.NeedResetFlag  unicorn2routine.o
    0x200095bd        -       0x00000003   Zero   RW         1068    .bss.NeedSetSpeedFlag  unicorn2routine.o
    0x200095c0        -       0x00000001   Zero   RW         1065    .bss.NumUARTResetFlag  unicorn2routine.o
    0x200095c1   0x0801ed18   0x00000003   PAD
    0x200095c4        -       0x00000004   Zero   RW          555    .bss.NumberOfBytesRxFIFO  drv_uart.o
    0x200095c8        -       0x00000008   Zero   RW          586    .bss.OPPowerRoutine.T  drv_icp.o
    0x200095d0        -       0x00000008   Zero   RW          706    .bss.OneMinTO       devicetemperaturestatistics.o
    0x200095d8        -       0x00000008   Zero   RW         1164    .bss.OneMinTO       deviceusagestatistics.o
    0x200095e0        -       0x00000090   Zero   RW         1022    .bss.PacketParserParam  packetparser.o
    0x20009670        -       0x00000003   Zero   RW         1069    .bss.PacketParser_NeedSetModbusAddress  unicorn2routine.o
    0x20009673        -       0x00000001   Zero   RW          270    .bss.PingActiviti   drv_leds.o
    0x20009674        -       0x00000004   Zero   RW          557    .bss.PopIndexToRxFIFO  drv_uart.o
    0x20009678        -       0x00000004   Zero   RW          556    .bss.PushIndexToRxFIFO  drv_uart.o
    0x2000967c        -       0x00000008   Zero   RW          151    .bss.ROM_NO         drv_1w.o
    0x20009684        -       0x00000f54   Zero   RW          940    .bss.RS485State     drv_rs485x.o
    0x2000a5d8        -       0x00000001   Zero   RW          787    .bss.ReadDeviceTypeVersion  commandparser.o
    0x2000a5d9        -       0x00000001   Zero   RW         1062    .bss.ResetFlag      unicorn2routine.o
    0x2000a5da        -       0x00000001   Zero   RW           71    .bss.RoutineCheckBUE.Init  checkbue.o
    0x2000a5db        -       0x00000001   Zero   RW           70    .bss.RoutineCheckBUE.InitFisrt  checkbue.o
    0x2000a5dc        -       0x00000001   Zero   RW           72    .bss.RoutineCheckBUE.InitVoltage  checkbue.o
    0x2000a5dd   0x0801ed18   0x00000003   PAD
    0x2000a5e0        -       0x00000004   Zero   RW           76    .bss.RoutineCheckBUE.MonpErrorCount  checkbue.o
    0x2000a5e4        -       0x00000004   Zero   RW           75    .bss.RoutineCheckBUE.MonpPassCount  checkbue.o
    0x2000a5e8        -       0x00000008   Zero   RW           73    .bss.RoutineCheckBUE.TOStatus  checkbue.o
    0x2000a5f0        -       0x00000008   Zero   RW           74    .bss.RoutineCheckBUE.TOVoltage  checkbue.o
    0x2000a5f8        -       0x00000001   Zero   RW          657    .bss.RoutineDin.Num  drv_din.o
    0x2000a5f9        -       0x00000001   Zero   RW          280    .bss.RoutineErrorLED.LED  drv_leds.o
    0x2000a5fa   0x0801ed18   0x00000006   PAD
    0x2000a600        -       0x00000008   Zero   RW          279    .bss.RoutineErrorLED.LEDTO  drv_leds.o
    0x2000a608        -       0x00000001   Zero   RW          275    .bss.RoutineHearLED.HLEDUpdeteAppState  drv_leds.o
    0x2000a609        -       0x00000001   Zero   RW          277    .bss.RoutineHearLED.LED  drv_leds.o
    0x2000a60a   0x0801ed18   0x00000006   PAD
    0x2000a610        -       0x00000008   Zero   RW          276    .bss.RoutineHearLED.LEDTO  drv_leds.o
    0x2000a618        -       0x0000000c   Zero   RW         1792    .bss.RtuFrameErrors  modbusrturoutine.o
    0x2000a624        -       0x0000000c   Zero   RW         1789    .bss.RtuIndex       modbusrturoutine.o
    0x2000a630        -       0x00000006   Zero   RW         1791    .bss.RtuLastTick    modbusrturoutine.o
    0x2000a636        -       0x00000003   Zero   RW         1788    .bss.RtuMode        modbusrturoutine.o
    0x2000a639   0x0801ed18   0x00000003   PAD
    0x2000a63c        -       0x0000000c   Zero   RW         1790    .bss.RtuSize        modbusrturoutine.o
    0x2000a648        -       0x00000006   Zero   RW         1787    .bss.RtuT15Us       modbusrturoutine.o
    0x2000a64e        -       0x00000006   Zero   RW         1786    .bss.RtuT35Us       modbusrturoutine.o
    0x2000a654   0x0801ed18   0x00000004   PAD
    0x2000a658        -       0x00000018   Zero   RW         1793    .bss.RtuTxTO        modbusrturoutine.o
    0x2000a670   0x0801ed18   0x00000090   PAD
    0x2000a700        -       0x00000100   Zero   RW          558    .bss.RxFIFO         drv_uart.o
    0x2000a800        -       0x00000004   Zero   RW          399    .bss.SCoun          drv_monadc2.o
    0x2000a804        -       0x00000004   Zero   RW          319    .bss.SCount         drv_monadc0.o
    0x2000a808        -       0x00000004   Zero   RW          359    .bss.SCount         drv_monadc1.o
    0x2000a80c        -       0x00000004   Zero   RW          314    .bss.SMaxADC0       drv_monadc0.o
    0x2000a810        -       0x00000020   Zero   RW          354    .bss.SMaxADC1       drv_monadc1.o
    0x2000a830        -       0x0000000c   Zero   RW          394    .bss.SMaxADC2       drv_monadc2.o
    0x2000a83c        -       0x00000004   Zero   RW          312    .bss.SMinADC0       drv_monadc0.o
    0x2000a840        -       0x00000020   Zero   RW          352    .bss.SMinADC1       drv_monadc1.o
    0x2000a860        -       0x0000000c   Zero   RW          392    .bss.SMinADC2       drv_monadc2.o
    0x2000a86c        -       0x00000034   Zero   RW           14    .bss.SPmtdDev       main_application.o
    0x2000a8a0        -       0x00000008   Zero   RW          311    .bss.SSumADC0       drv_monadc0.o
    0x2000a8a8        -       0x00000040   Zero   RW          351    .bss.SSumADC1       drv_monadc1.o
    0x2000a8e8        -       0x00000018   Zero   RW          391    .bss.SSumADC2       drv_monadc2.o
    0x2000a900        -       0x00000001   Zero   RW          585    .bss.State          drv_icp.o
    0x2000a901        -       0x00000001   Zero   RW          584    .bss.StateOut       drv_icp.o
    0x2000a902   0x0801ed18   0x00000002   PAD
    0x2000a904        -       0x00000004   Zero   RW           68    .bss.StatusBUE      checkbue.o
    0x2000a908        -       0x00000008   Zero   RW          310    .bss.SumADC0        drv_monadc0.o
    0x2000a910        -       0x00000040   Zero   RW          350    .bss.SumADC1        drv_monadc1.o
    0x2000a950        -       0x00000018   Zero   RW          390    .bss.SumADC2        drv_monadc2.o
    0x2000a968        -       0x00000008   Zero   RW          583    .bss.TO             drv_icp.o
    0x2000a970        -       0x00000008   Zero   RW          981    .bss.TimeCounter    drv_time.o
    0x2000a978        -       0x00000001   Zero   RW          941    .bss.Timer12Inited  drv_rs485x.o
    0x2000a979   0x0801ed18   0x00000007   PAD
    0x2000a980        -       0x00000008   Zero   RW         1066    .bss.TransmitCompTO  unicorn2routine.o
    0x2000a988        -       0x00000001   Zero   RW          710    .bss.TryWrite.Error  devicetemperaturestatistics.o
    0x2000a989        -       0x00000001   Zero   RW         1169    .bss.TryWrite.Error  deviceusagestatistics.o
    0x2000a98a        -       0x00000001   Zero   RW         1063    .bss.UARTNumber     unicorn2routine.o
    0x2000a98b        -       0x00000010   Zero   RW         1256    .bss.UUID           lockunlock.o
    0x2000a99b   0x0801ed18   0x00000001   PAD
    0x2000a99c        -       0x00000010   Zero   RW         1072    .bss.Unicorn2Routine.IndexBuff  unicorn2routine.o
    0x2000a9ac        -       0x00000004   Zero   RW         1070    .bss.Unicorn2Routine.Init  unicorn2routine.o
    0x2000a9b0        -       0x00000004   Zero   RW         1071    .bss.Unicorn2Routine.Mode  unicorn2routine.o
    0x2000a9b4        -       0x00000010   Zero   RW         1073    .bss.Unicorn2Routine.SizeBuff  unicorn2routine.o
    0x2000a9c4   0x0801ed18   0x00000004   PAD
    0x2000a9c8        -       0x00000020   Zero   RW         1074    .bss.Unicorn2Routine.TxTO  unicorn2routine.o
    0x2000a9e8        -       0x00000040   Zero   RW         1075    .bss.Unicorn2RoutineParam  unicorn2routine.o
    0x2000aa28        -       0x00000080   Zero   RW          783    .bss.UnitDescriptionBuf  commandparser.o
    0x2000aaa8        -       0x0000000b   Zero   RW         1193    .bss.gLogger        logger.o
    0x2000aab3        -       0x00000015   Zero   RW          530    .bss.gParamApp      paramapp.o
    0x2000aac8        -       0x0000003c   Zero   RW         1228    .bss.gParamSystem   paramsystem.o
    0x2000ab04        -       0x00000010   Zero   RW         1678    .bss.lookahead_buffer  lfs_storage.o
    0x2000ab14   0x0801ed18   0x00000004   PAD
    0x2000ab18        -       0x00000008   Zero   RW           15    .bss.main.TOModeWork  main_application.o
    0x2000ab20        -       0x00000080   Zero   RW         1675    .bss.main_storage   lfs_storage.o
    0x2000aba0        -       0x00000001   Zero   RW          533    .bss.needToSave     paramapp.o
    0x2000aba1        -       0x00000001   Zero   RW         1231    .bss.needToSave     paramsystem.o
    0x2000aba2   0x0801ed18   0x00000002   PAD
    0x2000aba4        -       0x00000004   Zero   RW          527    .bss.pStorage       paramapp.o
    0x2000aba8        -       0x00000004   Zero   RW          707    .bss.pStorage       devicetemperaturestatistics.o
    0x2000abac        -       0x00000004   Zero   RW         1165    .bss.pStorage       deviceusagestatistics.o
    0x2000abb0        -       0x00000004   Zero   RW         1225    .bss.pStorage       paramsystem.o
    0x2000abb4        -       0x00000040   Zero   RW         1677    .bss.prog_buffer    lfs_storage.o
    0x2000abf4        -       0x00000040   Zero   RW         1676    .bss.read_buffer    lfs_storage.o
    0x2000ac34        -       0x00000060   Zero   RW          147    .bss.rx_buffer      drv_1w.o
    0x2000ac94   0x0801ed18   0x00000004   PAD
    0x2000ac98        -       0x00000008   Zero   RW          532    .bss.timeToWrite    paramapp.o
    0x2000aca0        -       0x00000008   Zero   RW         1230    .bss.timeToWrite    paramsystem.o
    0x2000aca8        -       0x00000060   Zero   RW          146    .bss.tx_buffer      drv_1w.o
    0x2000ad08        -       0x00000080   Zero   RW         2705    HEAP                startup_gd32f450_470.o
    0x2000ad88        -       0x00004000   Zero   RW         2704    STACK               startup_gd32f450_470.o


==============================================================================

Image component sizes


      Code (inc. data)   RO Data    RW Data    ZI Data      Debug   Object Name

       410          0          0          0          0       1979   accessflash.o
      2892        160        787          0          0       4524   accessfloatparam.o
      3900        140        720          0          0       4930   accessintparam.o
      8394        332       1700          0          0      10068   accesstelemparam.o
      1776         40          0          0         35       4544   checkbue.o
       896         32          0          0         13       2978   checkenviron.o
       694          8          0          0          0       1573   commandflashmem.o
       272         18          0          0          0        924   commandparcermodbus.o
      1304          0        127          4        129       7710   commandparser.o
       770         12          6          0          0       3677   commandparserfloatparam.o
       464          0          0          0          0       2545   commandparserfunction.o
       698         12          6          0          0       3144   commandparserintparam.o
       652          0          0          0          0       4143   commandparsertelemparam.o
       406          0        512          0          0       1537   crc16.o
        66          0       1024          0          0        861   crc32ethernet.o
        80          0        256          0          0        874   crc8_ccitt.o
        90          0         12          0          0       2616   dbg_console.o
      1266          4         23          1        299       7150   devicetemperaturestatistics.o
       762          0         22          1         33       5411   deviceusagestatistics.o
      2990          0         32          0        203      10068   drv_1w.o
      1264         16          0          0         65       4814   drv_din.o
      2282         44          0          0         81       4959   drv_ds18b20.o
      1996          0         96          0          0       6961   drv_eeprom.o
         6          0          0          0          0        510   drv_exwdt.o
      1478         40          0          0         19       4539   drv_icp.o
       286          0         11          0          0       1755   drv_internalfmc.o
       638         16          0          0          8       2678   drv_kuop.o
      1818         14          0          2         24       5724   drv_leds.o
      1920         12          8          0        193       8344   drv_monadc0.o
      2268          4         64          0       1481       8657   drv_monadc1.o
      2068          4         24          0        561       8424   drv_monadc2.o
       996          0          0          0        236       5143   drv_monp.o
       322          0          0          0          0       2494   drv_powersync.o
      2086          0          0          0       3925      10244   drv_rs485x.o
      1052          4          0          0          0       5233   drv_spi.o
       112          0          0          0          0       2444   drv_testpinkt.o
       806          0          0          0          8       3588   drv_time.o
       636          0          0          0        268       6288   drv_uart.o
       220          0         33          0          0       1219   drv_unicorn2eeprom.o
       152          0          0          0          0       2330   drv_uuid.o
       204          0          0          0          0        663   errorhandler.o
      1410          0          0          0          0      10431   gd32f4xx_adc.o
      2588         64          0          0          0       8629   gd32f4xx_dma.o
       566          0          0          0          0       7722   gd32f4xx_fmc.o
       604          0          0          0          0       4998   gd32f4xx_gpio.o
       326          0          0          0          0       3102   gd32f4xx_misc.o
       530          4          0          0          0      15063   gd32f4xx_rcu.o
       482          0          0          0          0       8981   gd32f4xx_spi.o
      2052         20          0          0          0      17277   gd32f4xx_timer.o
      1168          0          0          0          0      11918   gd32f4xx_usart.o
     28238          0       3323          0          0      66185   lfs.o
       394          0        112         84        272       4515   lfs_storage.o
       102          0         64          0          0        977   lfs_util.o
       342          0         98         12         19       2140   lockunlock.o
       208          0         36          0         11       2907   logger.o
       648          0          0          0         60       7859   main_application.o
       354          0          0          0          0       1367   modbusrtuframe.o
      1738          0        101          0        849       4148   modbusrturoutine.o
        94          0          0          0          0       5330   modbusutils.o
      1558         24         37          0        144       4011   packetparser.o
       870          0         14        161         38       5733   paramapp.o
       838          0         17          1         77       6124   paramsystem.o
       276          0         55          0          0       1549   readfilerecord.o
       384          0          0          0          0       3796   readholdingregisters.o
       288          0          0          0          0       1227   readinputregisters.o
        72         30        428          0      16512        944   startup_gd32f450_470.o
       608          0          0          0          0       2615   system_gd32f4xx.o
      2376          0         19          0      34154       4469   unicorn2routine.o
       130         10          0          0          0        579   unicorn_uart_speed.o
       368          0          0          0          0       3824   writemultipleregisters.o
       196          0          0          0          0       3494   writesingleregister.o

    ----------------------------------------------------------------------
    101766       1064       9804        268      60180     400181   Object Totals
         0          0         32          0          0          0   (incl. Generated)
       566          0          5          2        463          0   (incl. Padding)

    ----------------------------------------------------------------------

      Code (inc. data)   RO Data    RW Data    ZI Data      Debug   Library Member Name

         8          0          0          0          0         68   __main.o
       392          4         17          0          0         92   __printf_flags_ss_wp.o
        14          0          0          0          0         68   __printf_wp.o
         0          0          0          0          0          0   __rtentry.o
        12          0          0          0          0          0   __rtentry2.o
         6          0          0          0          0          0   __rtentry4.o
        52          8          0          0          0          0   __scatter.o
        26          0          0          0          0          0   __scatter_copy.o
        28          0          0          0          0          0   __scatter_zi.o
        72          0          0          0          0         96   _c16rtomb.o
         0          0         12          0          0          0   _monlen.o
         6          0          0          0          0          0   _printf_a.o
         6          0          0          0          0          0   _printf_c.o
        44          0          0          0          0        108   _printf_char.o
        48          6          0          0          0         96   _printf_char_common.o
        36          4          0          0          0         80   _printf_char_file.o
        40          0          0          0          0         68   _printf_charcount.o
         6          0          0          0          0          0   _printf_d.o
       120         16          0          0          0         92   _printf_dec.o
         6          0          0          0          0          0   _printf_e.o
         6          0          0          0          0          0   _printf_f.o
      1052          0          0          0          0        148   _printf_fp_dec.o
       764          8         38          0          0        100   _printf_fp_hex.o
       128         16          0          0          0         84   _printf_fp_infnan.o
         6          0          0          0          0          0   _printf_g.o
       148          4         40          0          0        160   _printf_hex_int_ll_ptr.o
         6          0          0          0          0          0   _printf_i.o
       178          0          0          0          0         88   _printf_intcommon.o
        10          0          0          0          0          0   _printf_l.o
         6          0          0          0          0          0   _printf_lc.o
        10          0          0          0          0          0   _printf_ll.o
         6          0          0          0          0          0   _printf_lld.o
         6          0          0          0          0          0   _printf_lli.o
         6          0          0          0          0          0   _printf_llo.o
         6          0          0          0          0          0   _printf_llu.o
         6          0          0          0          0          0   _printf_llx.o
       124         16          0          0          0         92   _printf_longlong_dec.o
         6          0          0          0          0          0   _printf_ls.o
         6          0          0          0          0          0   _printf_n.o
         6          0          0          0          0          0   _printf_o.o
       112          8          0          0          0        124   _printf_oct_int_ll.o
         6          0          0          0          0          0   _printf_p.o
        78          0          0          0          0        108   _printf_pad.o
         0          0          0          0          0          0   _printf_percent.o
         4          0          0          0          0          0   _printf_percent_end.o
         6          0          0          0          0          0   _printf_s.o
        82          0          0          0          0         80   _printf_str.o
        36          0          0          0          0         84   _printf_truncate.o
         6          0          0          0          0          0   _printf_u.o
        44          0          0          0          0        108   _printf_wchar.o
       188          6          8          0          0         92   _printf_wctomb.o
         6          0          0          0          0          0   _printf_x.o
        16          0          0          0          0         68   _snputc.o
        10          0          0          0          0         68   _sputc.o
        22          0          0          0          0         80   abort.o
        16          0          0          0          0         68   aeabi_memset.o
       128         42          0          0          0         76   assert.o
        24          6          0          0          0         80   assert_stdio.o
       228          4        148          0          0         96   bigflt0.o
      1936        128          0          0          0        668   btod.o
        48         34          0          0          0         76   defsig_abrt_inner.o
        14          0          0          0          0         80   defsig_abrt_outer.o
        10          0          0          0          0         68   defsig_exit.o
        50          0          0          0          0         88   defsig_general.o
        80         58          0          0          0         76   defsig_rtmem_inner.o
        14          0          0          0          0         80   defsig_rtmem_outer.o
        52         38          0          0          0         76   defsig_rtred_inner.o
        14          0          0          0          0         80   defsig_rtred_outer.o
        18          0          0          0          0         80   exit.o
        76          0          0          0          0         88   fclose.o
         8          0          0          0          0         68   ferror.o
       100          4          0          0          0        120   fflush.o
       470          0          0          0          0         88   flsbuf.o
       240          6          0          0          0        128   fopen.o
        26          0          0          0          0         68   fputc.o
        34          0          0          0          0         80   fputs.o
       248          6          0          0          0         84   fseek.o
        66          0          0          0          0         76   ftell.o
        94          0          0          0          0         80   h1_alloc.o
        52          0          0          0          0         68   h1_extend.o
        78          0          0          0          0         80   h1_free.o
        14          0          0          0          0         84   h1_init.o
         6          0          0          0          0        152   heapauxi.o
         4          0          0          0          0        136   hguard.o
       138          0          0          0          0        168   init_alloc.o
       312         46          0          0          0        112   initio.o
        44         10        272          0          0         76   lc_ctype_c.o
        44         10         28          0          0         76   lc_numeric_c.o
         2          0          0          0          0          0   libinit.o
        54          0          0          0          0          0   libinit2.o
         2          0          0          0          0          0   libshutdown.o
         6          0          0          0          0          0   libshutdown2.o
         8          4          0          0         96         68   libspace.o
       138          0          0          0          0         80   lludiv10.o
       240          0          0          0          0        100   lludivv7m.o
       184          6          0          0          0         80   localtime_internal.o
         0          0          0          0          0          0   maybetermalloc1.o
        88          0          0          0          0         76   memcmp.o
        24          4          0          0          0         84   printf.o
        16          4          0          0          0         76   rt_ctype_table.o
         8          4          0          0          0         68   rt_errno_addr_intlibspace.o
         8          4          0          0          0         68   rt_heap_descriptor_intlibspace.o
         8          4          0          0          0         68   rt_locale_intlibspace.o
        68          0          0          0          0         68   rt_memclr.o
        78          0          0          0          0         80   rt_memclr_w.o
       138          0          0          0          0         68   rt_memcpy_v6.o
       100          0          0          0          0         80   rt_memcpy_w.o
         2          0          0          0          0          0   rtexit.o
        10          0          0          0          0          0   rtexit2.o
        70          0          0          0          0         80   setvbuf.o
        56          6          0          0          0         88   snprintf.o
        44          6          0          0          0         84   sprintf.o
       240          6          0          0          0        156   stdio.o
         0          0          0         12        252          0   stdio_streams.o
       124          0          0          0          0         88   strcmpv7em.o
        32          0          0          0          0         80   strcspn.o
        86          0          0          0          0         76   strncpy.o
        28          0          0          0          0         80   strspn.o
        74          0          0          0          0         80   sys_stackheap_outer.o
        30          0          0          0          0         76   toupper.o
         2          0          0          0          0         68   use_no_semi.o
         2          0          0          0          0         68   use_no_semi_2.o
        12          4          0          0          0         68   vprintf.o
        98          4          0          0          0        140   d2f.o
       812         16          0          0          0        392   daddsub_clz.o
        84          0          0          0          0        244   dcmp.o
        24          0          0          0          0        116   dcmpi.o
       692        140          0          0          0        264   ddiv.o
       120          4          0          0          0        140   deqf.o
       120          4          0          0          0        140   dgeqf.o
       120          4          0          0          0        140   dleqf.o
       340         12          0          0          0        152   dmul.o
       156          4          0          0          0        140   dnaninf.o
        12          0          0          0          0        116   dretinf.o
        86          4          0          0          0        132   f2d.o
        96          0          0          0          0        132   ffltll_clz.o
       140          4          0          0          0        132   fnaninf.o
        26          0          0          0          0        116   fpinit.o
        10          0          0          0          0        116   fretinf.o
         4          0          0          0          0        116   printf1.o
         4          0          0          0          0        116   printf2.o
         0          0          0          0          0          0   usenofp.o
        48          0          0          0          0        124   fpclassify.o

    ----------------------------------------------------------------------
     13710        740        564         12        348      10900   Library Totals
        26          4          1          0          0          0   (incl. Padding)

    ----------------------------------------------------------------------

      Code (inc. data)   RO Data    RW Data    ZI Data      Debug   Library Name

     10692        540        563         12        348       7932   c_w.l
      2944        196          0          0          0       2844   fz_wm.l
        48          0          0          0          0        124   m_wm.l

    ----------------------------------------------------------------------
     13710        740        564         12        348      10900   Library Totals

    ----------------------------------------------------------------------

==============================================================================


      Code (inc. data)   RO Data    RW Data    ZI Data      Debug   

    115476       1804      10368        280      60528     403325   Grand Totals
    115476       1804      10368        280      60528     403325   ELF Image Totals
    115476       1804      10368        280          0          0   ROM Totals

==============================================================================

    Total RO  Size (Code + RO Data)               125844 ( 122.89kB)
    Total RW  Size (RW Data + ZI Data)             60808 (  59.38kB)
    Total ROM Size (Code + RO Data + RW Data)     126124 ( 123.17kB)

==============================================================================

