<html>
<body>
<pre>
<h1>µVision Build Log</h1>
<h2>Tool Versions:</h2>
IDE-Version: µVision V5.35.0.0
Copyright (C) 2021 ARM Ltd and ARM Germany GmbH. All rights reserved.
License Information: ÃËı‡ËÎ user, ..., LIC=X96CK-ZEDPE-RATDM-XQJLU-3KTDG-3AB7N
 
Tool Versions:
Toolchain:       MDK-ARM Plus  Version: 5.35.0.2
Toolchain Path:  C:\Keil_v5\ARM\ARMCLANG\Bin
C Compiler:      ArmClang.exe V6.16
Assembler:       Armasm.exe V6.16
Linker/Locator:  ArmLink.exe V6.16
Library Manager: ArmAr.exe V6.16
Hex Converter:   FromElf.exe V6.16
CPU DLL:         SARMCM3.DLL V5.35.0.2
Dialog DLL:      DCM.DLL V1.17.3.0
Target DLL:      Segger\JL2CM3.dll V2.99.40.0
Dialog DLL:      TCM.DLL V1.53.0.0
 
<h2>Project:</h2>
C:\Users\Andrew\Desktop\projects\boe_c\boe_c\Amp_AE_Analog\GD32F470Z\BUE-8_GD32F470Z.uvprojx
Project File Date:  06/02/2026

<h2>Output:</h2>
*** Using Compiler 'V6.16', folder: 'C:\Keil_v5\ARM\ARMCLANG\Bin'
Rebuild target 'Target 1'
compiling CheckBUE.c...
compiling CheckEnviron.c...
compiling main_application.c...
compiling drv_1W.c...
compiling drv_DS18B20.c...
compiling drv_EEPROM.c...
compiling drv_ExWDT.c...
compiling drv_LEDs.c...
compiling drv_MonADC0.c...
compiling drv_MonADC1.c...
compiling drv_MonADC2.c...
compiling drv_Monp.c...
compiling drv_SPI.c...
compiling drv_TestPinKT.c...
compiling ParamApp.c...
compiling drv_UART.c...
compiling drv_ICP.c...
compiling drv_KuOP.c...
compiling drv_PowerSync.c...
compiling drv_Unicorn2EEPROM.c...
compiling drv_DIn.c...
compiling DeviceTemperatureStatistics.c...
compiling AccessFloatParam.c...
compiling AccessFlash.c...
compiling AccessIntParam.c...
compiling AccessTelemParam.c...
compiling CommandParserFloatParam.c...
compiling CommandParser.c...
compiling CommandParserFunction.c...
compiling CommandParserIntParam.c...
compiling CommandParserTelemParam.c...
compiling crc8_CCITT.c...
compiling CommandFlashMem.c...
compiling crc16.c...
compiling drv_RS485x.c...
compiling drv_time.c...
compiling drv_UUID.c...
compiling unicorn_uart_speed.c...
compiling PacketParser.c...
compiling Unicorn2Routine.c...
compiling crc32Ethernet.c...
compiling dbg_console.c...
compiling DeviceUsageStatistics.c...
compiling logger.c...
compiling ParamSystem.c...
compiling LockUnlock.c...
compiling drv_InternalFMC.c...
compiling lfs_storage.c...
compiling lfs_util.c...
compiling CommandParcerModbus.c...
compiling lfs.c...
compiling ErrorHandler.c...
Modbus/ModbusRtuFrame.c(85): warning: implicit declaration of function 'calculate_modbus_crc' is invalid in C99 [-Wimplicit-function-declaration]
        uint16_t crc = calculate_modbus_crc(Buff, 1 + pduSize);
                       ^
1 warning generated.
compiling ModbusRtuFrame.c...
compiling ModbusUtils.c...
compiling ReadHoldingRegisters.c...
compiling ReadInputRegisters.c...
compiling WriteSingleRegister.c...
compiling WriteMultipleRegisters.c...
compiling ModbusRtuRoutine.c...
compiling gd32f4xx_crc.c...
compiling gd32f4xx_adc.c...
compiling gd32f4xx_dbg.c...
compiling gd32f4xx_dma.c...
compiling gd32f4xx_fmc.c...
compiling gd32f4xx_gpio.c...
compiling gd32f4xx_misc.c...
compiling gd32f4xx_pmu.c...
compiling gd32f4xx_rcu.c...
compiling gd32f4xx_spi.c...
compiling gd32f4xx_syscfg.c...
compiling gd32f4xx_usart.c...
compiling gd32f4xx_timer.c...
assembling startup_gd32f450_470.s...
compiling system_gd32f4xx.c...
linking...
Program Size: Code=115156 RO-data=10312 RW-data=280 ZI-data=60528  
FromELF: creating hex file...
".\Objects\BUE-8_GD32F470Z.axf" - 0 Error(s), 1 Warning(s).

<h2>Software Packages used:</h2>

Package Vendor: ARM
                https://www.keil.com/pack/ARM.CMSIS.6.3.0.pack
                ARM.CMSIS.6.3.0
                CMSIS (Common Microcontroller Software Interface Standard)
   * Component: CORE Version: 6.2.0

Package Vendor: GigaDevice
                https://gd32mcu.com/data/documents/pack/GigaDevice.GD32F4xx_DFP.3.1.0.pack
                GigaDevice.GD32F4xx_DFP.3.1.0
                GigaDevice GD32F4xx Series Device Support and Examples
   * Component: Libopt Version: 3.0.2
   * Component: Startup Version: 3.0.2
   * Component: ADC Version: 3.0.2
   * Component: CRC Version: 3.0.2
   * Component: DBG Version: 3.0.2
   * Component: DMA Version: 3.0.2
   * Component: FMC Version: 3.0.2
   * Component: GPIO Version: 3.0.2
   * Component: MISC Version: 3.0.2
   * Component: PMU Version: 3.0.2
   * Component: RCU Version: 3.0.2
   * Component: SPI_I2S Version: 3.0.2
   * Component: SYSCFG Version: 3.0.2
   * Component: TIMER Version: 3.0.2
   * Component: USART Version: 3.0.2

<h2>Collection of Component include folders:</h2>
  .\RTE\_Target_1
  C:\Users\user\AppData\Local\Arm\Packs\ARM\CMSIS\6.3.0\CMSIS\Core\Include
  C:\Users\user\AppData\Local\Arm\Packs\GigaDevice\GD32F4xx_DFP\3.1.0\Device\F4XX\Firmware\Peripherals\inc
  C:\Users\user\AppData\Local\Arm\Packs\GigaDevice\GD32F4xx_DFP\3.1.0\Device\F4XX\Include

<h2>Collection of Component Files used:</h2>

   * Component: ARM::CMSIS:CORE:6.2.0

   * Component: GigaDevice::Device:Libopt:3.0.2
      Include file:  Device\F4XX\Include\gd32f4xx_libopt.h

   * Component: GigaDevice::Device:Startup:3.0.2
      Source file:   Device\F4XX\Source\ARM\startup_gd32f450_470.s
      Source file:   Device\F4XX\Source\system_gd32f4xx.c
      Include file:  Device\F4XX\Include\gd32f4xx.h

   * Component: GigaDevice::Device:StdPeripherals:ADC:3.0.2
      Source file:   Device\F4XX\Firmware\Peripherals\src\gd32f4xx_adc.c
      Include file:  Device\F4XX\Firmware\Peripherals\inc\gd32f4xx_adc.h

   * Component: GigaDevice::Device:StdPeripherals:CRC:3.0.2
      Include file:  Device\F4XX\Firmware\Peripherals\inc\gd32f4xx_crc.h
      Source file:   Device\F4XX\Firmware\Peripherals\src\gd32f4xx_crc.c

   * Component: GigaDevice::Device:StdPeripherals:DBG:3.0.2
      Source file:   Device\F4XX\Firmware\Peripherals\src\gd32f4xx_dbg.c
      Include file:  Device\F4XX\Firmware\Peripherals\inc\gd32f4xx_dbg.h

   * Component: GigaDevice::Device:StdPeripherals:DMA:3.0.2
      Source file:   Device\F4XX\Firmware\Peripherals\src\gd32f4xx_dma.c
      Include file:  Device\F4XX\Firmware\Peripherals\inc\gd32f4xx_dma.h

   * Component: GigaDevice::Device:StdPeripherals:FMC:3.0.2
      Source file:   Device\F4XX\Firmware\Peripherals\src\gd32f4xx_fmc.c
      Include file:  Device\F4XX\Firmware\Peripherals\inc\gd32f4xx_fmc.h

   * Component: GigaDevice::Device:StdPeripherals:GPIO:3.0.2
      Include file:  Device\F4XX\Firmware\Peripherals\inc\gd32f4xx_gpio.h
      Source file:   Device\F4XX\Firmware\Peripherals\src\gd32f4xx_gpio.c

   * Component: GigaDevice::Device:StdPeripherals:MISC:3.0.2
      Include file:  Device\F4XX\Firmware\Peripherals\inc\gd32f4xx_misc.h
      Source file:   Device\F4XX\Firmware\Peripherals\src\gd32f4xx_misc.c

   * Component: GigaDevice::Device:StdPeripherals:PMU:3.0.2
      Include file:  Device\F4XX\Firmware\Peripherals\inc\gd32f4xx_pmu.h
      Source file:   Device\F4XX\Firmware\Peripherals\src\gd32f4xx_pmu.c

   * Component: GigaDevice::Device:StdPeripherals:RCU:3.0.2
      Source file:   Device\F4XX\Firmware\Peripherals\src\gd32f4xx_rcu.c
      Include file:  Device\F4XX\Firmware\Peripherals\inc\gd32f4xx_rcu.h

   * Component: GigaDevice::Device:StdPeripherals:SPI_I2S:3.0.2
      Include file:  Device\F4XX\Firmware\Peripherals\inc\gd32f4xx_spi.h
      Source file:   Device\F4XX\Firmware\Peripherals\src\gd32f4xx_spi.c

   * Component: GigaDevice::Device:StdPeripherals:SYSCFG:3.0.2
      Source file:   Device\F4XX\Firmware\Peripherals\src\gd32f4xx_syscfg.c
      Include file:  Device\F4XX\Firmware\Peripherals\inc\gd32f4xx_syscfg.h

   * Component: GigaDevice::Device:StdPeripherals:TIMER:3.0.2
      Include file:  Device\F4XX\Firmware\Peripherals\inc\gd32f4xx_timer.h
      Source file:   Device\F4XX\Firmware\Peripherals\src\gd32f4xx_timer.c

   * Component: GigaDevice::Device:StdPeripherals:USART:3.0.2
      Source file:   Device\F4XX\Firmware\Peripherals\src\gd32f4xx_usart.c
      Include file:  Device\F4XX\Firmware\Peripherals\inc\gd32f4xx_usart.h
Build Time Elapsed:  00:00:15
</pre>
</body>
</html>
